[INFO] [launch]: All log files can be found below /home/jkjkzhang/lidar_project/.usv_logs/ros/2026-08-29-20-45-47-721132-jkjkzhang-TX-Gaming-FX608JPR-FX608JPR-54326
[INFO] [launch]: Default logging verbosity is set to INFO
[INFO] [cloud_filter-1]: process started with pid [54387]
[INFO] [pointlio_mapping-2]: process started with pid [54388]
[INFO] [static_transform_publisher-3]: process started with pid [54389]
[INFO] [nice-4]: process started with pid [54390]
[static_transform_publisher-3] [INFO] [1788007547.864960702] [aft_mapped_to_base_link]: Spinning until stopped - publishing transform
[static_transform_publisher-3] translation: ('0.000000', '0.000000', '0.000000')
[static_transform_publisher-3] rotation: ('0.000000', '0.000000', '0.000000', '1.000000')
[static_transform_publisher-3] from 'aft_mapped' to 'wamv/wamv/base_link'
[pointlio_mapping-2] Multi thread started 
[pointlio_mapping-2] lidar_type: 2
[pointlio_mapping-2] ~~~~/home/jkjkzhang/lidar_project/src/point_lio_ros2/ file opened
[nice-4] [INFO] [1788007548.464512007] [rviz2]: Stereo is NOT SUPPORTED
[nice-4] [INFO] [1788007548.464630960] [rviz2]: OpenGl version: 4.6 (GLSL 4.6)
[nice-4] [INFO] [1788007548.483166175] [rviz2]: Stereo is NOT SUPPORTED
[nice-4] [INFO] [1788007548.565979595] [rviz]: Subscribing to: /cloud_effected
[nice-4] 
[nice-4] [INFO] [1788007548.566528639] [rviz]: Subscribing to: /cloud_registered
[nice-4] 
[nice-4] [INFO] [1788007548.567006348] [rviz]: Subscribing to: /usv/safety_cloud
[nice-4] 
[nice-4] [INFO] [1788007548.567481057] [rviz]: Subscribing to: /usv/safety_cloud
[nice-4] 
[nice-4] [INFO] [1788007548.567851717] [rviz]: Subscribing to: /Laser_map
[nice-4] 
[nice-4] [INFO] [1788007548.577520394] [rviz]: Subscribing to: /cloud_effected
[nice-4] 
[nice-4] [INFO] [1788007548.578167018] [rviz]: Subscribing to: /cloud_registered
[nice-4] 
[nice-4] [INFO] [1788007548.578716008] [rviz]: Subscribing to: /usv/safety_cloud
[nice-4] 
[nice-4] [INFO] [1788007548.579335422] [rviz]: Subscribing to: /Laser_map
[nice-4] 
[cloud_filter-1] [INFO] [1788007548.753796620] [cloud_filter]: adapting: 69984 -> 22226 pts; dropped 46886 non-finite; sensor z filter enabled at -1.50m; 872 low points dropped; time field appended (0..0.1s over 2187 cols)
[pointlio_mapping-2] first lidar time20.1
[pointlio_mapping-2] [INFO] [1788007549.423571846] [laserMapping]: IMU Initializing: 1.0 %
[pointlio_mapping-2] [WARN] [1788007549.423673914] [laserMapping]: Reset ImuProcess
[pointlio_mapping-2] [INFO] [1788007549.423679731] [laserMapping]: IMU Initializing: 100.0 %
