[INFO] [launch]: All log files can be found below /home/jkjkzhang/lidar_project/.usv_logs/ros/2026-08-29-14-23-01-264552-jkjkzhang-TX-Gaming-FX608JPR-FX608JPR-239784
[INFO] [launch]: Default logging verbosity is set to INFO
[INFO] [cloud_filter-1]: process started with pid [239804]
[INFO] [pointlio_mapping-2]: process started with pid [239805]
[INFO] [static_transform_publisher-3]: process started with pid [239806]
[INFO] [nice-4]: process started with pid [239807]
[static_transform_publisher-3] [INFO] [1787984581.362253841] [aft_mapped_to_base_link]: Spinning until stopped - publishing transform
[static_transform_publisher-3] translation: ('0.000000', '0.000000', '0.000000')
[static_transform_publisher-3] rotation: ('0.000000', '0.000000', '0.000000', '1.000000')
[static_transform_publisher-3] from 'aft_mapped' to 'wamv/wamv/base_link'
[pointlio_mapping-2] Multi thread started 
[pointlio_mapping-2] lidar_type: 2
[pointlio_mapping-2] ~~~~/home/jkjkzhang/lidar_project/src/point_lio_ros2/ file opened
[nice-4] [INFO] [1787984581.599753150] [rviz2]: Stereo is NOT SUPPORTED
[nice-4] [INFO] [1787984581.599831141] [rviz2]: OpenGl version: 4.6 (GLSL 4.6)
[nice-4] [INFO] [1787984581.613506962] [rviz2]: Stereo is NOT SUPPORTED
[nice-4] [INFO] [1787984581.696294604] [rviz]: Subscribing to: /cloud_effected
[nice-4] 
[nice-4] [INFO] [1787984581.697538953] [rviz]: Subscribing to: /cloud_registered
[nice-4] 
[nice-4] [INFO] [1787984581.698257637] [rviz]: Subscribing to: /usv/safety_cloud
[nice-4] 
[nice-4] [INFO] [1787984581.699221315] [rviz]: Subscribing to: /usv/safety_cloud
[nice-4] 
[nice-4] [INFO] [1787984581.700832848] [rviz]: Subscribing to: /Laser_map
[nice-4] 
[nice-4] [INFO] [1787984581.716314426] [rviz]: Subscribing to: /cloud_effected
[nice-4] 
[nice-4] [INFO] [1787984581.717220564] [rviz]: Subscribing to: /cloud_registered
[nice-4] 
[nice-4] [INFO] [1787984581.717920500] [rviz]: Subscribing to: /usv/safety_cloud
[nice-4] 
[nice-4] [INFO] [1787984581.719511305] [rviz]: Subscribing to: /Laser_map
[nice-4] 
[cloud_filter-1] [INFO] [1787984584.141252727] [cloud_filter]: adapting: 69984 -> 21766 pts; dropped 46889 non-finite; sensor z filter enabled at -1.50m; 1329 low points dropped; time field appended (0..0.1s over 2187 cols)
[pointlio_mapping-2] first lidar time21.2
[pointlio_mapping-2] [INFO] [1787984584.308983822] [laserMapping]: IMU Initializing: 1.0 %
[pointlio_mapping-2] [WARN] [1787984584.309212599] [laserMapping]: Reset ImuProcess
[pointlio_mapping-2] [INFO] [1787984584.309224374] [laserMapping]: IMU Initializing: 100.0 %
