start=2026-08-29T20:19:07+08:00
preflight:
[0;36m[USV][0m 启动前强制清理旧 ROS/Gazebo/Nav2 进程...
[0;36m[USV][0m 停止全部 USV 进程...
[0;32m[OK][0m  已停止

[0;36m╔══════════════════════════════════════════════╗[0m
[0;36m║      USV 自主导航全链路启动                 ║[0m
[0;36m╚══════════════════════════════════════════════╝[0m

[0;36m[USV][0m ① 启动 VRX 仿真 (Gazebo)...
[0;36m[USV][0m 启动 sim ...
  → pid 34578  日志: /home/jkjkzhang/lidar_project/.usv_logs/sim.log
[0;36m[USV][0m 等待仿真初始化 (25s)...
[0;36m[USV][0m 启动仿真时钟看门狗...
[0;36m[USV][0m 启动 clock_watchdog ...
  → pid 35430  日志: /home/jkjkzhang/lidar_project/.usv_logs/clock_watchdog.log
[0;36m[USV][0m ② 启动 Point-LIO + 点云视图...
[0;36m[USV][0m 启动 lio ...
  → pid 35489  日志: /home/jkjkzhang/lidar_project/.usv_logs/lio.log
[0;36m[USV][0m 等待 LIO 启动 (10s)...
[0;36m[USV][0m 等待 Point-LIO 首条里程计，确认 camera_init 已建立...
. ✓
[0;36m[USV][0m 确认点云过滤所需 TF camera_init -> base_link...
 ✓
[0;36m[USV][0m 启动水面点云过滤...
[0;36m[USV][0m 启动 cloud_filter ...
  → pid 36118  日志: /home/jkjkzhang/lidar_project/.usv_logs/cloud_filter.log
[0;36m[USV][0m 等待 SafetyCloud 首帧 (确认坐标系与 TF 已就绪)...
.........[1;33m[!!][0m  /usv/safety_cloud 等待超时 (20s)
[1;33m[!!][0m  SafetyCloud 未就绪；为避免 Nav2 Transform/安全链路错误，本次不启动导航栈。
[1;33m[!!][0m  请检查 .usv_logs/cloud_filter.log。
[0;36m[USV][0m 停止全部 USV 进程...
  停止 sim (pid 34578)
  停止 clock_watchdog (pid 35430)
  停止 lio (pid 35489)
  停止 cloud_filter (pid 36118)
[0;32m[OK][0m  已停止
usv_start_rc=1 end=2026-08-29T20:21:08+08:00
