[INFO] [launch]: All log files can be found below /home/jkjkzhang/lidar_project/.usv_logs/ros/2026-08-29-20-45-20-390102-jkjkzhang-TX-Gaming-FX608JPR-FX608JPR-53479
[INFO] [launch]: Default logging verbosity is set to INFO
['xacro', '/home/jkjkzhang/lidar_project/install/wamv_gazebo/share/wamv_gazebo/urdf/wamv_gazebo.urdf.xacro', 'namespace:=wamv', 'locked:=true', 'vrx_sensors_enabled:=true', 'thruster_config:=H']
[INFO] [gazebo-1]: process started with pid [53500]
[INFO] [monitor_sim-2]: process started with pid [53501]
[INFO] [create-3]: process started with pid [53503]
[INFO] [parameter_bridge-4]: process started with pid [53504]
[create-3] [INFO] [1788007520.971007500] [ros_gz_sim]: Requesting list of world names.
[parameter_bridge-4] [INFO] [1788007520.981000284] [ros_gz_bridge]: Creating GZ->ROS Bridge: [/clock (gz.msgs.Clock) -> /clock (rosgraph_msgs/msg/Clock)] (Lazy 0)
[parameter_bridge-4] [INFO] [1788007521.000236195] [ros_gz_bridge]: Creating GZ->ROS Bridge: [/vrx/task/info (gz.msgs.Param) -> /vrx/task/info (ros_gz_interfaces/msg/ParamVec)] (Lazy 0)
[parameter_bridge-4] [INFO] [1788007521.002000868] [ros_gz_bridge]: Creating GZ->ROS Bridge: [/vrx/debug/wind/speed (gz.msgs.Float) -> /vrx/debug/wind/speed (std_msgs/msg/Float32)] (Lazy 0)
[parameter_bridge-4] [INFO] [1788007521.002421725] [ros_gz_bridge]: Creating GZ->ROS Bridge: [/vrx/debug/wind/direction (gz.msgs.Float) -> /vrx/debug/wind/direction (std_msgs/msg/Float32)] (Lazy 0)
[gazebo-1] [1;36m[Dbg] [gz.cc:166] [0m[1;36mSubscribing to [[0m[1;36m/gazebo/starting_world[0m[1;36m].[0m[1;36m[0m
[gazebo-1] [1;36m[Dbg] [gz.cc:168] [0m[1;36mWaiting for a world to be set from the GUI...[0m[1;36m[0m
[gazebo-1] [1;32m[Msg] [0m[1;32mReceived world [[0m[1;32msydney_regatta.sdf[0m[1;32m] from the GUI.[0m[1;32m[0m
[gazebo-1] [1;36m[Dbg] [gz.cc:172] [0m[1;36mUnsubscribing from [[0m[1;36m/gazebo/starting_world[0m[1;36m].[0m[1;36m[0m
[gazebo-1] [1;32m[Msg] [0m[1;32mGazebo Sim Server v[0m[1;32m8.11.0[0m[1;32m[0m
[gazebo-1] [1;32m[Msg] [0m[1;32mLoading SDF world file[[0m[1;32m/home/jkjkzhang/lidar_project/install/vrx_gz/share/vrx_gz/worlds/sydney_regatta.sdf[0m[1;32m].[0m
[gazebo-1] [1;32m[Msg] [0m[1;32mServing entity system service on [[0m[1;32m/[0m[1;32mentity/system/add[0m[1;32m][0m[1;32m[0m
[gazebo-1] [1;36m[Dbg] [Physics.cc:906] [0m[1;36mLoaded [[0m[1;36mgz::physics::dartsim::Plugin[0m[1;36m] from library [[0m[1;36m/opt/ros/jazzy/opt/gz_physics_vendor/lib/gz-physics-7/engine-plugins/libgz-physics-dartsim-plugin.so[0m[1;36m][0m[1;36m[0m
[gazebo-1] [1;36m[Dbg] [SystemManager.cc:80] [0m[1;36mLoaded system [[0m[1;36mgz::sim::systems::Physics[0m[1;36m] for entity [[0m[1;36m1[0m[1;36m][0m[1;36m[0m
[gazebo-1] [1;32m[Msg] [0m[1;32mCreate[0m[1;32m service on [[0m[1;32m/world/sydney_regatta/create_multiple[0m[1;32m] (async)[0m[1;32m[0m
[gazebo-1] [1;32m[Msg] [0m[1;32mCreate[0m[1;32m service on [[0m[1;32m/world/sydney_regatta/create_multiple/blocking[0m[1;32m] (blocking)[0m[1;32m[0m
[gazebo-1] [1;32m[Msg] [0m[1;32mRemove[0m[1;32m service on [[0m[1;32m/world/sydney_regatta/remove[0m[1;32m] (async)[0m[1;32m[0m
[gazebo-1] [1;32m[Msg] [0m[1;32mRemove[0m[1;32m service on [[0m[1;32m/world/sydney_regatta/remove/blocking[0m[1;32m] (blocking)[0m[1;32m[0m
[gazebo-1] [1;32m[Msg] [0m[1;32mPose[0m[1;32m service on [[0m[1;32m/world/sydney_regatta/set_pose[0m[1;32m] (async)[0m[1;32m[0m
[gazebo-1] [1;32m[Msg] [0m[1;32mPose[0m[1;32m service on [[0m[1;32m/world/sydney_regatta/set_pose/blocking[0m[1;32m] (blocking)[0m[1;32m[0m
[gazebo-1] [1;32m[Msg] [0m[1;32mPose[0m[1;32m service on [[0m[1;32m/world/sydney_regatta/set_pose_vector[0m[1;32m] (async)[0m[1;32m[0m
[gazebo-1] [1;32m[Msg] [0m[1;32mPose[0m[1;32m service on [[0m[1;32m/world/sydney_regatta/set_pose_vector/blocking[0m[1;32m] (blocking)[0m[1;32m[0m
[gazebo-1] [1;32m[Msg] [0m[1;32mLight configuration[0m[1;32m service on [[0m[1;32m/world/sydney_regatta/light_config[0m[1;32m] (async)[0m[1;32m[0m
[gazebo-1] [1;32m[Msg] [0m[1;32mLight configuration[0m[1;32m service on [[0m[1;32m/world/sydney_regatta/light_config/blocking[0m[1;32m] (blocking)[0m[1;32m[0m
[gazebo-1] [1;32m[Msg] [0m[1;32mPhysics[0m[1;32m service on [[0m[1;32m/world/sydney_regatta/set_physics[0m[1;32m] (async)[0m[1;32m[0m
[gazebo-1] [1;32m[Msg] [0m[1;32mPhysics[0m[1;32m service on [[0m[1;32m/world/sydney_regatta/set_physics/blocking[0m[1;32m] (blocking)[0m[1;32m[0m
[gazebo-1] [1;32m[Msg] [0m[1;32mSphericalCoordinates[0m[1;32m service on [[0m[1;32m/world/sydney_regatta/set_spherical_coordinates[0m[1;32m] (async)[0m[1;32m[0m
[gazebo-1] [1;32m[Msg] [0m[1;32mSphericalCoordinates[0m[1;32m service on [[0m[1;32m/world/sydney_regatta/set_spherical_coordinates/blocking[0m[1;32m] (blocking)[0m[1;32m[0m
[gazebo-1] [1;32m[Msg] [0m[1;32mEnable collision[0m[1;32m service on [[0m[1;32m/world/sydney_regatta/enable_collision[0m[1;32m] (async)[0m[1;32m[0m
[gazebo-1] [1;32m[Msg] [0m[1;32mEnable collision[0m[1;32m service on [[0m[1;32m/world/sydney_regatta/enable_collision/blocking[0m[1;32m] (blocking)[0m[1;32m[0m
[gazebo-1] [1;32m[Msg] [0m[1;32mDisable collision[0m[1;32m service on [[0m[1;32m/world/sydney_regatta/disable_collision[0m[1;32m] (async)[0m[1;32m[0m
[gazebo-1] [1;32m[Msg] [0m[1;32mDisable collision[0m[1;32m service on [[0m[1;32m/world/sydney_regatta/disable_collision/blocking[0m[1;32m] (blocking)[0m[1;32m[0m
[gazebo-1] [1;32m[Msg] [0m[1;32mMaterial[0m[1;32m service on [[0m[1;32m/world/sydney_regatta/visual_config[0m[1;32m] (async)[0m[1;32m[0m
[gazebo-1] [1;32m[Msg] [0m[1;32mMaterial[0m[1;32m service on [[0m[1;32m/world/sydney_regatta/visual_config/blocking[0m[1;32m] (blocking)[0m[1;32m[0m
[gazebo-1] [1;32m[Msg] [0m[1;32mMaterial[0m[1;32m service on [[0m[1;32m/world/sydney_regatta/wheel_slip[0m[1;32m] (async)[0m[1;32m[0m
[gazebo-1] [1;32m[Msg] [0m[1;32mMaterial[0m[1;32m service on [[0m[1;32m/world/sydney_regatta/wheel_slip/blocking[0m[1;32m] (blocking)[0m[1;32m[0m
[gazebo-1] [1;36m[Dbg] [SystemManager.cc:80] [0m[1;36mLoaded system [[0m[1;36mgz::sim::systems::UserCommands[0m[1;36m] for entity [[0m[1;36m1[0m[1;36m][0m[1;36m[0m
[gazebo-1] [1;36m[Dbg] [Sensors.cc:697] [0m[1;36mConfiguring Sensors system[0m[1;36m[0m
[gazebo-1] [1;36m[Dbg] [Sensors.cc:557] [0m[1;36mSensorsPrivate::Run[0m[1;36m[0m
[gazebo-1] [1;36m[Dbg] [SystemManager.cc:80] [0m[1;36mLoaded system [[0m[1;36mgz::sim::systems::Sensors[0m[1;36m] for entity [[0m[1;36m1[0m[1;36m][0m[1;36m[0m
[gazebo-1] [1;36m[Dbg] [Sensors.cc:532] [0m[1;36mSensorsPrivate::RenderThread started[0m[1;36m[0m
[gazebo-1] [1;36m[Dbg] [Sensors.cc:337] [0m[1;36mWaiting for init[0m[1;36m[0m
[gazebo-1] [1;36m[Dbg] [SystemManager.cc:80] [0m[1;36mLoaded system [[0m[1;36mgz::sim::systems::Imu[0m[1;36m] for entity [[0m[1;36m1[0m[1;36m][0m[1;36m[0m
[gazebo-1] [1;36m[Dbg] [Magnetometer.cc:261] [0m[1;36mMagnetometer: using param [use_units_gauss: [0m[1;36m1[0m[1;36m].[0m[1;36m[0m
[gazebo-1] [1;36m[Dbg] [Magnetometer.cc:269] [0m[1;36mMagnetometer: using param [use_earth_frame_ned: [0m[1;36m1[0m[1;36m].[0m[1;36m[0m
[gazebo-1] [1;36m[Dbg] [SystemManager.cc:80] [0m[1;36mLoaded system [[0m[1;36mgz::sim::systems::Magnetometer[0m[1;36m] for entity [[0m[1;36m1[0m[1;36m][0m[1;36m[0m
[gazebo-1] [1;36m[Dbg] [SystemManager.cc:80] [0m[1;36mLoaded system [[0m[1;36mgz::sim::systems::ForceTorque[0m[1;36m] for entity [[0m[1;36m1[0m[1;36m][0m[1;36m[0m
[gazebo-1] [1;32m[Msg] [0m[1;32mServing particle emitter information on [[0m[1;32m/world/sydney_regatta/particle_emitters[0m[1;32m][0m[1;32m[0m
[gazebo-1] [1;36m[Dbg] [SystemManager.cc:80] [0m[1;36mLoaded system [[0m[1;36mgz::sim::systems::ParticleEmitter[0m[1;36m] for entity [[0m[1;36m1[0m[1;36m][0m[1;36m[0m
[gazebo-1] [1;36m[Dbg] [SystemManager.cc:80] [0m[1;36mLoaded system [[0m[1;36mgz::sim::systems::SceneBroadcaster[0m[1;36m] for entity [[0m[1;36m1[0m[1;36m][0m[1;36m[0m
[gazebo-1] [1;36m[Dbg] [SystemManager.cc:80] [0m[1;36mLoaded system [[0m[1;36mgz::sim::systems::Contact[0m[1;36m] for entity [[0m[1;36m1[0m[1;36m][0m[1;36m[0m
[gazebo-1] [1;36m[Dbg] [SystemManager.cc:80] [0m[1;36mLoaded system [[0m[1;36mgz::sim::systems::NavSat[0m[1;36m] for entity [[0m[1;36m1[0m[1;36m][0m[1;36m[0m
[gazebo-1] [1;36m[Dbg] [USVWind.cc:160] [0m[1;36mwamv[0m[1;36m loaded[0m[1;36m[0m
[gazebo-1] [1;32m[Msg] [0m[1;32mWind direction unit vector = [0m[1;32m-0.5[0m[1;32m [0m[1;32m-0.866025[0m[1;32m [0m[1;32m0[0m[1;32m[0m
[gazebo-1] [1;32m[Msg] [0m[1;32mWind mean velocity = [0m[1;32m0[0m[1;32m[0m
[gazebo-1] [1;32m[Msg] [0m[1;32mvar wind gain constants = [0m[1;32m0[0m[1;32m[0m
[gazebo-1] [1;32m[Msg] [0m[1;32mvar wind time constants = [0m[1;32m2[0m[1;32m[0m
[gazebo-1] [1;32m[Msg] [0m[1;32mupdate rate  = [0m[1;32m10[0m[1;32m[0m
[gazebo-1] [1;32m[Msg] [0m[1;32mtopic wind speed  = [0m[1;32m/vrx/debug/wind/speed[0m[1;32m[0m
[gazebo-1] [1;32m[Msg] [0m[1;32mtopic wind direction = [0m[1;32m/vrx/debug/wind/direction[0m[1;32m[0m
[gazebo-1] [1;32m[Msg] [0m[1;32mRandom seed value = [0m[1;32m10[0m[1;32m[0m
[gazebo-1] [1;32m[Msg] [0m[1;32mVar wind filter gain = [0m[1;32m0[0m[1;32m[0m
[gazebo-1] [1;36m[Dbg] [SystemManager.cc:80] [0m[1;36mLoaded system [[0m[1;36mvrx::USVWind[0m[1;36m] for entity [[0m[1;36m1[0m[1;36m][0m[1;36m[0m
[gazebo-1] [1;36m[Dbg] [SystemManager.cc:80] [0m[1;36mLoaded system [[0m[1;36mvrx::PublisherPlugin[0m[1;36m] for entity [[0m[1;36m1[0m[1;36m][0m[1;36m[0m
[gazebo-1] [1;32m[Msg] [0m[1;32mInput Parameters:[0m[1;32m[0m
[gazebo-1] [1;32m[Msg] [0m[1;32mmodel:     [0m[1;32mPMS[0m[1;32m[0m
[gazebo-1] [1;32m[Msg] [0m[1;32mnumber:     [0m[1;32m3[0m[1;32m[0m
[gazebo-1] [1;32m[Msg] [0m[1;32mscale:      [0m[1;32m1.1[0m[1;32m[0m
[gazebo-1] [1;32m[Msg] [0m[1;32mangle:      [0m[1;32m0.4[0m[1;32m[0m
[gazebo-1] [1;32m[Msg] [0m[1;32msteepness:  [0m[1;32m0[0m[1;32m[0m
[gazebo-1] [1;32m[Msg] [0m[1;32mamplitude:  [0m[1;32m0[0m[1;32m[0m
[gazebo-1] [1;32m[Msg] [0m[1;32mperiod:     [0m[1;32m5[0m[1;32m[0m
[gazebo-1] [1;32m[Msg] [0m[1;32mdirection:  [0m[1;32m0[0m[1;32m[0m
[gazebo-1] [1;32m[Msg] [0m[1;32mtau:  [0m[1;32m2[0m[1;32m[0m
[gazebo-1] [1;32m[Msg] [0m[1;32mgain:  [0m[1;32m1[0m[1;32m[0m
[gazebo-1] [1;32m[Msg] [0m[1;32mDerived Parameters:[0m[1;32m[0m
[gazebo-1] [1;32m[Msg] [0m[1;32mamplitudes:  [0m[1;32m0.121167[0m[1;32m, [0m[1;32m0.130759[0m[1;32m, [0m[1;32m0.128568[0m[1;32m, [0m[1;32m[0m
[gazebo-1] [1;32m[Msg] [0m[1;32mwavenumbers: [0m[1;32m0.133171[0m[1;32m, [0m[1;32m0.161136[0m[1;32m, [0m[1;32m0.194975[0m[1;32m, [0m[1;32m[0m
[gazebo-1] [1;32m[Msg] [0m[1;32momegas:      [0m[1;32m1.1424[0m[1;32m, [0m[1;32m1.25664[0m[1;32m, [0m[1;32m1.3823[0m[1;32m, [0m[1;32m[0m
[gazebo-1] [1;32m[Msg] [0m[1;32mperiods:     [0m[1;32m[Msg] [0m[1;32m5.5[0m[1;32m, [0m[1;32m[Msg] [0m[1;32m5[0m[1;32m, [0m[1;32m[Msg] [0m[1;32m4.54545[0m[1;32m, [0m[1;32m[Msg] [0m[1;32m[0m
[gazebo-1] [1;32m[Msg] [0m[1;32mphases:      [0m[1;32m0[0m[1;32m, [0m[1;32m0[0m[1;32m, [0m[1;32m0[0m[1;32m, [0m[1;32m[0m
[gazebo-1] [1;32m[Msg] [0m[1;32msteepnesses: [0m[1;32m0[0m[1;32m, [0m[1;32m0[0m[1;32m, [0m[1;32m0[0m[1;32m, [0m[1;32m[0m
[gazebo-1] [1;32m[Msg] [0m[1;32mdirections:  [0m[1;32m[Msg] [0m[1;32m0.921061[0m[1;32m [0m[1;32m-0.389418[0m[1;32m; [0m[1;32m[Msg] [0m[1;32m1[0m[1;32m [0m[1;32m0[0m[1;32m; [0m[1;32m[Msg] [0m[1;32m0.921061[0m[1;32m [0m[1;32m0.389418[0m[1;32m; [0m[1;32m[Msg] [0m[1;32m[0m
[gazebo-1] [1;36m[Dbg] [SystemManager.cc:80] [0m[1;36mLoaded system [[0m[1;36mvrx::WaveVisual[0m[1;36m] for entity [[0m[1;36m17[0m[1;36m][0m[1;36m[0m
[gazebo-1] [1;32m[Msg] [0m[1;32mInput Parameters:[0m[1;32m[0m
[gazebo-1] [1;32m[Msg] [0m[1;32mmodel:     [0m[1;32mPMS[0m[1;32m[0m
[gazebo-1] [1;32m[Msg] [0m[1;32mnumber:     [0m[1;32m3[0m[1;32m[0m
[gazebo-1] [1;32m[Msg] [0m[1;32mscale:      [0m[1;32m1.1[0m[1;32m[0m
[gazebo-1] [1;32m[Msg] [0m[1;32mangle:      [0m[1;32m0.4[0m[1;32m[0m
[gazebo-1] [1;32m[Msg] [0m[1;32msteepness:  [0m[1;32m0[0m[1;32m[0m
[gazebo-1] [1;32m[Msg] [0m[1;32mamplitude:  [0m[1;32m0[0m[1;32m[0m
[gazebo-1] [1;32m[Msg] [0m[1;32mperiod:     [0m[1;32m5[0m[1;32m[0m
[gazebo-1] [1;32m[Msg] [0m[1;32mdirection:  [0m[1;32m0[0m[1;32m[0m
[gazebo-1] [1;32m[Msg] [0m[1;32mtau:  [0m[1;32m2[0m[1;32m[0m
[gazebo-1] [1;32m[Msg] [0m[1;32mgain:  [0m[1;32m1[0m[1;32m[0m
[gazebo-1] [1;32m[Msg] [0m[1;32mDerived Parameters:[0m[1;32m[0m
[gazebo-1] [1;32m[Msg] [0m[1;32mamplitudes:  [0m[1;32m0.121167[0m[1;32m, [0m[1;32m0.130759[0m[1;32m, [0m[1;32m0.128568[0m[1;32m, [0m[1;32m[0m
[gazebo-1] [1;32m[Msg] [0m[1;32mwavenumbers: [0m[1;32m0.133171[0m[1;32m, [0m[1;32m0.161136[0m[1;32m, [0m[1;32m0.194975[0m[1;32m, [0m[1;32m[0m
[gazebo-1] [1;32m[Msg] [0m[1;32momegas:      [0m[1;32m1.1424[0m[1;32m, [0m[1;32m1.25664[0m[1;32m, [0m[1;32m1.3823[0m[1;32m, [0m[1;32m[0m
[gazebo-1] [1;32m[Msg] [0m[1;32mperiods:     [0m[1;32m[Msg] [0m[1;32m5.5[0m[1;32m, [0m[1;32m[Msg] [0m[1;32m5[0m[1;32m, [0m[1;32m[Msg] [0m[1;32m4.54545[0m[1;32m, [0m[1;32m[Msg] [0m[1;32m[0m
[gazebo-1] [1;32m[Msg] [0m[1;32mphases:      [0m[1;32m0[0m[1;32m, [0m[1;32m0[0m[1;32m, [0m[1;32m0[0m[1;32m, [0m[1;32m[0m
[gazebo-1] [1;32m[Msg] [0m[1;32msteepnesses: [0m[1;32m0[0m[1;32m, [0m[1;32m0[0m[1;32m, [0m[1;32m0[0m[1;32m, [0m[1;32m[0m
[gazebo-1] [1;32m[Msg] [0m[1;32mdirections:  [0m[1;32m[Msg] [0m[1;32m0.921061[0m[1;32m [0m[1;32m-0.389418[0m[1;32m; [0m[1;32m[Msg] [0m[1;32m1[0m[1;32m [0m[1;32m0[0m[1;32m; [0m[1;32m[Msg] [0m[1;32m0.921061[0m[1;32m [0m[1;32m0.389418[0m[1;32m; [0m[1;32m[Msg] [0m[1;32m[0m
[gazebo-1] [1;36m[Dbg] [PolyhedraBuoyancyDrag.cc:236] [0m[1;36mFound buoyancy element(s), looking at each element...[0m[1;36m[0m
[gazebo-1] [1;36m[Dbg] [PolyhedraBuoyancyDrag.cc:248] [0m[1;36mBuoyancy object:[0m
[gazebo-1] [1;36m	Link: [0m[1;36mlink[0m[1;36m[[0m[1;36m19[0m[1;36m][0m
[gazebo-1] [1;36m	Pose: [0m[1;36m0[0m[1;36m [0m[1;36m0[0m[1;36m [0m[1;36m-0.3[0m[1;36m [0m[1;36m0[0m[1;36m [0m[1;36m0[0m[1;36m [0m[1;36m0[0m[1;36m[0m
[gazebo-1] [1;36m	Geometry: [0m[1;36mCylinder:0.325,0.1[0m[1;36m[0m
[gazebo-1] [1;36m	Mass: [0m[1;36m20[0m[1;36m[0m
[gazebo-1] [1;36m	Water height: [0m[1;36m0[0m[1;36m[0m
[gazebo-1] [1;36m	Water velocity: [0m[1;36m0[0m[1;36m[0m
[gazebo-1] [1;36m[0m
[gazebo-1] [1;36m[Dbg] [SystemManager.cc:80] [0m[1;36mLoaded system [[0m[1;36mvrx::PolyhedraBuoyancyDrag[0m[1;36m] for entity [[0m[1;36m18[0m[1;36m][0m[1;36m[0m
[gazebo-1] [1;32m[Msg] [0m[1;32mInput Parameters:[0m[1;32m[0m
[gazebo-1] [1;32m[Msg] [0m[1;32mmodel:     [0m[1;32mPMS[0m[1;32m[0m
[gazebo-1] [1;32m[Msg] [0m[1;32mnumber:     [0m[1;32m3[0m[1;32m[0m
[gazebo-1] [1;32m[Msg] [0m[1;32mscale:      [0m[1;32m1.1[0m[1;32m[0m
[gazebo-1] [1;32m[Msg] [0m[1;32mangle:      [0m[1;32m0.4[0m[1;32m[0m
[gazebo-1] [1;32m[Msg] [0m[1;32msteepness:  [0m[1;32m0[0m[1;32m[0m
[gazebo-1] [1;32m[Msg] [0m[1;32mamplitude:  [0m[1;32m0[0m[1;32m[0m
[gazebo-1] [1;32m[Msg] [0m[1;32mperiod:     [0m[1;32m5[0m[1;32m[0m
[gazebo-1] [1;32m[Msg] [0m[1;32mdirection:  [0m[1;32m0[0m[1;32m[0m
[gazebo-1] [1;32m[Msg] [0m[1;32mtau:  [0m[1;32m2[0m[1;32m[0m
[gazebo-1] [1;32m[Msg] [0m[1;32mgain:  [0m[1;32m1[0m[1;32m[0m
[gazebo-1] [1;32m[Msg] [0m[1;32mDerived Parameters:[0m[1;32m[0m
[gazebo-1] [1;32m[Msg] [0m[1;32mamplitudes:  [0m[1;32m0.121167[0m[1;32m, [0m[1;32m0.130759[0m[1;32m, [0m[1;32m0.128568[0m[1;32m, [0m[1;32m[0m
[gazebo-1] [1;32m[Msg] [0m[1;32mwavenumbers: [0m[1;32m0.133171[0m[1;32m, [0m[1;32m0.161136[0m[1;32m, [0m[1;32m0.194975[0m[1;32m, [0m[1;32m[0m
[gazebo-1] [1;32m[Msg] [0m[1;32momegas:      [0m[1;32m1.1424[0m[1;32m, [0m[1;32m1.25664[0m[1;32m, [0m[1;32m1.3823[0m[1;32m, [0m[1;32m[0m
[gazebo-1] [1;32m[Msg] [0m[1;32mperiods:     [0m[1;32m[Msg] [0m[1;32m5.5[0m[1;32m, [0m[1;32m[Msg] [0m[1;32m5[0m[1;32m, [0m[1;32m[Msg] [0m[1;32m4.54545[0m[1;32m, [0m[1;32m[Msg] [0m[1;32m[0m
[gazebo-1] [1;32m[Msg] [0m[1;32mphases:      [0m[1;32m0[0m[1;32m, [0m[1;32m0[0m[1;32m, [0m[1;32m0[0m[1;32m, [0m[1;32m[0m
[gazebo-1] [1;32m[Msg] [0m[1;32msteepnesses: [0m[1;32m0[0m[1;32m, [0m[1;32m0[0m[1;32m, [0m[1;32m0[0m[1;32m, [0m[1;32m[0m
[gazebo-1] [1;32m[Msg] [0m[1;32mdirections:  [0m[1;32m[Msg] [0m[1;32m0.921061[0m[1;32m [0m[1;32m-0.389418[0m[1;32m; [0m[1;32m[Msg] [0m[1;32m1[0m[1;32m [0m[1;32m0[0m[1;32m; [0m[1;32m[Msg] [0m[1;32m0.921061[0m[1;32m [0m[1;32m0.389418[0m[1;32m; [0m[1;32m[Msg] [0m[1;32m[0m
[gazebo-1] [1;36m[Dbg] [PolyhedraBuoyancyDrag.cc:236] [0m[1;36mFound buoyancy element(s), looking at each element...[0m[1;36m[0m
[gazebo-1] [1;36m[Dbg] [PolyhedraBuoyancyDrag.cc:248] [0m[1;36mBuoyancy object:[0m
[gazebo-1] [1;36m	Link: [0m[1;36mlink[0m[1;36m[[0m[1;36m24[0m[1;36m][0m
[gazebo-1] [1;36m	Pose: [0m[1;36m0[0m[1;36m [0m[1;36m0[0m[1;36m [0m[1;36m-0.3[0m[1;36m [0m[1;36m0[0m[1;36m [0m[1;36m0[0m[1;36m [0m[1;36m0[0m[1;36m[0m
[gazebo-1] [1;36m	Geometry: [0m[1;36mCylinder:0.325,0.1[0m[1;36m[0m
[gazebo-1] [1;36m	Mass: [0m[1;36m20[0m[1;36m[0m
[gazebo-1] [1;36m	Water height: [0m[1;36m0[0m[1;36m[0m
[gazebo-1] [1;36m	Water velocity: [0m[1;36m0[0m[1;36m[0m
[gazebo-1] [1;36m[0m
[gazebo-1] [1;36m[Dbg] [SystemManager.cc:80] [0m[1;36mLoaded system [[0m[1;36mvrx::PolyhedraBuoyancyDrag[0m[1;36m] for entity [[0m[1;36m23[0m[1;36m][0m[1;36m[0m
[gazebo-1] [1;32m[Msg] [0m[1;32mInput Parameters:[0m[1;32m[0m
[gazebo-1] [1;32m[Msg] [0m[1;32mmodel:     [0m[1;32mPMS[0m[1;32m[0m
[gazebo-1] [1;32m[Msg] [0m[1;32mnumber:     [0m[1;32m3[0m[1;32m[0m
[gazebo-1] [1;32m[Msg] [0m[1;32mscale:      [0m[1;32m1.1[0m[1;32m[0m
[gazebo-1] [1;32m[Msg] [0m[1;32mangle:      [0m[1;32m0.4[0m[1;32m[0m
[gazebo-1] [1;32m[Msg] [0m[1;32msteepness:  [0m[1;32m0[0m[1;32m[0m
[gazebo-1] [1;32m[Msg] [0m[1;32mamplitude:  [0m[1;32m0[0m[1;32m[0m
[gazebo-1] [1;32m[Msg] [0m[1;32mperiod:     [0m[1;32m5[0m[1;32m[0m
[gazebo-1] [1;32m[Msg] [0m[1;32mdirection:  [0m[1;32m0[0m[1;32m[0m
[gazebo-1] [1;32m[Msg] [0m[1;32mtau:  [0m[1;32m2[0m[1;32m[0m
[gazebo-1] [1;32m[Msg] [0m[1;32mgain:  [0m[1;32m1[0m[1;32m[0m
[gazebo-1] [1;32m[Msg] [0m[1;32mDerived Parameters:[0m[1;32m[0m
[gazebo-1] [1;32m[Msg] [0m[1;32mamplitudes:  [0m[1;32m0.121167[0m[1;32m, [0m[1;32m0.130759[0m[1;32m, [0m[1;32m0.128568[0m[1;32m, [0m[1;32m[0m
[gazebo-1] [1;32m[Msg] [0m[1;32mwavenumbers: [0m[1;32m0.133171[0m[1;32m, [0m[1;32m0.161136[0m[1;32m, [0m[1;32m0.194975[0m[1;32m, [0m[1;32m[0m
[gazebo-1] [1;32m[Msg] [0m[1;32momegas:      [0m[1;32m1.1424[0m[1;32m, [0m[1;32m1.25664[0m[1;32m, [0m[1;32m1.3823[0m[1;32m, [0m[1;32m[0m
[gazebo-1] [1;32m[Msg] [0m[1;32mperiods:     [0m[1;32m[Msg] [0m[1;32m5.5[0m[1;32m, [0m[1;32m[Msg] [0m[1;32m5[0m[1;32m, [0m[1;32m[Msg] [0m[1;32m4.54545[0m[1;32m, [0m[1;32m[Msg] [0m[1;32m[0m
[gazebo-1] [1;32m[Msg] [0m[1;32mphases:      [0m[1;32m0[0m[1;32m, [0m[1;32m0[0m[1;32m, [0m[1;32m0[0m[1;32m, [0m[1;32m[0m
[gazebo-1] [1;32m[Msg] [0m[1;32msteepnesses: [0m[1;32m0[0m[1;32m, [0m[1;32m0[0m[1;32m, [0m[1;32m0[0m[1;32m, [0m[1;32m[0m
[gazebo-1] [1;32m[Msg] [0m[1;32mdirections:  [0m[1;32m[Msg] [0m[1;32m0.921061[0m[1;32m [0m[1;32m-0.389418[0m[1;32m; [0m[1;32m[Msg] [0m[1;32m1[0m[1;32m [0m[1;32m0[0m[1;32m; [0m[1;32m[Msg] [0m[1;32m0.921061[0m[1;32m [0m[1;32m0.389418[0m[1;32m; [0m[1;32m[Msg] [0m[1;32m[0m
[gazebo-1] [1;36m[Dbg] [PolyhedraBuoyancyDrag.cc:236] [0m[1;36mFound buoyancy element(s), looking at each element...[0m[1;36m[0m
[gazebo-1] [1;36m[Dbg] [PolyhedraBuoyancyDrag.cc:248] [0m[1;36mBuoyancy object:[0m
[gazebo-1] [1;36m	Link: [0m[1;36mlink[0m[1;36m[[0m[1;36m29[0m[1;36m][0m
[gazebo-1] [1;36m	Pose: [0m[1;36m0[0m[1;36m [0m[1;36m0[0m[1;36m [0m[1;36m-0.3[0m[1;36m [0m[1;36m0[0m[1;36m [0m[1;36m0[0m[1;36m [0m[1;36m0[0m[1;36m[0m
[gazebo-1] [1;36m	Geometry: [0m[1;36mCylinder:0.325,0.1[0m[1;36m[0m
[gazebo-1] [1;36m	Mass: [0m[1;36m20[0m[1;36m[0m
[gazebo-1] [1;36m	Water height: [0m[1;36m0[0m[1;36m[0m
[gazebo-1] [1;36m	Water velocity: [0m[1;36m0[0m[1;36m[0m
[gazebo-1] [1;36m[0m
[gazebo-1] [1;36m[Dbg] [SystemManager.cc:80] [0m[1;36mLoaded system [[0m[1;36mvrx::PolyhedraBuoyancyDrag[0m[1;36m] for entity [[0m[1;36m28[0m[1;36m][0m[1;36m[0m
[gazebo-1] [1;32m[Msg] [0m[1;32mInput Parameters:[0m[1;32m[0m
[gazebo-1] [1;32m[Msg] [0m[1;32mmodel:     [0m[1;32mPMS[0m[1;32m[0m
[gazebo-1] [1;32m[Msg] [0m[1;32mnumber:     [0m[1;32m3[0m[1;32m[0m
[gazebo-1] [1;32m[Msg] [0m[1;32mscale:      [0m[1;32m1.1[0m[1;32m[0m
[gazebo-1] [1;32m[Msg] [0m[1;32mangle:      [0m[1;32m0.4[0m[1;32m[0m
[gazebo-1] [1;32m[Msg] [0m[1;32msteepness:  [0m[1;32m0[0m[1;32m[0m
[gazebo-1] [1;32m[Msg] [0m[1;32mamplitude:  [0m[1;32m0[0m[1;32m[0m
[gazebo-1] [1;32m[Msg] [0m[1;32mperiod:     [0m[1;32m5[0m[1;32m[0m
[gazebo-1] [1;32m[Msg] [0m[1;32mdirection:  [0m[1;32m0[0m[1;32m[0m
[gazebo-1] [1;32m[Msg] [0m[1;32mtau:  [0m[1;32m2[0m[1;32m[0m
[gazebo-1] [1;32m[Msg] [0m[1;32mgain:  [0m[1;32m1[0m[1;32m[0m
[gazebo-1] [1;32m[Msg] [0m[1;32mDerived Parameters:[0m[1;32m[0m
[gazebo-1] [1;32m[Msg] [0m[1;32mamplitudes:  [0m[1;32m0.121167[0m[1;32m, [0m[1;32m0.130759[0m[1;32m, [0m[1;32m0.128568[0m[1;32m, [0m[1;32m[0m
[gazebo-1] [1;32m[Msg] [0m[1;32mwavenumbers: [0m[1;32m0.133171[0m[1;32m, [0m[1;32m0.161136[0m[1;32m, [0m[1;32m0.194975[0m[1;32m, [0m[1;32m[0m
[gazebo-1] [1;32m[Msg] [0m[1;32momegas:      [0m[1;32m1.1424[0m[1;32m, [0m[1;32m1.25664[0m[1;32m, [0m[1;32m1.3823[0m[1;32m, [0m[1;32m[0m
[gazebo-1] [1;32m[Msg] [0m[1;32mperiods:     [0m[1;32m[Msg] [0m[1;32m5.5[0m[1;32m, [0m[1;32m[Msg] [0m[1;32m5[0m[1;32m, [0m[1;32m[Msg] [0m[1;32m4.54545[0m[1;32m, [0m[1;32m[Msg] [0m[1;32m[0m
[gazebo-1] [1;32m[Msg] [0m[1;32mphases:      [0m[1;32m0[0m[1;32m, [0m[1;32m0[0m[1;32m, [0m[1;32m0[0m[1;32m, [0m[1;32m[0m
[gazebo-1] [1;32m[Msg] [0m[1;32msteepnesses: [0m[1;32m0[0m[1;32m, [0m[1;32m0[0m[1;32m, [0m[1;32m0[0m[1;32m, [0m[1;32m[0m
[gazebo-1] [1;32m[Msg] [0m[1;32mdirections:  [0m[1;32m[Msg] [0m[1;32m0.921061[0m[1;32m [0m[1;32m-0.389418[0m[1;32m; [0m[1;32m[Msg] [0m[1;32m1[0m[1;32m [0m[1;32m0[0m[1;32m; [0m[1;32m[Msg] [0m[1;32m0.921061[0m[1;32m [0m[1;32m0.389418[0m[1;32m; [0m[1;32m[Msg] [0m[1;32m[0m
[gazebo-1] [1;36m[Dbg] [PolyhedraBuoyancyDrag.cc:236] [0m[1;36mFound buoyancy element(s), looking at each element...[0m[1;36m[0m
[gazebo-1] [1;36m[Dbg] [PolyhedraBuoyancyDrag.cc:248] [0m[1;36mBuoyancy object:[0m
[gazebo-1] [1;36m	Link: [0m[1;36mlink[0m[1;36m[[0m[1;36m34[0m[1;36m][0m
[gazebo-1] [1;36m	Pose: [0m[1;36m0[0m[1;36m [0m[1;36m0[0m[1;36m [0m[1;36m-0.3[0m[1;36m [0m[1;36m0[0m[1;36m [0m[1;36m0[0m[1;36m [0m[1;36m0[0m[1;36m[0m
[gazebo-1] [1;36m	Geometry: [0m[1;36mCylinder:0.325,0.1[0m[1;36m[0m
[gazebo-1] [1;36m	Mass: [0m[1;36m20[0m[1;36m[0m
[gazebo-1] [1;36m	Water height: [0m[1;36m0[0m[1;36m[0m
[gazebo-1] [1;36m	Water velocity: [0m[1;36m0[0m[1;36m[0m
[gazebo-1] [1;36m[0m
[gazebo-1] [1;36m[Dbg] [SystemManager.cc:80] [0m[1;36mLoaded system [[0m[1;36mvrx::PolyhedraBuoyancyDrag[0m[1;36m] for entity [[0m[1;36m33[0m[1;36m][0m[1;36m[0m
[gazebo-1] [1;32m[Msg] [0m[1;32mInput Parameters:[0m[1;32m[0m
[gazebo-1] [1;32m[Msg] [0m[1;32mmodel:     [0m[1;32mPMS[0m[1;32m[0m
[gazebo-1] [1;32m[Msg] [0m[1;32mnumber:     [0m[1;32m3[0m[1;32m[0m
[gazebo-1] [1;32m[Msg] [0m[1;32mscale:      [0m[1;32m1.1[0m[1;32m[0m
[gazebo-1] [1;32m[Msg] [0m[1;32mangle:      [0m[1;32m0.4[0m[1;32m[0m
[gazebo-1] [1;32m[Msg] [0m[1;32msteepness:  [0m[1;32m0[0m[1;32m[0m
[gazebo-1] [1;32m[Msg] [0m[1;32mamplitude:  [0m[1;32m0[0m[1;32m[0m
[gazebo-1] [1;32m[Msg] [0m[1;32mperiod:     [0m[1;32m5[0m[1;32m[0m
[gazebo-1] [1;32m[Msg] [0m[1;32mdirection:  [0m[1;32m0[0m[1;32m[0m
[gazebo-1] [1;32m[Msg] [0m[1;32mtau:  [0m[1;32m2[0m[1;32m[0m
[gazebo-1] [1;32m[Msg] [0m[1;32mgain:  [0m[1;32m1[0m[1;32m[0m
[gazebo-1] [1;32m[Msg] [0m[1;32mDerived Parameters:[0m[1;32m[0m
[gazebo-1] [1;32m[Msg] [0m[1;32mamplitudes:  [0m[1;32m0.121167[0m[1;32m, [0m[1;32m0.130759[0m[1;32m, [0m[1;32m0.128568[0m[1;32m, [0m[1;32m[0m
[gazebo-1] [1;32m[Msg] [0m[1;32mwavenumbers: [0m[1;32m0.133171[0m[1;32m, [0m[1;32m0.161136[0m[1;32m, [0m[1;32m0.194975[0m[1;32m, [0m[1;32m[0m
[gazebo-1] [1;32m[Msg] [0m[1;32momegas:      [0m[1;32m1.1424[0m[1;32m, [0m[1;32m1.25664[0m[1;32m, [0m[1;32m1.3823[0m[1;32m, [0m[1;32m[0m
[gazebo-1] [1;32m[Msg] [0m[1;32mperiods:     [0m[1;32m[Msg] [0m[1;32m5.5[0m[1;32m, [0m[1;32m[Msg] [0m[1;32m5[0m[1;32m, [0m[1;32m[Msg] [0m[1;32m4.54545[0m[1;32m, [0m[1;32m[Msg] [0m[1;32m[0m
[gazebo-1] [1;32m[Msg] [0m[1;32mphases:      [0m[1;32m0[0m[1;32m, [0m[1;32m0[0m[1;32m, [0m[1;32m0[0m[1;32m, [0m[1;32m[0m
[gazebo-1] [1;32m[Msg] [0m[1;32msteepnesses: [0m[1;32m0[0m[1;32m, [0m[1;32m0[0m[1;32m, [0m[1;32m0[0m[1;32m, [0m[1;32m[0m
[gazebo-1] [1;32m[Msg] [0m[1;32mdirections:  [0m[1;32m[Msg] [0m[1;32m0.921061[0m[1;32m [0m[1;32m-0.389418[0m[1;32m; [0m[1;32m[Msg] [0m[1;32m1[0m[1;32m [0m[1;32m0[0m[1;32m; [0m[1;32m[Msg] [0m[1;32m0.921061[0m[1;32m [0m[1;32m0.389418[0m[1;32m; [0m[1;32m[Msg] [0m[1;32m[0m
[gazebo-1] [1;36m[Dbg] [PolyhedraBuoyancyDrag.cc:236] [0m[1;36mFound buoyancy element(s), looking at each element...[0m[1;36m[0m
[gazebo-1] [1;36m[Dbg] [PolyhedraBuoyancyDrag.cc:248] [0m[1;36mBuoyancy object:[0m
[gazebo-1] [1;36m	Link: [0m[1;36mlink[0m[1;36m[[0m[1;36m39[0m[1;36m][0m
[gazebo-1] [1;36m	Pose: [0m[1;36m0[0m[1;36m [0m[1;36m0[0m[1;36m [0m[1;36m0[0m[1;36m [0m[1;36m0[0m[1;36m [0m[1;36m0[0m[1;36m [0m[1;36m0[0m[1;36m[0m
[gazebo-1] [1;36m	Geometry: [0m[1;36mSphere:0.21[0m[1;36m[0m
[gazebo-1] [1;36m	Mass: [0m[1;36m3.5[0m[1;36m[0m
[gazebo-1] [1;36m	Water height: [0m[1;36m0[0m[1;36m[0m
[gazebo-1] [1;36m	Water velocity: [0m[1;36m0[0m[1;36m[0m
[gazebo-1] [1;36m[0m
[gazebo-1] [1;36m[Dbg] [SystemManager.cc:80] [0m[1;36mLoaded system [[0m[1;36mvrx::PolyhedraBuoyancyDrag[0m[1;36m] for entity [[0m[1;36m38[0m[1;36m][0m[1;36m[0m
[gazebo-1] [1;32m[Msg] [0m[1;32mInput Parameters:[0m[1;32m[0m
[gazebo-1] [1;32m[Msg] [0m[1;32mmodel:     [0m[1;32mPMS[0m[1;32m[0m
[gazebo-1] [1;32m[Msg] [0m[1;32mnumber:     [0m[1;32m3[0m[1;32m[0m
[gazebo-1] [1;32m[Msg] [0m[1;32mscale:      [0m[1;32m1.1[0m[1;32m[0m
[gazebo-1] [1;32m[Msg] [0m[1;32mangle:      [0m[1;32m0.4[0m[1;32m[0m
[gazebo-1] [1;32m[Msg] [0m[1;32msteepness:  [0m[1;32m0[0m[1;32m[0m
[gazebo-1] [1;32m[Msg] [0m[1;32mamplitude:  [0m[1;32m0[0m[1;32m[0m
[gazebo-1] [1;32m[Msg] [0m[1;32mperiod:     [0m[1;32m5[0m[1;32m[0m
[gazebo-1] [1;32m[Msg] [0m[1;32mdirection:  [0m[1;32m0[0m[1;32m[0m
[gazebo-1] [1;32m[Msg] [0m[1;32mtau:  [0m[1;32m2[0m[1;32m[0m
[gazebo-1] [1;32m[Msg] [0m[1;32mgain:  [0m[1;32m1[0m[1;32m[0m
[gazebo-1] [1;32m[Msg] [0m[1;32mDerived Parameters:[0m[1;32m[0m
[gazebo-1] [1;32m[Msg] [0m[1;32mamplitudes:  [0m[1;32m0.121167[0m[1;32m, [0m[1;32m0.130759[0m[1;32m, [0m[1;32m0.128568[0m[1;32m, [0m[1;32m[0m
[gazebo-1] [1;32m[Msg] [0m[1;32mwavenumbers: [0m[1;32m0.133171[0m[1;32m, [0m[1;32m0.161136[0m[1;32m, [0m[1;32m0.194975[0m[1;32m, [0m[1;32m[0m
[gazebo-1] [1;32m[Msg] [0m[1;32momegas:      [0m[1;32m1.1424[0m[1;32m, [0m[1;32m1.25664[0m[1;32m, [0m[1;32m1.3823[0m[1;32m, [0m[1;32m[0m
[gazebo-1] [1;32m[Msg] [0m[1;32mperiods:     [0m[1;32m[Msg] [0m[1;32m5.5[0m[1;32m, [0m[1;32m[Msg] [0m[1;32m5[0m[1;32m, [0m[1;32m[Msg] [0m[1;32m4.54545[0m[1;32m, [0m[1;32m[Msg] [0m[1;32m[0m
[gazebo-1] [1;32m[Msg] [0m[1;32mphases:      [0m[1;32m0[0m[1;32m, [0m[1;32m0[0m[1;32m, [0m[1;32m0[0m[1;32m, [0m[1;32m[0m
[gazebo-1] [1;32m[Msg] [0m[1;32msteepnesses: [0m[1;32m0[0m[1;32m, [0m[1;32m0[0m[1;32m, [0m[1;32m0[0m[1;32m, [0m[1;32m[0m
[gazebo-1] [1;32m[Msg] [0m[1;32mdirections:  [0m[1;32m[Msg] [0m[1;32m0.921061[0m[1;32m [0m[1;32m-0.389418[0m[1;32m; [0m[1;32m[Msg] [0m[1;32m1[0m[1;32m [0m[1;32m0[0m[1;32m; [0m[1;32m[Msg] [0m[1;32m0.921061[0m[1;32m [0m[1;32m0.389418[0m[1;32m; [0m[1;32m[Msg] [0m[1;32m[0m
[gazebo-1] [1;36m[Dbg] [PolyhedraBuoyancyDrag.cc:236] [0m[1;36mFound buoyancy element(s), looking at each element...[0m[1;36m[0m
[gazebo-1] [1;36m[Dbg] [PolyhedraBuoyancyDrag.cc:248] [0m[1;36mBuoyancy object:[0m
[gazebo-1] [1;36m	Link: [0m[1;36mlink[0m[1;36m[[0m[1;36m43[0m[1;36m][0m
[gazebo-1] [1;36m	Pose: [0m[1;36m0[0m[1;36m [0m[1;36m0[0m[1;36m [0m[1;36m0[0m[1;36m [0m[1;36m0[0m[1;36m [0m[1;36m0[0m[1;36m [0m[1;36m0[0m[1;36m[0m
[gazebo-1] [1;36m	Geometry: [0m[1;36mSphere:0.21[0m[1;36m[0m
[gazebo-1] [1;36m	Mass: [0m[1;36m3.5[0m[1;36m[0m
[gazebo-1] [1;36m	Water height: [0m[1;36m0[0m[1;36m[0m
[gazebo-1] [1;36m	Water velocity: [0m[1;36m0[0m[1;36m[0m
[gazebo-1] [1;36m[0m
[gazebo-1] [1;36m[Dbg] [SystemManager.cc:80] [0m[1;36mLoaded system [[0m[1;36mvrx::PolyhedraBuoyancyDrag[0m[1;36m] for entity [[0m[1;36m42[0m[1;36m][0m[1;36m[0m
[gazebo-1] [1;32m[Msg] [0m[1;32mInput Parameters:[0m[1;32m[0m
[gazebo-1] [1;32m[Msg] [0m[1;32mmodel:     [0m[1;32mPMS[0m[1;32m[0m
[gazebo-1] [1;32m[Msg] [0m[1;32mnumber:     [0m[1;32m3[0m[1;32m[0m
[gazebo-1] [1;32m[Msg] [0m[1;32mscale:      [0m[1;32m1.1[0m[1;32m[0m
[gazebo-1] [1;32m[Msg] [0m[1;32mangle:      [0m[1;32m0.4[0m[1;32m[0m
[gazebo-1] [1;32m[Msg] [0m[1;32msteepness:  [0m[1;32m0[0m[1;32m[0m
[gazebo-1] [1;32m[Msg] [0m[1;32mamplitude:  [0m[1;32m0[0m[1;32m[0m
[gazebo-1] [1;32m[Msg] [0m[1;32mperiod:     [0m[1;32m5[0m[1;32m[0m
[gazebo-1] [1;32m[Msg] [0m[1;32mdirection:  [0m[1;32m0[0m[1;32m[0m
[gazebo-1] [1;32m[Msg] [0m[1;32mtau:  [0m[1;32m2[0m[1;32m[0m
[gazebo-1] [1;32m[Msg] [0m[1;32mgain:  [0m[1;32m1[0m[1;32m[0m
[gazebo-1] [1;32m[Msg] [0m[1;32mDerived Parameters:[0m[1;32m[0m
[gazebo-1] [1;32m[Msg] [0m[1;32mamplitudes:  [0m[1;32m0.121167[0m[1;32m, [0m[1;32m0.130759[0m[1;32m, [0m[1;32m0.128568[0m[1;32m, [0m[1;32m[0m
[gazebo-1] [1;32m[Msg] [0m[1;32mwavenumbers: [0m[1;32m0.133171[0m[1;32m, [0m[1;32m0.161136[0m[1;32m, [0m[1;32m0.194975[0m[1;32m, [0m[1;32m[0m
[gazebo-1] [1;32m[Msg] [0m[1;32momegas:      [0m[1;32m1.1424[0m[1;32m, [0m[1;32m1.25664[0m[1;32m, [0m[1;32m1.3823[0m[1;32m, [0m[1;32m[0m
[gazebo-1] [1;32m[Msg] [0m[1;32mperiods:     [0m[1;32m[Msg] [0m[1;32m5.5[0m[1;32m, [0m[1;32m[Msg] [0m[1;32m5[0m[1;32m, [0m[1;32m[Msg] [0m[1;32m4.54545[0m[1;32m, [0m[1;32m[Msg] [0m[1;32m[0m
[gazebo-1] [1;32m[Msg] [0m[1;32mphases:      [0m[1;32m0[0m[1;32m, [0m[1;32m0[0m[1;32m, [0m[1;32m0[0m[1;32m, [0m[1;32m[0m
[gazebo-1] [1;32m[Msg] [0m[1;32msteepnesses: [0m[1;32m0[0m[1;32m, [0m[1;32m0[0m[1;32m, [0m[1;32m0[0m[1;32m, [0m[1;32m[0m
[gazebo-1] [1;32m[Msg] [0m[1;32mdirections:  [0m[1;32m[Msg] [0m[1;32m0.921061[0m[1;32m [0m[1;32m-0.389418[0m[1;32m; [0m[1;32m[Msg] [0m[1;32m1[0m[1;32m [0m[1;32m0[0m[1;32m; [0m[1;32m[Msg] [0m[1;32m0.921061[0m[1;32m [0m[1;32m0.389418[0m[1;32m; [0m[1;32m[Msg] [0m[1;32m[0m
[gazebo-1] [1;36m[Dbg] [PolyhedraBuoyancyDrag.cc:236] [0m[1;36mFound buoyancy element(s), looking at each element...[0m[1;36m[0m
[create-3] [INFO] [1788007521.933393406] [ros_gz_sim]: Entity creation successful.
[INFO] [create-3]: process has finished cleanly [pid 53503]
[INFO] [optical_frame_publisher-5]: process started with pid [53593]
[INFO] [optical_frame_publisher-6]: process started with pid [53594]
[INFO] [optical_frame_publisher-7]: process started with pid [53595]
[INFO] [parameter_bridge-8]: process started with pid [53596]
[INFO] [pose_tf_broadcaster-9]: process started with pid [53597]
[INFO] [robot_state_publisher-10]: process started with pid [53598]
[robot_state_publisher-10] [WARN] [1788007522.106636491] [kdl_parser]: The root link wamv/base_link has an inertia specified in the URDF, but KDL does not support a root link with an inertia.  As a workaround, you can add an extra dummy link to your URDF.
[robot_state_publisher-10] [INFO] [1788007522.106726145] [wamv.robot_state_publisher]: Robot initialized
[parameter_bridge-8] [INFO] [1788007522.124542276] [wamv.ros_gz_bridge]: Creating GZ->ROS Bridge: [/model/wamv/pose (gz.msgs.Pose_V) -> /model/wamv/pose (tf2_msgs/msg/TFMessage)] (Lazy 0)
[parameter_bridge-8] [INFO] [1788007522.126164744] [wamv.ros_gz_bridge]: Creating GZ->ROS Bridge: [/model/wamv/pose_static (gz.msgs.Pose_V) -> /model/wamv/pose_static (tf2_msgs/msg/TFMessage)] (Lazy 0)
[parameter_bridge-8] [INFO] [1788007522.126383043] [wamv.ros_gz_bridge]: Creating GZ->ROS Bridge: [/world/sydney_regatta/model/wamv/joint_state (gz.msgs.Model) -> /world/sydney_regatta/model/wamv/joint_state (sensor_msgs/msg/JointState)] (Lazy 0)
[parameter_bridge-8] [INFO] [1788007522.127326352] [wamv.ros_gz_bridge]: Creating GZ->ROS Bridge: [/vrx/contacts (gz.msgs.Contacts) -> /vrx/contacts (ros_gz_interfaces/msg/Contacts)] (Lazy 0)
[parameter_bridge-8] [INFO] [1788007522.128496618] [wamv.ros_gz_bridge]: Creating GZ->ROS Bridge: [/world/sydney_regatta/model/wamv/link/wamv/base_link/sensor/front_left_camera_sensor/image (gz.msgs.Image) -> /world/sydney_regatta/model/wamv/link/wamv/base_link/sensor/front_left_camera_sensor/image (sensor_msgs/msg/Image)] (Lazy 0)
[parameter_bridge-8] [INFO] [1788007522.128806342] [wamv.ros_gz_bridge]: Creating GZ->ROS Bridge: [/world/sydney_regatta/model/wamv/link/wamv/base_link/sensor/front_left_camera_sensor/camera_info (gz.msgs.CameraInfo) -> /world/sydney_regatta/model/wamv/link/wamv/base_link/sensor/front_left_camera_sensor/camera_info (sensor_msgs/msg/CameraInfo)] (Lazy 0)
[parameter_bridge-8] [INFO] [1788007522.129200632] [wamv.ros_gz_bridge]: Creating GZ->ROS Bridge: [/world/sydney_regatta/model/wamv/link/wamv/base_link/sensor/front_right_camera_sensor/image (gz.msgs.Image) -> /world/sydney_regatta/model/wamv/link/wamv/base_link/sensor/front_right_camera_sensor/image (sensor_msgs/msg/Image)] (Lazy 0)
[parameter_bridge-8] [INFO] [1788007522.129399814] [wamv.ros_gz_bridge]: Creating GZ->ROS Bridge: [/world/sydney_regatta/model/wamv/link/wamv/base_link/sensor/front_right_camera_sensor/camera_info (gz.msgs.CameraInfo) -> /world/sydney_regatta/model/wamv/link/wamv/base_link/sensor/front_right_camera_sensor/camera_info (sensor_msgs/msg/CameraInfo)] (Lazy 0)
[parameter_bridge-8] [INFO] [1788007522.129583497] [wamv.ros_gz_bridge]: Creating GZ->ROS Bridge: [/world/sydney_regatta/model/wamv/link/wamv/base_link/sensor/lidar_wamv_sensor/scan (gz.msgs.LaserScan) -> /world/sydney_regatta/model/wamv/link/wamv/base_link/sensor/lidar_wamv_sensor/scan (sensor_msgs/msg/LaserScan)] (Lazy 0)
[parameter_bridge-8] [INFO] [1788007522.129933162] [wamv.ros_gz_bridge]: Creating GZ->ROS Bridge: [/world/sydney_regatta/model/wamv/link/wamv/base_link/sensor/lidar_wamv_sensor/scan/points (gz.msgs.PointCloudPacked) -> /world/sydney_regatta/model/wamv/link/wamv/base_link/sensor/lidar_wamv_sensor/scan/points (sensor_msgs/msg/PointCloud2)] (Lazy 0)
[parameter_bridge-8] [INFO] [1788007522.130390338] [wamv.ros_gz_bridge]: Creating GZ->ROS Bridge: [/world/sydney_regatta/model/wamv/link/wamv/base_link/sensor/middle_right_camera_sensor/image (gz.msgs.Image) -> /world/sydney_regatta/model/wamv/link/wamv/base_link/sensor/middle_right_camera_sensor/image (sensor_msgs/msg/Image)] (Lazy 0)
[parameter_bridge-8] [INFO] [1788007522.130649393] [wamv.ros_gz_bridge]: Creating GZ->ROS Bridge: [/world/sydney_regatta/model/wamv/link/wamv/base_link/sensor/middle_right_camera_sensor/camera_info (gz.msgs.CameraInfo) -> /world/sydney_regatta/model/wamv/link/wamv/base_link/sensor/middle_right_camera_sensor/camera_info (sensor_msgs/msg/CameraInfo)] (Lazy 0)
[parameter_bridge-8] [INFO] [1788007522.130912906] [wamv.ros_gz_bridge]: Creating GZ->ROS Bridge: [/world/sydney_regatta/model/wamv/link/wamv/gps_wamv_link/sensor/navsat/navsat (gz.msgs.NavSat) -> /world/sydney_regatta/model/wamv/link/wamv/gps_wamv_link/sensor/navsat/navsat (sensor_msgs/msg/NavSatFix)] (Lazy 0)
[parameter_bridge-8] [INFO] [1788007522.131325438] [wamv.ros_gz_bridge]: Creating GZ->ROS Bridge: [/world/sydney_regatta/model/wamv/link/wamv/imu_wamv_link/sensor/imu_wamv_sensor/imu (gz.msgs.IMU) -> /world/sydney_regatta/model/wamv/link/wamv/imu_wamv_link/sensor/imu_wamv_sensor/imu (sensor_msgs/msg/Imu)] (Lazy 0)
[parameter_bridge-8] [INFO] [1788007522.131735956] [wamv.ros_gz_bridge]: Creating ROS->GZ Bridge: [wamv/thrusters/left/thrust (std_msgs/msg/Float64) -> wamv/thrusters/left/thrust (gz.msgs.Double)] (Lazy 0)
[parameter_bridge-8] [INFO] [1788007522.132549031] [wamv.ros_gz_bridge]: Creating ROS->GZ Bridge: [wamv/thrusters/left/pos (std_msgs/msg/Float64) -> wamv/thrusters/left/pos (gz.msgs.Double)] (Lazy 0)
[parameter_bridge-8] [INFO] [1788007522.132911370] [wamv.ros_gz_bridge]: Creating ROS->GZ Bridge: [wamv/thrusters/right/thrust (std_msgs/msg/Float64) -> wamv/thrusters/right/thrust (gz.msgs.Double)] (Lazy 0)
[parameter_bridge-8] [INFO] [1788007522.133276600] [wamv.ros_gz_bridge]: Creating ROS->GZ Bridge: [wamv/thrusters/right/pos (std_msgs/msg/Float64) -> wamv/thrusters/right/pos (gz.msgs.Double)] (Lazy 0)
[parameter_bridge-8] [INFO] [1788007522.133629619] [wamv.ros_gz_bridge]: Creating GZ->ROS Bridge: [wamv/sensors/acoustics/receiver/range_bearing (gz.msgs.Param) -> wamv/sensors/acoustics/receiver/range_bearing (ros_gz_interfaces/msg/ParamVec)] (Lazy 0)
[parameter_bridge-8] [INFO] [1788007522.134114056] [wamv.ros_gz_bridge]: Creating ROS->GZ Bridge: [/pinger/set_pinger_position (geometry_msgs/msg/Vector3) -> /pinger/set_pinger_position (gz.msgs.Vector3d)] (Lazy 0)
[parameter_bridge-8] [INFO] [1788007522.134657762] [wamv.ros_gz_bridge]: Creating ROS->GZ Bridge: [/wamv/shooters/ball_shooter/fire (std_msgs/msg/Bool) -> /wamv/shooters/ball_shooter/fire (gz.msgs.Boolean)] (Lazy 0)
[gazebo-1] [1;36m[Dbg] [PolyhedraBuoyancyDrag.cc:248] [0m[1;36mBuoyancy object:[0m
[gazebo-1] [1;36m	Link: [0m[1;36mlink[0m[1;36m[[0m[1;36m138[0m[1;36m][0m
[gazebo-1] [1;36m	Pose: [0m[1;36m0[0m[1;36m [0m[1;36m0[0m[1;36m [0m[1;36m-0.02[0m[1;36m [0m[1;36m0[0m[1;36m [0m[1;36m0[0m[1;36m [0m[1;36m0[0m[1;36m[0m
[gazebo-1] [1;36m	Geometry: [0m[1;36mSphere:0.0285[0m[1;36m[0m
[gazebo-1] [1;36m	Mass: [0m[1;36m0.04[0m[1;36m[0m
[gazebo-1] [1;36m	Water height: [0m[1;36m0[0m[1;36m[0m
[gazebo-1] [1;36m	Water velocity: [0m[1;36m0[0m[1;36m[0m
[gazebo-1] [1;36m[0m
[gazebo-1] [1;36m[Dbg] [SystemManager.cc:80] [0m[1;36mLoaded system [[0m[1;36mvrx::PolyhedraBuoyancyDrag[0m[1;36m] for entity [[0m[1;36m137[0m[1;36m][0m[1;36m[0m
[gazebo-1] [1;32m[Msg] [0m[1;32mLoaded level [[0m[1;32mdefault[0m[1;32m][0m[1;32m[0m
[gazebo-1] [1;32m[Msg] [0m[1;32mServing world controls on [[0m[1;32m/world/sydney_regatta[0m[1;32m/control], [[0m[1;32m/world/sydney_regatta[0m[1;32m/control/state] and [[0m[1;32m/world/sydney_regatta[0m[1;32m/playback/control][0m[1;32m[0m
[gazebo-1] [1;32m[Msg] [0m[1;32mServing GUI information on [[0m[1;32m/world/sydney_regatta[0m[1;32m/[0m[1;32mgui/info[0m[1;32m][0m[1;32m[0m
[gazebo-1] [1;32m[Msg] [0m[1;32mWorld [[0m[1;32msydney_regatta[0m[1;32m] initialized with [[0m[1;32m4ms[0m[1;32m] physics profile.[0m[1;32m[0m
[gazebo-1] [1;32m[Msg] [0m[1;32mServing world SDF generation service on [[0m[1;32m/world/sydney_regatta[0m[1;32m/[0m[1;32mgenerate_world_sdf[0m[1;32m][0m[1;32m[0m
[gazebo-1] [1;32m[Msg] [0m[1;32mServing world names on [[0m[1;32m/gazebo/worlds[0m[1;32m][0m[1;32m[0m
[gazebo-1] [1;32m[Msg] [0m[1;32mResource path add service on [[0m[1;32m/gazebo/resource_paths/add[0m[1;32m].[0m[1;32m[0m
[gazebo-1] [1;32m[Msg] [0m[1;32mResource path get service on [[0m[1;32m/gazebo/resource_paths/get[0m[1;32m].[0m[1;32m[0m
[gazebo-1] [1;32m[Msg] [0m[1;32mResource path resolve service on [[0m[1;32m/gazebo/resource_paths/resolve[0m[1;32m].[0m[1;32m[0m
[gazebo-1] [1;32m[Msg] [0m[1;32mResource paths published on [[0m[1;32m/gazebo/resource_paths[0m[1;32m].[0m[1;32m[0m
[gazebo-1] [1;32m[Msg] [0m[1;32mServer control service on [[0m[1;32m/server_control[0m[1;32m].[0m[1;32m[0m
[gazebo-1] [1;32m[Msg] [0m[1;32mFound no publishers on /stats, adding root stats topic[0m[1;32m[0m
[gazebo-1] [1;32m[Msg] [0m[1;32mFound no publishers on /clock, adding root clock topic[0m[1;32m[0m
[gazebo-1] [1;36m[Dbg] [SimulationRunner.cc:551] [0m[1;36mCreating PostUpdate worker threads: [0m[1;36m8[0m[1;36m[0m
[gazebo-1] [1;36m[Dbg] [SimulationRunner.cc:562] [0m[1;36mCreating postupdate worker thread ([0m[1;36m0[0m[1;36m)[0m[1;36m[0m
[gazebo-1] [1;36m[Dbg] [SimulationRunner.cc:562] [0m[1;36mCreating postupdate worker thread ([0m[1;36m1[0m[1;36m)[0m[1;36m[0m
[gazebo-1] [1;36m[Dbg] [SimulationRunner.cc:562] [0m[1;36mCreating postupdate worker thread ([0m[1;36m2[0m[1;36m)[0m[1;36m[0m
[gazebo-1] [1;36m[Dbg] [SimulationRunner.cc:562] [0m[1;36mCreating postupdate worker thread ([0m[1;36m3[0m[1;36m)[0m[1;36m[0m
[gazebo-1] [1;36m[Dbg] [SimulationRunner.cc:562] [0m[1;36mCreating postupdate worker thread ([0m[1;36m4[0m[1;36m)[0m[1;36m[0m
[gazebo-1] [1;36m[Dbg] [SimulationRunner.cc:562] [0m[1;36mCreating postupdate worker thread ([0m[1;36m5[0m[1;36m)[0m[1;36m[0m
[gazebo-1] [1;36m[Dbg] [SimulationRunner.cc:562] [0m[1;36mCreating postupdate worker thread ([0m[1;36m6[0m[1;36m)[0m[1;36m[0m
[gazebo-1] [1;32m[Msg] [0m[1;32mThruster listening to commands on [[0m[1;32mwamv/thrusters/left/thrust[0m[1;32m][0m[1;32m[0m
[gazebo-1] [1;32m[Msg] [0m[1;32mThruster listening to enable_deadband on [[0m[1;32mwamv/thrusters/left/thrust/enable_deadband[0m[1;32m][0m[1;32m[0m
[gazebo-1] [1;36m[Dbg] [Thruster.cc:496] [0m[1;36mUsing velocity control for propeller joint.[0m[1;36m[0m
[gazebo-1] [1;36m[Dbg] [SystemManager.cc:80] [0m[1;36mLoaded system [[0m[1;36mgz::sim::systems::Thruster[0m[1;36m] for entity [[0m[1;36m146[0m[1;36m][0m[1;36m[0m
[gazebo-1] [1;32m[Msg] [0m[1;32mJointPositionController subscribing to Double messages on [[0m[1;32mwamv/thrusters/left/pos[0m[1;32m][0m[1;32m[0m
[gazebo-1] [1;36m[Dbg] [JointPositionController.cc:302] [0m[1;36m[JointPositionController] system parameters:[0m[1;36m[0m
[gazebo-1] [1;36m[Dbg] [JointPositionController.cc:303] [0m[1;36mp_gain: [[0m[1;36m1[0m[1;36m][0m[1;36m[0m
[gazebo-1] [1;36m[Dbg] [JointPositionController.cc:304] [0m[1;36mi_gain: [[0m[1;36m0.1[0m[1;36m][0m[1;36m[0m
[gazebo-1] [1;36m[Dbg] [JointPositionController.cc:305] [0m[1;36md_gain: [[0m[1;36m0.01[0m[1;36m][0m[1;36m[0m
[gazebo-1] [1;36m[Dbg] [JointPositionController.cc:306] [0m[1;36mi_max: [[0m[1;36m1[0m[1;36m][0m[1;36m[0m
[gazebo-1] [1;36m[Dbg] [JointPositionController.cc:307] [0m[1;36mi_min: [[0m[1;36m-1[0m[1;36m][0m[1;36m[0m
[gazebo-1] [1;36m[Dbg] [JointPositionController.cc:308] [0m[1;36mcmd_max: [[0m[1;36m1000[0m[1;36m][0m[1;36m[0m
[gazebo-1] [1;36m[Dbg] [JointPositionController.cc:309] [0m[1;36mcmd_min: [[0m[1;36m-1000[0m[1;36m][0m[1;36m[0m
[gazebo-1] [1;36m[Dbg] [JointPositionController.cc:310] [0m[1;36mcmd_offset: [[0m[1;36m0[0m[1;36m][0m[1;36m[0m
[gazebo-1] [1;36m[Dbg] [JointPositionController.cc:311] [0m[1;36mTopic: [[0m[1;36mwamv/thrusters/left/pos[0m[1;36m][0m[1;36m[0m
[gazebo-1] [1;36m[Dbg] [JointPositionController.cc:312] [0m[1;36minitial_position: [[0m[1;36m0[0m[1;36m][0m[1;36m[0m
[gazebo-1] [1;36m[Dbg] [SystemManager.cc:80] [0m[1;36mLoaded system [[0m[1;36mgz::sim::systems::JointPositionController[0m[1;36m] for entity [[0m[1;36m146[0m[1;36m][0m[1;36m[0m
[gazebo-1] [1;32m[Msg] [0m[1;32mThruster listening to commands on [[0m[1;32mwamv/thrusters/right/thrust[0m[1;32m][0m[1;32m[0m
[gazebo-1] [1;32m[Msg] [0m[1;32mThruster listening to enable_deadband on [[0m[1;32mwamv/thrusters/right/thrust/enable_deadband[0m[1;32m][0m[1;32m[0m
[gazebo-1] [1;36m[Dbg] [Thruster.cc:496] [0m[1;36mUsing velocity control for propeller joint.[0m[1;36m[0m
[gazebo-1] [1;36m[Dbg] [SystemManager.cc:80] [0m[1;36mLoaded system [[0m[1;36mgz::sim::systems::Thruster[0m[1;36m] for entity [[0m[1;36m146[0m[1;36m][0m[1;36m[0m
[gazebo-1] [1;32m[Msg] [0m[1;32mJointPositionController subscribing to Double messages on [[0m[1;32mwamv/thrusters/right/pos[0m[1;32m][0m[1;32m[0m
[gazebo-1] [1;36m[Dbg] [JointPositionController.cc:302] [0m[1;36m[JointPositionController] system parameters:[0m[1;36m[0m
[gazebo-1] [1;36m[Dbg] [JointPositionController.cc:303] [0m[1;36mp_gain: [[0m[1;36m1[0m[1;36m][0m[1;36m[0m
[gazebo-1] [1;36m[Dbg] [JointPositionController.cc:304] [0m[1;36mi_gain: [[0m[1;36m0.1[0m[1;36m][0m[1;36m[0m
[gazebo-1] [1;36m[Dbg] [JointPositionController.cc:305] [0m[1;36md_gain: [[0m[1;36m0.01[0m[1;36m][0m[1;36m[0m
[gazebo-1] [1;36m[Dbg] [JointPositionController.cc:306] [0m[1;36mi_max: [[0m[1;36m1[0m[1;36m][0m[1;36m[0m
[gazebo-1] [1;36m[Dbg] [JointPositionController.cc:307] [0m[1;36mi_min: [[0m[1;36m-1[0m[1;36m][0m[1;36m[0m
[gazebo-1] [1;36m[Dbg] [JointPositionController.cc:308] [0m[1;36mcmd_max: [[0m[1;36m1000[0m[1;36m][0m[1;36m[0m
[gazebo-1] [1;36m[Dbg] [JointPositionController.cc:309] [0m[1;36mcmd_min: [[0m[1;36m-1000[0m[1;36m][0m[1;36m[0m
[gazebo-1] [1;36m[Dbg] [JointPositionController.cc:310] [0m[1;36mcmd_offset: [[0m[1;36m0[0m[1;36m][0m[1;36m[0m
[gazebo-1] [1;36m[Dbg] [JointPositionController.cc:311] [0m[1;36mTopic: [[0m[1;36mwamv/thrusters/right/pos[0m[1;36m][0m[1;36m[0m
[gazebo-1] [1;36m[Dbg] [JointPositionController.cc:312] [0m[1;36minitial_position: [[0m[1;36m0[0m[1;36m][0m[1;36m[0m
[gazebo-1] [1;36m[Dbg] [SystemManager.cc:80] [0m[1;36mLoaded system [[0m[1;36mgz::sim::systems::JointPositionController[0m[1;36m] for entity [[0m[1;36m146[0m[1;36m][0m[1;36m[0m
[gazebo-1] [1;32m[Msg] [0m[1;32mInput Parameters:[0m[1;32m[0m
[gazebo-1] [1;32m[Msg] [0m[1;32mmodel:     [0m[1;32mPMS[0m[1;32m[0m
[gazebo-1] [1;32m[Msg] [0m[1;32mnumber:     [0m[1;32m3[0m[1;32m[0m
[gazebo-1] [1;32m[Msg] [0m[1;32mscale:      [0m[1;32m1.1[0m[1;32m[0m
[gazebo-1] [1;32m[Msg] [0m[1;32mangle:      [0m[1;32m0.4[0m[1;32m[0m
[gazebo-1] [1;32m[Msg] [0m[1;32msteepness:  [0m[1;32m0[0m[1;32m[0m
[gazebo-1] [1;32m[Msg] [0m[1;32mamplitude:  [0m[1;32m0[0m[1;32m[0m
[gazebo-1] [1;32m[Msg] [0m[1;32mperiod:     [0m[1;32m5[0m[1;32m[0m
[gazebo-1] [1;32m[Msg] [0m[1;32mdirection:  [0m[1;32m0[0m[1;32m[0m
[gazebo-1] [1;32m[Msg] [0m[1;32mtau:  [0m[1;32m2[0m[1;32m[0m
[gazebo-1] [1;32m[Msg] [0m[1;32mgain:  [0m[1;32m1[0m[1;32m[0m
[gazebo-1] [1;32m[Msg] [0m[1;32mDerived Parameters:[0m[1;32m[0m
[gazebo-1] [1;32m[Msg] [0m[1;32mamplitudes:  [0m[1;32m0.121167[0m[1;32m, [0m[1;32m0.130759[0m[1;32m, [0m[1;32m0.128568[0m[1;32m, [0m[1;32m[0m
[gazebo-1] [1;32m[Msg] [0m[1;32mwavenumbers: [0m[1;32m0.133171[0m[1;32m, [0m[1;32m0.161136[0m[1;32m, [0m[1;32m0.194975[0m[1;32m, [0m[1;32m[0m
[gazebo-1] [1;32m[Msg] [0m[1;32momegas:      [0m[1;32m1.1424[0m[1;32m, [0m[1;32m1.25664[0m[1;32m, [0m[1;32m1.3823[0m[1;32m, [0m[1;32m[0m
[gazebo-1] [1;32m[Msg] [0m[1;32mperiods:     [0m[1;32m[Msg] [0m[1;32m5.5[0m[1;32m, [0m[1;32m[Msg] [0m[1;32m5[0m[1;32m, [0m[1;32m[Msg] [0m[1;32m4.54545[0m[1;32m, [0m[1;32m[Msg] [0m[1;32m[0m
[gazebo-1] [1;32m[Msg] [0m[1;32mphases:      [0m[1;32m0[0m[1;32m, [0m[1;32m0[0m[1;32m, [0m[1;32m0[0m[1;32m, [0m[1;32m[0m
[gazebo-1] [1;32m[Msg] [0m[1;32msteepnesses: [0m[1;32m0[0m[1;32m, [0m[1;32m0[0m[1;32m, [0m[1;32m0[0m[1;32m, [0m[1;32m[0m
[gazebo-1] [1;32m[Msg] [0m[1;32mdirections:  [0m[1;32m[Msg] [0m[1;32m0.921061[0m[1;32m [0m[1;32m-0.389418[0m[1;32m; [0m[1;32m[Msg] [0m[1;32m1[0m[1;32m [0m[1;32m0[0m[1;32m; [0m[1;32m[Msg] [0m[1;32m0.921061[0m[1;32m [0m[1;32m0.389418[0m[1;32m; [0m[1;32m[Msg] [0m[1;32m[0m
[gazebo-1] [1;36m[Dbg] [Surface.cc:188] [0m[1;36mSurface plugin successfully configured with the following [0m[1;36mparameters:[0m[1;36m[0m
[gazebo-1] [1;36m[Dbg] [Surface.cc:190] [0m[1;36m  <link_name>: [0m[1;36mwamv/base_link[0m[1;36m[0m
[gazebo-1] [1;36m[Dbg] [Surface.cc:191] [0m[1;36m  <vehicle_length>: [0m[1;36m4.9[0m[1;36m[0m
[gazebo-1] [1;36m[Dbg] [Surface.cc:192] [0m[1;36m  <hull_radius>: [0m[1;36m0.213[0m[1;36m[0m
[gazebo-1] [1;36m[Dbg] [Surface.cc:193] [0m[1;36m  <fluid_level>: [0m[1;36m0[0m[1;36m[0m
[gazebo-1] [1;36m[Dbg] [Surface.cc:194] [0m[1;36m  <fluid_density>: [0m[1;36m1000[0m[1;36m[0m
[gazebo-1] [1;36m[Dbg] [Surface.cc:195] [0m[1;36m  <points>:[0m[1;36m[0m
[gazebo-1] [1;36m[Dbg] [Surface.cc:197] [0m[1;36m    [[0m[1;36m0.6[0m[1;36m [0m[1;36m1.03[0m[1;36m [0m[1;36m0[0m[1;36m][0m[1;36m[0m
[gazebo-1] [1;36m[Dbg] [Surface.cc:197] [0m[1;36m    [[0m[1;36m-1.4[0m[1;36m [0m[1;36m1.03[0m[1;36m [0m[1;36m0[0m[1;36m][0m[1;36m[0m
[gazebo-1] [1;36m[Dbg] [SystemManager.cc:80] [0m[1;36mLoaded system [[0m[1;36mvrx::Surface[0m[1;36m] for entity [[0m[1;36m146[0m[1;36m][0m[1;36m[0m
[gazebo-1] [1;32m[Msg] [0m[1;32mInput Parameters:[0m[1;32m[0m
[gazebo-1] [1;32m[Msg] [0m[1;32mmodel:     [0m[1;32mPMS[0m[1;32m[0m
[gazebo-1] [1;32m[Msg] [0m[1;32mnumber:     [0m[1;32m3[0m[1;32m[0m
[gazebo-1] [1;32m[Msg] [0m[1;32mscale:      [0m[1;32m1.1[0m[1;32m[0m
[gazebo-1] [1;32m[Msg] [0m[1;32mangle:      [0m[1;32m0.4[0m[1;32m[0m
[gazebo-1] [1;32m[Msg] [0m[1;32msteepness:  [0m[1;32m0[0m[1;32m[0m
[gazebo-1] [1;32m[Msg] [0m[1;32mamplitude:  [0m[1;32m0[0m[1;32m[0m
[gazebo-1] [1;32m[Msg] [0m[1;32mperiod:     [0m[1;32m5[0m[1;32m[0m
[gazebo-1] [1;32m[Msg] [0m[1;32mdirection:  [0m[1;32m0[0m[1;32m[0m
[gazebo-1] [1;32m[Msg] [0m[1;32mtau:  [0m[1;32m2[0m[1;32m[0m
[gazebo-1] [1;32m[Msg] [0m[1;32mgain:  [0m[1;32m1[0m[1;32m[0m
[gazebo-1] [1;32m[Msg] [0m[1;32mDerived Parameters:[0m[1;32m[0m
[gazebo-1] [1;32m[Msg] [0m[1;32mamplitudes:  [0m[1;32m0.121167[0m[1;32m, [0m[1;32m0.130759[0m[1;32m, [0m[1;32m0.128568[0m[1;32m, [0m[1;32m[0m
[gazebo-1] [1;32m[Msg] [0m[1;32mwavenumbers: [0m[1;32m0.133171[0m[1;32m, [0m[1;32m0.161136[0m[1;32m, [0m[1;32m0.194975[0m[1;32m, [0m[1;32m[0m
[gazebo-1] [1;32m[Msg] [0m[1;32momegas:      [0m[1;32m1.1424[0m[1;32m, [0m[1;32m1.25664[0m[1;32m, [0m[1;32m1.3823[0m[1;32m, [0m[1;32m[0m
[gazebo-1] [1;32m[Msg] [0m[1;32mperiods:     [0m[1;32m[Msg] [0m[1;32m5.5[0m[1;32m, [0m[1;32m[Msg] [0m[1;32m5[0m[1;32m, [0m[1;32m[Msg] [0m[1;32m4.54545[0m[1;32m, [0m[1;32m[Msg] [0m[1;32m[0m
[gazebo-1] [1;32m[Msg] [0m[1;32mphases:      [0m[1;32m0[0m[1;32m, [0m[1;32m0[0m[1;32m, [0m[1;32m0[0m[1;32m, [0m[1;32m[0m
[gazebo-1] [1;32m[Msg] [0m[1;32msteepnesses: [0m[1;32m0[0m[1;32m, [0m[1;32m0[0m[1;32m, [0m[1;32m0[0m[1;32m, [0m[1;32m[0m
[gazebo-1] [1;32m[Msg] [0m[1;32mdirections:  [0m[1;32m[Msg] [0m[1;32m0.921061[0m[1;32m [0m[1;32m-0.389418[0m[1;32m; [0m[1;32m[Msg] [0m[1;32m1[0m[1;32m [0m[1;32m0[0m[1;32m; [0m[1;32m[Msg] [0m[1;32m0.921061[0m[1;32m [0m[1;32m0.389418[0m[1;32m; [0m[1;32m[Msg] [0m[1;32m[0m
[gazebo-1] [1;36m[Dbg] [Surface.cc:188] [0m[1;36mSurface plugin successfully configured with the following [0m[1;36mparameters:[0m[1;36m[0m
[gazebo-1] [1;36m[Dbg] [Surface.cc:190] [0m[1;36m  <link_name>: [0m[1;36mwamv/base_link[0m[1;36m[0m
[gazebo-1] [1;36m[Dbg] [Surface.cc:191] [0m[1;36m  <vehicle_length>: [0m[1;36m4.9[0m[1;36m[0m
[gazebo-1] [1;36m[Dbg] [Surface.cc:192] [0m[1;36m  <hull_radius>: [0m[1;36m0.213[0m[1;36m[0m
[gazebo-1] [1;36m[Dbg] [Surface.cc:193] [0m[1;36m  <fluid_level>: [0m[1;36m0[0m[1;36m[0m
[gazebo-1] [1;36m[Dbg] [Surface.cc:194] [0m[1;36m  <fluid_density>: [0m[1;36m1000[0m[1;36m[0m
[gazebo-1] [1;36m[Dbg] [Surface.cc:195] [0m[1;36m  <points>:[0m[1;36m[0m
[gazebo-1] [1;36m[Dbg] [Surface.cc:197] [0m[1;36m    [[0m[1;36m0.6[0m[1;36m [0m[1;36m-1.03[0m[1;36m [0m[1;36m0[0m[1;36m][0m[1;36m[0m
[gazebo-1] [1;36m[Dbg] [Surface.cc:197] [0m[1;36m    [[0m[1;36m-1.4[0m[1;36m [0m[1;36m-1.03[0m[1;36m [0m[1;36m0[0m[1;36m][0m[1;36m[0m
[gazebo-1] [1;36m[Dbg] [SystemManager.cc:80] [0m[1;36mLoaded system [[0m[1;36mvrx::Surface[0m[1;36m] for entity [[0m[1;36m146[0m[1;36m][0m[1;36m[0m
[gazebo-1] [1;36m[Dbg] [SimpleHydrodynamics.cc:164] [0m[1;36mSimpleHydrodynamics plugin successfully configured with the [0m[1;36mfollowing parameters:[0m[1;36m[0m
[gazebo-1] [1;36m[Dbg] [SimpleHydrodynamics.cc:166] [0m[1;36m  <link_name>: [0m[1;36mwamv/base_link[0m[1;36m[0m
[gazebo-1] [1;36m[Dbg] [SimpleHydrodynamics.cc:167] [0m[1;36m  <xDotU>: [0m[1;36m0[0m[1;36m[0m
[gazebo-1] [1;36m[Dbg] [SimpleHydrodynamics.cc:168] [0m[1;36m  <yDotV>: [0m[1;36m0[0m[1;36m[0m
[gazebo-1] [1;36m[Dbg] [SimpleHydrodynamics.cc:169] [0m[1;36m  <zDotW>: [0m[1;36m0.1[0m[1;36m[0m
[gazebo-1] [1;36m[Dbg] [SimpleHydrodynamics.cc:170] [0m[1;36m  <kDotP>: [0m[1;36m0.1[0m[1;36m[0m
[gazebo-1] [1;36m[Dbg] [SimpleHydrodynamics.cc:171] [0m[1;36m  <mDotQ>: [0m[1;36m0.1[0m[1;36m[0m
[gazebo-1] [1;36m[Dbg] [SimpleHydrodynamics.cc:172] [0m[1;36m  <nDotR>: [0m[1;36m0[0m[1;36m[0m
[gazebo-1] [1;36m[Dbg] [SimpleHydrodynamics.cc:173] [0m[1;36m  <xU>: [0m[1;36m100[0m[1;36m[0m
[gazebo-1] [1;36m[Dbg] [SimpleHydrodynamics.cc:174] [0m[1;36m  <xUU>: [0m[1;36m150[0m[1;36m[0m
[gazebo-1] [1;36m[Dbg] [SimpleHydrodynamics.cc:175] [0m[1;36m  <yV>: [0m[1;36m100[0m[1;36m[0m
[gazebo-1] [1;36m[Dbg] [SimpleHydrodynamics.cc:176] [0m[1;36m  <yVV>: [0m[1;36m100[0m[1;36m[0m
[gazebo-1] [1;36m[Dbg] [SimpleHydrodynamics.cc:177] [0m[1;36m  <zW>: [0m[1;36m500[0m[1;36m[0m
[gazebo-1] [1;36m[Dbg] [SimpleHydrodynamics.cc:178] [0m[1;36m  <zWW>: [0m[1;36m0[0m[1;36m[0m
[gazebo-1] [1;36m[Dbg] [SimpleHydrodynamics.cc:179] [0m[1;36m  <kP>: [0m[1;36m300[0m[1;36m[0m
[gazebo-1] [1;36m[Dbg] [SimpleHydrodynamics.cc:180] [0m[1;36m  <kPP>: [0m[1;36m600[0m[1;36m[0m
[gazebo-1] [1;36m[Dbg] [SimpleHydrodynamics.cc:181] [0m[1;36m  <mQ>: [0m[1;36m900[0m[1;36m[0m
[gazebo-1] [1;36m[Dbg] [SimpleHydrodynamics.cc:182] [0m[1;36m  <mQQ>: [0m[1;36m900[0m[1;36m[0m
[gazebo-1] [1;36m[Dbg] [SimpleHydrodynamics.cc:183] [0m[1;36m  <nR>: [0m[1;36m800[0m[1;36m[0m
[gazebo-1] [1;36m[Dbg] [SimpleHydrodynamics.cc:184] [0m[1;36m  <nRR>: [0m[1;36m800[0m[1;36m[0m
[gazebo-1] [1;36m[Dbg] [SystemManager.cc:80] [0m[1;36mLoaded system [[0m[1;36mvrx::SimpleHydrodynamics[0m[1;36m] for entity [[0m[1;36m146[0m[1;36m][0m[1;36m[0m
[gazebo-1] [1;36m[Dbg] [DetachableJoint.cc:137] [0m[1;36mDetach topic is: [0m[1;36m/vrx/release[0m[1;36m[0m
[gazebo-1] [1;36m[Dbg] [DetachableJoint.cc:143] [0m[1;36mDetachableJoint subscribing to messages on [0m[1;36m[[0m[1;36m/vrx/release[0m[1;36m][0m[1;36m[0m
[gazebo-1] [1;36m[Dbg] [DetachableJoint.cc:160] [0m[1;36mAttach topic is: [0m[1;36m/model/wamv/detachable_joint/attach[0m[1;36m[0m
[gazebo-1] [1;36m[Dbg] [DetachableJoint.cc:195] [0m[1;36mOutput topic is: [0m[1;36m/model/platform/detachable_joint/state[0m[1;36m[0m
[gazebo-1] [1;36m[Dbg] [SystemManager.cc:80] [0m[1;36mLoaded system [[0m[1;36mgz::sim::systems::DetachableJoint[0m[1;36m] for entity [[0m[1;36m146[0m[1;36m][0m[1;36m[0m
[gazebo-1] [1;36m[Dbg] [SystemManager.cc:80] [0m[1;36mLoaded system [[0m[1;36mgz::sim::systems::PosePublisher[0m[1;36m] for entity [[0m[1;36m146[0m[1;36m][0m[1;36m[0m
[gazebo-1] [1;36m[Dbg] [SystemManager.cc:80] [0m[1;36mLoaded system [[0m[1;36mgz::sim::systems::JointStatePublisher[0m[1;36m] for entity [[0m[1;36m146[0m[1;36m][0m[1;36m[0m
[gazebo-1] [1;36m[Dbg] [SystemManager.cc:80] [0m[1;36mLoaded system [[0m[1;36mvrx::AcousticPingerPlugin[0m[1;36m] for entity [[0m[1;36m146[0m[1;36m][0m[1;36m[0m
[gazebo-1] [1;36m[Dbg] [BallShooterPlugin.cc:212] [0m[1;36m<projectile><model_name>: [0m[1;36mblue_projectile[0m[1;36m[0m
[gazebo-1] [1;36m[Dbg] [BallShooterPlugin.cc:213] [0m[1;36m<projectile><link_name>: [0m[1;36mlink[0m[1;36m[0m
[gazebo-1] [1;36m[Dbg] [BallShooterPlugin.cc:214] [0m[1;36m<frame>: [0m[1;36mwamv/ball_shooter_launcher_link[0m[1;36m[0m
[gazebo-1] [1;36m[Dbg] [BallShooterPlugin.cc:215] [0m[1;36m<num_shots>: [0m[1;36m4[0m[1;36m[0m
[gazebo-1] [1;36m[Dbg] [BallShooterPlugin.cc:216] [0m[1;36m<pose>: [0m[1;36m0.14[0m[1;36m [0m[1;36m0[0m[1;36m [0m[1;36m0[0m[1;36m [0m[1;36m0[0m[1;36m [0m[1;36m0[0m[1;36m [0m[1;36m0[0m[1;36m[0m
[gazebo-1] [1;36m[Dbg] [BallShooterPlugin.cc:218] [0m[1;36m<shot_force>: [0m[1;36m65[0m[1;36m[0m
[gazebo-1] [1;36m[Dbg] [BallShooterPlugin.cc:219] [0m[1;36m<topic>: [0m[1;36mwamv/shooters/ball_shooter/fire[0m[1;36m[0m
[gazebo-1] [1;36m[Dbg] [SystemManager.cc:80] [0m[1;36mLoaded system [[0m[1;36mvrx::BallShooterPlugin[0m[1;36m] for entity [[0m[1;36m146[0m[1;36m][0m[1;36m[0m
[gazebo-1] [1;36m[Dbg] [UserCommands.cc:1094] [0m[1;36mCreated entity [[0m[1;36m146[0m[1;36m] named [[0m[1;36mwamv[0m[1;36m][0m[1;36m[0m
[gazebo-1] [1;32m[Msg] [0m[1;32mContact system publishing on [0m[1;32m/vrx/contacts[0m[1;32m[0m
[gazebo-1] [1;36m[Dbg] [USVWind.cc:282] [0m[1;36mwamv[0m[1;36m initialized[0m[1;36m[0m
[gazebo-1] [1;36m[Dbg] [SDFFeatures.cc:332] [0m[1;36mMesh construction from an SDF has not been implemented yet for [0m[1;36mdartsim. Use AttachMeshShapeFeature to use mesh shapes.[0m
[gazebo-1] [1;36m[Dbg] [SDFFeatures.cc:864] [0m[1;36mThe geometry element of collision [[0m[1;36mcollision[0m[1;36m] [0m[1;36mcouldn't be created[0m
[gazebo-1] [1;36m[Dbg] [SimulationFeatures.cc:90] [0m[1;36mSimulation timestep set to: [0m[1;36m0.004[0m[1;36m[0m
[gazebo-1] [1;36m[Dbg] [Sensors.cc:953] [0m[1;36mInitialization needed[0m[1;36m[0m
[gazebo-1] [1;36m[Dbg] [Sensors.cc:349] [Dbg] [ImuSensor.cc:150] [0m[1;36mIMU data for [[0m[1;36m[Dbg] [Sensors.cc:349] [0m[1;36mwamv::wamv/imu_wamv_link::imu_wamv_sensor[0m[1;36m] advertised on [[0m[1;36mworld/sydney_regatta/model/wamv/link/wamv/imu_wamv_link/sensor/imu_wamv_sensor/imu[0m[1;36m][0m[1;36m[0m
[gazebo-1] [1;36mInitializing render context[0m[1;36m[0m
[gazebo-1] [1;32m[Msg] [0m[1;32mLoading plugin [[0m[1;32mgz-rendering-ogre2[0m[1;32m][0m[1;32m[0m
[gazebo-1] [1;32m[Msg] [0m[1;32mServing scene information on [[0m[1;32m/world/sydney_regatta[0m[1;32m/[0m[1;32mscene/info[0m[1;32m][0m[1;32m[0m
[gazebo-1] [1;32m[Msg] [0m[1;32mServing graph information on [[0m[1;32m/world/sydney_regatta[0m[1;32m/[0m[1;32mscene/graph[0m[1;32m][0m[1;32m[0m
[gazebo-1] [1;32m[Msg] [0m[1;32mServing full state on [[0m[1;32m/world/sydney_regatta[0m[1;32m/[0m[1;32mstate[0m[1;32m][0m[1;32m[0m
[gazebo-1] [1;32m[Msg] [0m[1;32mServing full state (async) on [[0m[1;32m/world/sydney_regatta[0m[1;32m/[0m[1;32mstate_async[0m[1;32m][0m[1;32m[0m
[gazebo-1] [1;32m[Msg] [0m[1;32mPublishing scene information on [[0m[1;32m/world/sydney_regatta/scene/info[0m[1;32m][0m[1;32m[0m
[gazebo-1] [1;32m[Msg] [0m[1;32mPublishing entity deletions on [[0m[1;32m/world/sydney_regatta/scene/deletion[0m[1;32m][0m[1;32m[0m
[gazebo-1] [1;32m[Msg] [0m[1;32mPublishing state changes on [[0m[1;32m/world/sydney_regatta/state[0m[1;32m][0m[1;32m[0m
[gazebo-1] [1;32m[Msg] [0m[1;32mPublishing pose messages on [[0m[1;32m/world/sydney_regatta[0m[1;32m/[0m[1;32mpose/info[0m[1;32m][0m[1;32m[0m
[gazebo-1] [1;32m[Msg] [0m[1;32mPublishing dynamic pose messages on [[0m[1;32m/world/sydney_regatta[0m[1;32m/[0m[1;32mdynamic_pose/info[0m[1;32m][0m[1;32m[0m
[gazebo-1] [1;33m[GUI] [Wrn] [Application.cc:908] [0m[1;33m[QT] file:///usr/lib/x86_64-linux-gnu/qt5/qml/QtQuick/Dialogs/DefaultFileDialog.qml:413:17: QML ToolButton: Binding loop detected for property "implicitHeight"[0m[1;33m[0m
[gazebo-1] [1;33m[GUI] [Wrn] [Application.cc:908] [0m[1;33m[QT] file:///usr/lib/x86_64-linux-gnu/qt5/qml/QtQuick/Dialogs/DefaultFileDialog.qml:309:21: QML Button: Binding loop detected for property "implicitHeight"[0m[1;33m[0m
[gazebo-1] [1;33m[GUI] [Wrn] [Application.cc:908] [0m[1;33m[QT] file:///usr/lib/x86_64-linux-gnu/qt5/qml/QtQuick/Dialogs/DefaultFileDialog.qml:309:21: QML Button: Binding loop detected for property "implicitHeight"[0m[1;33m[0m
[gazebo-1] [1;33m[GUI] [Wrn] [Application.cc:908] [0m[1;33m[QT] file:///usr/lib/x86_64-linux-gnu/qt5/qml/QtQuick/Dialogs/DefaultFileDialog.qml:413:17: QML ToolButton: Binding loop detected for property "implicitHeight"[0m[1;33m[0m
[gazebo-1] [1;33m[GUI] [Wrn] [Application.cc:908] [0m[1;33m[QT] file:///usr/lib/x86_64-linux-gnu/qt5/qml/QtQuick/Dialogs/DefaultFileDialog.qml:309:21: QML Button: Binding loop detected for property "implicitHeight"[0m[1;33m[0m
[gazebo-1] [1;33m[GUI] [Wrn] [Application.cc:908] [0m[1;33m[QT] file:///usr/lib/x86_64-linux-gnu/qt5/qml/QtQuick/Dialogs/DefaultFileDialog.qml:309:21: QML Button: Binding loop detected for property "implicitHeight"[0m[1;33m[0m
[gazebo-1] libEGL warning: pci id for fd 71: 10de:2d58, driver (null)
[gazebo-1] 
[gazebo-1] pci id for fd 72: 10de:2d58, driver (null)
[gazebo-1] pci id for fd 73: 10de:2d58, driver (null)
[gazebo-1] libEGL warning: egl: failed to create dri2 screen
[gazebo-1] libEGL warning: pci id for fd 71: 10de:2d58, driver (null)
[gazebo-1] 
[gazebo-1] pci id for fd 72: 10de:2d58, driver (null)
[gazebo-1] pci id for fd 73: 10de:2d58, driver (null)
[gazebo-1] libEGL warning: egl: failed to create dri2 screen
[gazebo-1] libEGL warning: pci id for fd 71: 10de:2d58, driver (null)
[gazebo-1] 
[gazebo-1] [1;33m[GUI] [Wrn] [Application.cc:908] [0m[1;33m[QT] file:///usr/lib/x86_64-linux-gnu/qt5/qml/QtQuick/Dialogs/DefaultFileDialog.qml:413:17: QML ToolButton: Binding loop detected for property "implicitHeight"[0m[1;33m[0m
[gazebo-1] [1;33m[GUI] [Wrn] [Application.cc:908] [0m[1;33m[QT] file:///usr/lib/x86_64-linux-gnu/qt5/qml/QtQuick/Dialogs/DefaultFileDialog.qml:309:21: QML Button: Binding loop detected for property "implicitHeight"[0m[1;33m[0m
[gazebo-1] [1;33m[GUI] [Wrn] [Application.cc:908] [0m[1;33m[QT] file:///usr/lib/x86_64-linux-gnu/qt5/qml/QtQuick/Dialogs/DefaultFileDialog.qml:309:21: QML Button: Binding loop detected for property "implicitHeight"[0m[1;33m[0m
[gazebo-1] [1;36m[Dbg] [SimulationRunner.cc:578] [0m[1;36mExiting postupdate worker threa[1;32m[Msg] [0m[1;32mGazebo Sim GUI    v[0m[1;32m8.11.0[0m[1;32m[0m
[gazebo-1] [1;36m[Dbg] [Gui.cc:275] [0m[1;36mWaiting for subscribers to [[0m[1;36m/gazebo/starting_world[0m[1;36m]...[0m[1;36m[0m
[gazebo-1] [1;36m[Dbg] [Application.cc:96] [0m[1;36mInitializing application.[0m[1;36m[0m
[gazebo-1] [1;36m[Dbg] [Application.cc:170] [0m[1;36mQt using OpenGL graphics interface[0m[1;36m[0m
[gazebo-1] [1;36m[GUI] [Dbg] [Application.cc:657] [0m[1;36mCreate main window[0m[1;36m[0m
[gazebo-1] [1;36m[GUI] [Dbg] [PathManager.cc:68] [0m[1;36mRequesting resource paths through [[0m[1;36m/gazebo/resource_paths/get[0m[1;36m][0m[1;36m[0m
[gazebo-1] [1;36m[GUI] [Dbg] [Gui.cc:355] [0m[1;36mGUI requesting list of world names. The server may be busy [0m[1;36mdownloading resources. Please be patient.[0m[1;36m[0m
[gazebo-1] [1;36m[GUI] [Dbg] [PathManager.cc:57] [0m[1;36mReceived resource paths.[0m[1;36m[0m
[gazebo-1] [1;36m[GUI] [Dbg] [Gui.cc:413] [0m[1;36mRequesting GUI from [[0m[1;36m/world/sydney_regatta/gui/info[0m[1;36m]...[0m[1;36m[0m
[gazebo-1] [1;36m[GUI] [Dbg] [GuiRunner.cc:149] [0m[1;36mRequesting initial state from [[0m[1;36m/world/sydney_regatta/state[0m[1;36m]...[0m[1;36m[0m
[gazebo-1] [1;36m[GUI] [Dbg] [Application.cc:528] [0m[1;36mLoading plugin [[0m[1;36mMinimalScene[0m[1;36m][0m[1;36m[0m
[gazebo-1] [1;36m[GUI] [Dbg] [MinimalScene.cc:802] [0m[1;36mCreating gz-rendering interface for OpenGL[0m[1;36m[0m
[gazebo-1] [1;36m[GUI] [Dbg] [MinimalScene.cc:802] [0m[1;36mCreating gz-rendering interface for OpenGL[0m[1;36m[0m
[gazebo-1] [1;36m[GUI] [Dbg] [MinimalScene.cc:986] [0m[1;36mCreating render thread interface for OpenGL[0m[1;36m[0m
[gazebo-1] [1;36m[GUI] [Dbg] [MinimalScene.cc:802] [0m[1;36mCreating gz-rendering interface for OpenGL[0m[1;36m[0m
[gazebo-1] [1;36m[GUI] [Dbg] [MinimalScene.cc:986] [0m[1;36mCreating render thread interface for OpenGL[0m[1;36m[0m
[gazebo-1] [1;32m[GUI] [0m[1;32m[Msg] [0m[1;32mAdded plugin [[0m[1;32m3D View[0m[1;32m] to main window[0m[1;32m[0m
[gazebo-1] [1;32m[GUI] [0m[1;32m[Msg] [0m[1;32mLoaded plugin [[0m[1;32mMinimalScene[0m[1;32m] from path [[0m[1;32m/opt/ros/jazzy/opt/gz_gui_vendor/lib/gz-gui-8/plugins/libMinimalScene.so[0m[1;32m][0m[1;32m[0m
[gazebo-1] [1;36m[GUI] [Dbg] [Application.cc:528] [0m[1;36mLoading plugin [[0m[1;36mEntityContextMenuPlugin[0m[1;36m][0m[1;36m[0m
[gazebo-1] [1;32m[GUI] [0m[1;32m[Msg] [0m[1;32mCurrently tracking topic on [[0m[1;32m/gui/currently_tracked[0m[1;32m][0m[1;32m[0m
[gazebo-1] [1;32m[GUI] [0m[1;32m[Msg] [0m[1;32mAdded plugin [[0m[1;32mEntity Context Menu[0m[1;32m] to main window[0m[1;32m[0m
[gazebo-1] [1;32m[GUI] [0m[1;32m[Msg] [0m[1;32mLoaded plugin [[0m[1;32mEntityContextMenuPlugin[0m[1;32m] from path [[0m[1;32m/opt/ros/jazzy/opt/gz_sim_vendor/lib/gz-sim-8/plugins/gui/libEntityContextMenuPlugin.so[0m[1;32m][0m[1;32m[0m
[gazebo-1] [1;36m[GUI] [Dbg] [Application.cc:528] [0m[1;36mLoading plugin [[0m[1;36mGzSceneManager[0m[1;36m][0m[1;36m[0m
[gazebo-1] [1;32m[GUI] [0m[1;32m[Msg] [0m[1;32mAdded plugin [[0m[1;32mScene Manager[0m[1;32m] to main window[0m[1;32m[0m
[gazebo-1] [1;32m[GUI] [0m[1;32m[Msg] [0m[1;32mLoaded plugin [[0m[1;32mGzSceneManager[0m[1;32m] from path [[0m[1;32m/opt/ros/jazzy/opt/gz_sim_vendor/lib/gz-sim-8/plugins/gui/libGzSceneManager.so[0m[1;32m][0m[1;32m[0m
[gazebo-1] [1;36m[GUI] [Dbg] [Application.cc:528] [0m[1;36mLoading plugin [[0m[1;36mInteractiveViewControl[0m[1;36m][0m[1;36m[0m
[gazebo-1] [1;32m[GUI] [0m[1;32m[Msg] [0m[1;32mCamera view controller topic advertised on [[0m[1;32m/gui/camera/view_control[0m[1;32m][0m[1;32m[0m
[gazebo-1] [1;32m[GUI] [0m[1;32m[Msg] [0m[1;32mCamera reference visual topic advertised on [[0m[1;32m/gui/camera/view_control/reference_visual[0m[1;32m][0m[1;32m[0m
[gazebo-1] [1;32m[GUI] [0m[1;32m[Msg] [0m[1;32mCamera view control sensitivity advertised on [[0m[1;32m/gui/camera/view_control/sensitivity[0m[1;32m][0m[1;32m[0m
[gazebo-1] [1;32m[GUI] [0m[1;32m[Msg] [0m[1;32mAdded plugin [[0m[1;32mInteractive view control[0m[1;32m] to main window[0m[1;32m[0m
[gazebo-1] [1;33m[GUI] [Wrn] [Application.cc:908] [0m[1;33m[QT] QQuickItem::setParentItem: Parent GzCard_QMLTYPE_249(0x5bd6166ec490, name="plugin7810", parent=0x5bd61430a1e0, geometry=0,0 350x90) is already part of the subtree of GzCard_QMLTYPE_249(0x5bd6166ec490, name="plugin7810", parent=0x5bd61430a1e0, geometry=0,0 350x90)[0m[1;33m[0m
[gazebo-1] [1;33m[GUI] [Wrn] [Application.cc:908] [0m[1;33m[QT] file::qml/GzCard.qml:26:1: QML GzCard: Cannot anchor item to self.[0m[1;33m[0m
[gazebo-1] [1;33m[GUI] [Wrn] [Application.cc:908] [0m[1;33m[QT] file::qml/GzCard.qml:26:1: QML GzCard: Cannot anchor item to self.[0m[1;33m[0m
[gazebo-1] [1;32m[GUI] [0m[1;32m[Msg] [0m[1;32mLoaded plugin [[0m[1;32mInteractiveViewControl[0m[1;32m] from path [[0m[1;32m/opt/ros/jazzy/opt/gz_gui_vendor/lib/gz-gui-8/plugins/libInteractiveViewControl.so[0m[1;32m][0m[1;32m[0m
[gazebo-1] [1;36m[GUI] [Dbg] [Application.cc:528] [0m[1;36mLoading plugin [[0m[1;36mCameraTracking[0m[1;36m][0m[1;36m[0m
[gazebo-1] [1;32m[GUI] [0m[1;32m[Msg] [0m[1;32mAdded plugin [[0m[1;32mCamera tracking[0m[1;32m] to main window[0m[1;32m[0m
[gazebo-1] [1;32m[GUI] [0m[1;32m[Msg] [0m[1;32mLoaded plugin [[0m[1;32mCameraTracking[0m[1;32m] from path [[0m[1;32m/opt/ros/jazzy/opt/gz_gui_vendor/lib/gz-gui-8/plugins/libCameraTracking.so[0m[1;32m][0m[1;32m[0m
[gazebo-1] [1;36m[GUI] [Dbg] [Application.cc:528] [0m[1;36mLoading plugin [[0m[1;36mMarkerManager[0m[1;36m][0m[1;36m[0m
[gazebo-1] [1;32m[GUI] [0m[1;32m[Msg] [0m[1;32mListening to stats on [[0m[1;32m/world/sydney_regatta/stats[0m[1;32m][0m[1;32m[0m
[gazebo-1] [1;32m[GUI] [0m[1;32m[Msg] [0m[1;32mAdded plugin [[0m[1;32mMarker Manager[0m[1;32m] to main window[0m[1;32m[0m
[gazebo-1] [1;32m[GUI] [0m[1;32m[Msg] [0m[1;32mLoaded plugin [[0m[1;32mMarkerManager[0m[1;32m] from path [[0m[1;32m/opt/ros/jazzy/opt/gz_gui_vendor/lib/gz-gui-8/plugins/libMarkerManager.so[0m[1;32m][0m[1;32m[0m
[gazebo-1] [1;36m[GUI] [Dbg] [Application.cc:528] [0m[1;36mLoading plugin [[0m[1;36mSelectEntities[0m[1;36m][0m[1;36m[0m
[gazebo-1] [1;32m[GUI] [0m[1;32m[Msg] [0m[1;32mAdded plugin [[0m[1;32mSelect entities[0m[1;32m] to main window[0m[1;32m[0m
[gazebo-1] [1;32m[GUI] [0m[1;32m[Msg] [0m[1;32mLoaded plugin [[0m[1;32mSelectEntities[0m[1;32m] from path [[0m[1;32m/opt/ros/jazzy/opt/gz_sim_vendor/lib/gz-sim-8/plugins/gui/libSelectEntities.so[0m[1;32m][0m[1;32m[0m
[gazebo-1] [1;36m[GUI] [Dbg] [Application.cc:528] [0m[1;36mLoading plugin [[0m[1;36mVisualizationCapabilities[0m[1;36m][0m[1;36m[0m
[gazebo-1] [1;32m[GUI] [0m[1;32m[Msg] [0m[1;32mView as transparent service on [[0m[1;32m/gui/view/transparent[0m[1;32m][0m[1;32m[0m
[gazebo-1] [1;32m[GUI] [0m[1;32m[Msg] [0m[1;32mView as wireframes service on [[0m[1;32m/gui/view/wireframes[0m[1;32m][0m[1;32m[0m
[gazebo-1] [1;32m[GUI] [0m[1;32m[Msg] [0m[1;32mView center of mass service on [[0m[1;32m/gui/view/com[0m[1;32m][0m[1;32m[0m
[gazebo-1] [1;32m[GUI] [0m[1;32m[Msg] [0m[1;32mView inertia service on [[0m[1;32m/gui/view/inertia[0m[1;32m][0m[1;32m[0m
[gazebo-1] [1;32m[GUI] [0m[1;32m[Msg] [0m[1;32mView collisions service on [[0m[1;32m/gui/view/collisions[0m[1;32m][0m[1;32m[0m
[gazebo-1] [1;32m[GUI] [0m[1;32m[Msg] [0m[1;32mView joints service on [[0m[1;32m/gui/view/joints[0m[1;32m][0m[1;32m[0m
[gazebo-1] [1;32m[GUI] [0m[1;32m[Msg] [0m[1;32mView frames service on [[0m[1;32m/gui/view/frames[0m[1;32m][0m[1;32m[0m
[gazebo-1] [1;32m[GUI] [0m[1;32m[Msg] [0m[1;32mAdded plugin [[0m[1;32mVisualization capabilities[0m[1;32m] to main window[0m[1;32m[0m
[gazebo-1] [1;32m[GUI] [0m[1;32m[Msg] [0m[1;32mLoaded plugin [[0m[1;32mVisualizationCapabilities[0m[1;32m] from path [[0m[1;32m/opt/ros/jazzy/opt/gz_sim_vendor/lib/gz-sim-8/plugins/gui/libVisualizationCapabilities.so[0m[1;32m][0m[1;32m[0m
[gazebo-1] [1;36m[GUI] [Dbg] [Application.cc:528] [0m[1;36mLoading plugin [[0m[1;36mSpawn[0m[1;36m][0m[1;36m[0m
[gazebo-1] [1;32m[GUI] [0m[1;32m[Msg] [0m[1;32mAdded plugin [[0m[1;32mSpawn[0m[1;32m] to main window[0m[1;32m[0m
[gazebo-1] [1;32m[GUI] [0m[1;32m[Msg] [0m[1;32mLoaded plugin [[0m[1;32mSpawn[0m[1;32m] from path [[0m[1;32m/opt/ros/jazzy/opt/gz_sim_vendor/lib/gz-sim-8/plugins/gui/libSpawn.so[0m[1;32m][0m[1;32m[0m
[gazebo-1] [1;36m[GUI] [Dbg] [Application.cc:528] [0m[1;36mLoading plugin [[0m[1;36mWorldControl[0m[1;36m][0m[1;36m[0m
[gazebo-1] [1;32m[GUI] [0m[1;32m[Msg] [0m[1;32mUsing world control service [[0m[1;32m/world/sydney_regatta/control[0m[1;32m][0m[1;32m[0m
[gazebo-1] [1;32m[GUI] [0m[1;32m[Msg] [0m[1;32mListening to stats on [[0m[1;32m/world/sydney_regatta/stats[0m[1;32m][0m[1;32m[0m
[gazebo-1] [1;36m[GUI] [Dbg] [WorldControl.cc:237] [0m[1;36mUsing an event to share WorldControl msgs with the server[0m
[gazebo-1] [1;32m[GUI] [0m[1;32m[Msg] [0m[1;32mAdded plugin [[0m[1;32mWorld control[0m[1;32m] to main window[0m[1;32m[0m
[gazebo-1] [1;33m[GUI] [Wrn] [Application.cc:908] [0m[1;33m[QT] file:///usr/lib/x86_64-linux-gnu/qt5/qml/QtQuick/Dialogs/DefaultFileDialog.qml:413:17: QML ToolButton: Binding loop detected for property "implicitHeight"[0m[1;33m[0m
[gazebo-1] [1;33m[GUI] [Wrn] [Application.cc:908] [0m[1;33m[QT] file:///usr/lib/x86_64-linux-gnu/qt5/qml/QtQuick/Dialogs/DefaultFileDialog.qml:309:21: QML Button: Binding loop detected for property "implicitHeight"[0m[1;33m[0m
[gazebo-1] [1;33m[GUI] [Wrn] [Application.cc:908] [0m[1;33m[QT] file:///usr/lib/x86_64-linux-gnu/qt5/qml/QtQuick/Dialogs/DefaultFileDialog.qml:309:21: QML Button: Binding loop detected for property "implicitHeight"[0m[1;33m[0m
[gazebo-1] [1;33m[GUI] [Wrn] [Application.cc:908] [0m[1;33m[QT] file:///usr/lib/x86_64-linux-gnu/qt5/qml/QtQuick/Dialogs/DefaultFileDialog.qml:413:17: QML ToolButton: Binding loop detected for property "implicitHeight"[0m[1;33m[0m
[gazebo-1] [1;33m[GUI] [Wrn] [Application.cc:908] [0m[1;33m[QT] file:///usr/lib/x86_64-linux-gnu/qt5/qml/QtQuick/Dialogs/DefaultFileDialog.qml:309:21: QML Button: Binding loop detected for property "implicitHeight"[0m[1;33m[0m
[gazebo-1] [1;33m[GUI] [Wrn] [Application.cc:908] [0m[1;33m[QT] file:///usr/lib/x86_64-linux-gnu/qt5/qml/QtQuick/Dialogs/DefaultFileDialog.qml:309:21: QML Button: Binding loop detected for property "implicitHeight"[0m[1;33m[0m
[gazebo-1] [1;33m[GUI] [Wrn] [Application.cc:908] [0m[1;33m[QT] file::/ComponentInspector/ComponentInspector.qml:251:3: QML Dialog: Binding loop detected for property "implicitHeight"[0m[1;33m[0m
[gazebo-1] [1;33m[GUI] [Wrn] [Application.cc:908] [0m[1;33m[QT] file:///usr/lib/x86_64-linux-gnu/qt5/qml/QtQuick/Dialogs/DefaultFileDialog.qml:413:17: QML ToolButton: Binding loop detected for property "implicitHeight"[0m[1;33m[0m
[gazebo-1] [1;33m[GUI] [Wrn] [Application.cc:908] [0m[1;33m[QT] file:///usr/lib/x86_64-linux-gnu/qt5/qml/QtQuick/Dialogs/DefaultFileDialog.qml:309:21: QML Button: Binding loop detected for property "implicitHeight"[0m[1;33m[0m
[gazebo-1] [1;33m[GUI] [Wrn] [Application.cc:908] [0m[1;33m[QT] file:///usr/lib/x86_64-linux-gnu/qt5/qml/QtQuick/Dialogs/DefaultFileDialog.qml:309:21: QML Button: Binding loop detected for property "implicitHeight"[0m[1;33m[0m
[gazebo-1] [1;32m[GUI] [0m[1;32m[Msg] [0m[1;32mLoaded plugin [[0m[1;32mWorldControl[0m[1;32m] from path [[0m[1;32m/opt/ros/jazzy/opt/gz_gui_vendor/lib/gz-gui-8/plugins/libWorldControl.so[0m[1;32m][0m[1;32m[0m
[gazebo-1] [1;36m[GUI] [Dbg] [Application.cc:528] [0m[1;36mLoading plugin [[0m[1;36mWorldStats[0m[1;36m][0m[1;36m[0m
[gazebo-1] [1;32m[GUI] [0m[1;32m[Msg] [0m[1;32mListening to stats on [[0m[1;32m/world/sydney_regatta/stats[0m[1;32m][0m[1;32m[0m
[gazebo-1] [1;32m[GUI] [0m[1;32m[Msg] [0m[1;32mAdded plugin [[0m[1;32mWorld stats[0m[1;32m] to main window[0m[1;32m[0m
[gazebo-1] [1;32m[GUI] [0m[1;32m[Msg] [0m[1;32mLoaded plugin [[0m[1;32mWorldStats[0m[1;32m] from path [[0m[1;32m/opt/ros/jazzy/opt/gz_gui_vendor/lib/gz-gui-8/plugins/libWorldStats.so[0m[1;32m][0m[1;32m[0m
[gazebo-1] [1;36m[GUI] [Dbg] [Application.cc:528] [0m[1;36mLoading plugin [[0m[1;36mShapes[0m[1;36m][0m[1;36m[0m
[gazebo-1] [1;32m[GUI] [0m[1;32m[Msg] [0m[1;32mAdded plugin [[0m[1;32mShapes[0m[1;32m] to main window[0m[1;32m[0m
[gazebo-1] [1;32m[GUI] [0m[1;32m[Msg] [0m[1;32mLoaded plugin [[0m[1;32mShapes[0m[1;32m] from path [[0m[1;32m/opt/ros/jazzy/opt/gz_sim_vendor/lib/gz-sim-8/plugins/gui/libShapes.so[0m[1;32m][0m[1;32m[0m
[gazebo-1] [1;36m[GUI] [Dbg] [Application.cc:528] [0m[1;36mLoading plugin [[0m[1;36mLights[0m[1;36m][0m[1;36m[0m
[gazebo-1] [1;32m[GUI] [0m[1;32m[Msg] [0m[1;32mAdded plugin [[0m[1;32mLights[0m[1;32m] to main window[0m[1;32m[0m
[gazebo-1] [1;32m[GUI] [0m[1;32m[Msg] [0m[1;32mLoaded plugin [[0m[1;32mLights[0m[1;32m] from path [[0m[1;32m/opt/ros/jazzy/opt/gz_sim_vendor/lib/gz-sim-8/plugins/gui/libLights.so[0m[1;32m][0m[1;32m[0m
[gazebo-1] [1;36m[GUI] [Dbg] [Application.cc:528] [0m[1;36mLoading plugin [[0m[1;36mTransformControl[0m[1;36m][0m[1;36m[0m
[gazebo-1] [1;32m[GUI] [0m[1;32m[Msg] [0m[1;32mAdded plugin [[0m[1;32mTransform control[0m[1;32m] to main window[0m[1;32m[0m
[gazebo-1] [1;32m[GUI] [0m[1;32m[Msg] [0m[1;32mLoaded plugin [[0m[1;32mTransformControl[0m[1;32m] from path [[0m[1;32m/opt/ros/jazzy/opt/gz_sim_vendor/lib/gz-sim-8/plugins/gui/libTransformControl.so[0m[1;32m][0m[1;32m[0m
[gazebo-1] [1;36m[GUI] [Dbg] [Application.cc:528] [0m[1;36mLoading plugin [[0m[1;36mScreenshot[0m[1;36m][0m[1;36m[0m
[gazebo-1] [1;32m[GUI] [0m[1;32m[Msg] [0m[1;32mScreenshot service on [[0m[1;32m/gui/screenshot[0m[1;32m][0m[1;32m[0m
[gazebo-1] [1;32m[GUI] [0m[1;32m[Msg] [0m[1;32mAdded plugin [[0m[1;32mScreenshot[0m[1;32m] to main window[0m[1;32m[0m
[gazebo-1] [1;32m[GUI] [0m[1;32m[Msg] [0m[1;32mLoaded plugin [[0m[1;32mScreenshot[0m[1;32m] from path [[0m[1;32m/opt/ros/jazzy/opt/gz_gui_vendor/lib/gz-gui-8/plugins/libScreenshot.so[0m[1;32m][0m[1;32m[0m
[gazebo-1] [1;36m[GUI] [Dbg] [Application.cc:528] [0m[1;36mLoading plugin [[0m[1;36mVideoRecorder[0m[1;36m][0m[1;36m[0m
[gazebo-1] [1;32m[GUI] [0m[1;32m[Msg] [0m[1;32mAdded plugin [[0m[1;32mVideo recorder[0m[1;32m] to main window[0m[1;32m[0m
[gazebo-1] [1;32m[GUI] [0m[1;32m[Msg] [0m[1;32mLoaded plugin [[0m[1;32mVideoRecorder[0m[1;32m] from path [[0m[1;32m/opt/ros/jazzy/opt/gz_sim_vendor/lib/gz-sim-8/plugins/gui/libVideoRecorder.so[0m[1;32m][0m[1;32m[0m
[gazebo-1] [1;36m[GUI] [Dbg] [Application.cc:528] [0m[1;36mLoading plugin [[0m[1;36mComponentInspector[0m[1;36m][0m[1;36m[0m
[gazebo-1] [1;32m[GUI] [0m[1;32m[Msg] [0m[1;32mAdded plugin [[0m[1;32mComponent inspector[0m[1;32m] to main window[0m[1;32m[0m
[gazebo-1] [1;32m[GUI] [0m[1;32m[Msg] [0m[1;32mLoaded plugin [[0m[1;32mComponentInspector[0m[1;32m] from path [[0m[1;32m/opt/ros/jazzy/opt/gz_sim_vendor/lib/gz-sim-8/plugins/gui/libComponentInspector.so[0m[1;32m][0m[1;32m[0m
[gazebo-1] [1;36m[GUI] [Dbg] [Application.cc:528] [0m[1;36mLoading plugin [[0m[1;36mEntityTree[0m[1;36m][0m[1;36m[0m
[gazebo-1] [1;32m[GUI] [0m[1;32m[Msg] [0m[1;32mCurrently tracking topic on [[0m[1;32m/gui/currently_tracked[0m[1;32m][0m[1;32m[0m
[gazebo-1] [1;32m[GUI] [0m[1;32m[Msg] [0m[1;32mAdded plugin [[0m[1;32mEntity tree[0m[1;32m] to main window[0m[1;32m[0m
[gazebo-1] [1;33m[GUI] [Wrn] [Application.cc:908] [0m[1;33m[QT] file::/ViewAngle/ViewAngle.qml:251:5: Unable to assign int to QColor[0m[1;33m[0m
[gazebo-1] [1;33m[GUI] [Wrn] [Application.cc:908] [0m[1;33m[QT] file::/ViewAngle/ViewAngle.qml:279:5: Unable to assign int to QColor[0m[1;33m[0m
[gazebo-1] [1;33m[GUI] [Wrn] [Application.cc:908] [0m[1;33m[QT] file::/ViewAngle/ViewAngle.qml:333:5: Unable to assign int to QColor[0m[1;33m[0m
[gazebo-1] [1;33m[GUI] [Wrn] [Application.cc:908] [0m[1;33m[QT] file::/libgz_click_to_goal.so/libgz_click_to_goal.so.qml:33: ReferenceError: plugin is not defined[0m[1;33m[0m
[gazebo-1] [1;33m[GUI] [Wrn] [Application.cc:908] [0m[1;33m[QT] file::/WorldStats/WorldStats.qml:53:3: QML RowLayout: Binding loop detected for property "x"[0m[1;33m[0m
[gazebo-1] libEGL warning: pci id for fd 116: 10de:2d58, driver (null)
[gazebo-1] 
[gazebo-1] pci id for fd 117: 10de:2d58, driver (null)
[gazebo-1] pci id for fd 118: 10de:2d58, driver (null)
[gazebo-1] libEGL warning: egl: failed to create dri2 screen
[gazebo-1] libEGL warning: pci id for fd 116: 10de:2d58, driver (null)
[gazebo-1] 
[gazebo-1] pci id for fd 117: 10de:2d58, driver (null)
[gazebo-1] pci id for fd 118: 10de:2d58, driver (null)
[gazebo-1] libEGL warning: egl: failed to create dri2 screen
[gazebo-1] libEGL warning: pci id for fd 116: 10de:2d58, driver (null)
[gazebo-1] 
[gazebo-1] [1;32m[GUI] [0m[1;32m[Msg] [0m[1;32mLoaded plugin [[0m[1;32mEntityTree[0m[1;32m] from path [[0m[1;32m/opt/ros/jazzy/opt/gz_sim_vendor/lib/gz-sim-8/plugins/gui/libEntityTree.so[0m[1;32m][0m[1;32m[0m
[gazebo-1] [1;36m[GUI] [Dbg] [Application.cc:528] [0m[1;36mLoading plugin [[0m[1;36mViewAngle[0m[1;36m][0m[1;36m[0m
[gazebo-1] [1;32m[GUI] [0m[1;32m[Msg] [0m[1;32mMove to model service on [[0m[1;32m/gui/move_to/model[0m[1;32m][0m[1;32m[0m
[gazebo-1] [1;32m[GUI] [0m[1;32m[Msg] [0m[1;32mAdded plugin [[0m[1;32mView Angle[0m[1;32m] to main window[0m[1;32m[0m
[gazebo-1] [1;32m[GUI] [0m[1;32m[Msg] [0m[1;32mLoaded plugin [[0m[1;32mViewAngle[0m[1;32m] from path [[0m[1;32m/opt/ros/jazzy/opt/gz_sim_vendor/lib/gz-sim-8/plugins/gui/libViewAngle.so[0m[1;32m][0m[1;32m[0m
[gazebo-1] [1;36m[GUI] [Dbg] [Application.cc:528] [0m[1;36mLoading plugin [[0m[1;36mlibgz_click_to_goal.so[0m[1;36m][0m[1;36m[0m
[gazebo-1] [1;32m[GUI] [0m[1;32m[Msg] [0m[1;32mgz_click_to_goal: marker->/marker, point->/gazebo/click/point[0m[1;32m[0m
[gazebo-1] [1;32m[GUI] [0m[1;32m[Msg] [0m[1;32mAdded plugin [[0m[1;32mWaypoint Control[0m[1;32m] to main window[0m[1;32m[0m
[gazebo-1] [1;32m[GUI] [0m[1;32m[Msg] [0m[1;32mLoaded plugin [[0m[1;32mlibgz_click_to_goal.so[0m[1;32m] from path [[0m[1;32m/home/jkjkzhang/lidar_project/install/usv_click_gazebo/lib/usv_click_gazebo/libgz_click_to_goal.so[0m[1;32m][0m[1;32m[0m
[gazebo-1] [1;36m[GUI] [Dbg] [MinimalScene.cc:802] [0m[1;36mCreating gz-rendering interface for OpenGL[0m[1;36m[0m
[gazebo-1] [1;36m[GUI] [Dbg] [MinimalScene.cc:986] [0m[1;36mCreating render thread interface for OpenGL[0m[1;36m[0m
[gazebo-1] [1;32m[GUI] [0m[1;32m[Msg] [0m[1;32mLoading plugin [[0m[1;32mgz-rendering-ogre2[0m[1;32m][0m[1;32m[0m
[gazebo-1] [1;36m[GUI] [Dbg] [MinimalScene.cc:749] [0m[1;36mCreate scene [[0m[1;36mscene[0m[1;36m][0m[1;36m[0m
[gazebo-1] [1;36m[GUI] [Dbg] [MinimalScene.cc:1037] [0m[1;36mCreating texture node render interface for OpenGL[0m[1;36m[0m
[gazebo-1] [1;36m[GUI] [Dbg] [ViewAngle.cc:467] [0m[1;36mViewAngle plugin is moving camera [[0m[1;36mscene::Camera(65527)[0m[1;36m][0m[1;36m[0m
[gazebo-1] [1;36m[GUI] [Dbg] [VideoRecorder.cc:136] [0m[1;36mVideo Recorder plugin is recoding camera [[0m[1;36mscene::Camera(65527)[0m[1;36m][0m[1;36m[0m
[gazebo-1] [1;32m[GUI] [0m[1;32m[Msg] [0m[1;32mVideo recorder stats topic advertised on [[0m[1;32m/gui/record_video/stats[0m[1;32m][0m[1;32m[0m
[gazebo-1] [1;36m[GUI] [Dbg] [TransformControl.cc:453] [0m[1;36mTransformControl plugin is using camera [[0m[1;36mscene::Camera(65527)[0m[1;36m][0m[1;36m[0m
[gazebo-1] [1;36m[GUI] [Dbg] [Spawn.cc:308] [0m[1;36mSpawn plugin is using camera [[0m[1;36mscene::Camera(65527)[0m[1;36m][0m[1;36m[0m
[gazebo-1] [1;36m[GUI] [Dbg] [SelectEntities.cc:452] [0m[1;36mSelectEntities plugin is using camera [[0m[1;36mscene::Camera(65527)[0m[1;36m][0m[1;36m[0m
[gazebo-1] [1;36m[GUI] [Dbg] [MarkerManager.cc:169] [0m[1;36mAdvertise [0m[1;36m/marker[0m[1;36m/list service.[0m
[gazebo-1] [1;36m[GUI] [Dbg] [MarkerManager.cc:179] [0m[1;36mAdvertise [0m[1;36m/marker[0m[1;36m/list.[0m
[gazebo-1] [1;36m[GUI] [Dbg] [MarkerManager.cc:189] [0m[1;36mAdvertise [0m[1;36m/marker[0m[1;36m_array.[0m
[gazebo-1] [1;36m[GUI] [Dbg] [CameraTracking.cc:205] [0m[1;36mCameraTrackingPrivate plugin is moving camera [[0m[1;36mscene::Camera(65527)[0m[1;36m][0m[1;36m[0m
[gazebo-1] [1;32m[GUI] [0m[1;32m[Msg] [0m[1;32mMove to service on [[0m[1;32m/gui/move_to[0m[1;32m][0m[1;32m[0m
[gazebo-1] [1;32m[GUI] [0m[1;32m[Msg] [0m[1;32mFollow service on [[0m[1;32m/gui/follow[0m[1;32m] (deprecated)[0m[1;32m[0m
[gazebo-1] [1;32m[GUI] [0m[1;32m[Msg] [0m[1;32mTracking topic on [[0m[1;32m/gui/track[0m[1;32m][0m[1;32m[0m
[gazebo-1] [1;32m[GUI] [0m[1;32m[Msg] [0m[1;32mTracking status topic on [[0m[1;32m/gui/currently_tracked[0m[1;32m][0m[1;32m[0m
[gazebo-1] [1;32m[GUI] [0m[1;32m[Msg] [0m[1;32mMove to pose service on [[0m[1;32m/gui/move_to/pose[0m[1;32m][0m[1;32m[0m
[gazebo-1] [1;32m[GUI] [0m[1;32m[Msg] [0m[1;32mCamera pose topic advertised on [[0m[1;32m/gui/camera/pose[0m[1;32m][0m[1;32m[0m
[gazebo-1] [1;32m[GUI] [0m[1;32m[Msg] [0m[1;32mFollow offset service on [[0m[1;32m/gui/follow/offset[0m[1;32m] (deprecated)[0m[1;32m[0m
[gazebo-1] [1;33m[Wrn] [Ogre2Camera.cc:423] [0m[1;33mOgre2Camera::SetVisibilityMask: Mask bits [0m[1;33mc0000000[0m[1;33m are set but will be ignored as they conflict with the [0m[1;33mreserved bits used internally by the ogre2 backend.[0m[1;33m[0m
[gazebo-1] [1;33m[Wrn] [Ogre2Camera.cc:423] [0m[1;33mOgre2Camera::SetVisibilityMask: Mask bits [0m[1;33mc0000000[0m[1;33m are set but will be ignored as they conflict with the [0m[1;33mreserved bits used internally by the ogre2 backend.[0m[1;33m[0m
[gazebo-1] [1;3d ([0m[1;36m1[0m[1;36m)[0m[1;36m[0m
[gazebo-1] [1;36m[Dbg] [SimulationRunner.cc:578] [Dbg] [SimulationRunner.cc:578] [0m[1;36mExiting postupdate worker thread ([0m[1;36m6[0m[1;36m)[0m[1;36m)[Dbg] [SimulationRunner.cc:578] [0m[1;36mExiting postupdate worker thread ([0m[1;36m2[0m[1;36m)[0m[1;36mExiting postupdate worker thread ([0m[1;36m5[0m[1;36m)[0m[1;36m)[0m[1;36m[0m
[gazebo-1] [1;36m[0m
[gazebo-1] [1;36m[Dbg] [SimulationRunner.cc:578] [0m[1;36mExiting postupdate worker thread ([0m[1;36m4[0m[1;36m)[0m[1;36m)[Dbg] [SimulationRunner.cc:578] [0m[1;36mExiting postupdate worker thread ([0m[1;36m3[0m[1;36m)[0m[1;36m[0m
[gazebo-1] [1;36mExiting postupdate worker thread ([0m[1;36m0[0m[1;36m)[0m[1;36m[0m
[gazebo-1] [1;36m[Dbg] [SimulationRunner.cc:551] [0m[1;36mCreating PostUpdate worker threads: [0m[1;36m12[0m[1;36m[0m
[gazebo-1] [1;36m[Dbg] [SimulationRunner.cc:562] [0m[1;36mCreating postupdate worker thread ([0m[1;36m0[0m[1;36m)[0m[1;36m[0m
[gazebo-1] [1;36m[Dbg] [SimulationRunner.cc:562] [0m[1;36mCreating postupdate worker thread ([0m[1;36m1[0m[1;36m)[0m[1;36m[0m
[gazebo-1] [1;36m[Dbg] [SimulationRunner.cc:562] [0m[1;36mCreating postupdate worker thread ([0m[1;36m2[0m[1;36m)[0m[1;36m[0m
[gazebo-1] [1;36m[Dbg] [SimulationRunner.cc:562] [0m[1;36mCreating postupdate worker thread ([0m[1;36m3[0m[1;36m)[0m[1;36m[0m
[gazebo-1] [1;36m[Dbg] [SimulationRunner.cc:562] [0m[1;36mCreating postupdate worker thread ([0m[1;36m4[0m[1;36m)[0m[1;36m[0m
[gazebo-1] [1;36m[Dbg] [SimulationRunner.cc:562] [0m[1;36mCreating postupdate worker thread ([0m[1;36m5[0m[1;36m)[0m[1;36m[0m
[gazebo-1] [1;36m[Dbg] [SimulationRunner.cc:562] [0m[1;36mCreating postupdate worker thread ([0m[1;36m6[0m[1;36m)[0m[1;36m[0m
[gazebo-1] [1;36m[Dbg] [SimulationRunner.cc:562] [0m[1;36mCreating postupdate worker thread ([0m[1;36m7[0m[1;36m)[0m[1;36m[0m
[gazebo-1] [1;36m[Dbg] [SimulationRunner.cc:562] [0m[1;36mCreating postupdate worker thread ([0m[1;36m8[0m[1;36m)[0m[1;36m[0m
[gazebo-1] [1;36m[Dbg] [SimulationRunner.cc:562] [0m[1;36mCreating postupdate worker thread ([0m[1;36m9[0m[1;36m)[0m[1;36m[0m
[gazebo-1] [1;36m[Dbg] [SimulationRunner.cc:562] [0m[1;36mCreating postupdate worker thread ([0m[1;36m10[0m[1;36m)[0m[1;36m[0m
[gazebo-1] [1;36m[Dbg] [JointPositionController.cc:376] [0m[1;36mIdentified joint [[0m[1;36mwamv/left_chassis_engine_joint[0m[1;36m] as Entity [[0m[1;36m247[0m[1;36m][0m
[gazebo-1] [1;36m[Dbg] [JointPositionController.cc:376] [0m[1;36mIdentified joint [[0m[1;36mwamv/right_chassis_engine_joint[0m[1;36m] as Entity [[0m[1;36m250[0m[1;36m][0m
[gazebo-1] [1;36m[Dbg] [RenderUtil.cc:2646] [0m[1;36mCreate scene [[0m[1;36mscene[0m[1;36m][0m[1;36m[0m
[gazebo-1] [1;36m[Dbg] [Sensors.cc:391] [0m[1;36mRendering Thread initialized[0m[1;36m[0m
[gazebo-1] [1;36m[Dbg] [Sensors.cc:953] [0m[1;36mInitialization needed[0m[1;36m[0m
[gazebo-1] [1;36m[Dbg] [CameraSensor.cc:405] [0m[1;36mCamera images for [[0m[1;36mwamv::wamv/base_link::front_left_camera_sensor[0m[1;36m] advertised on [[0m[1;36mworld/sydney_regatta/model/wamv/link/wamv/base_link/sensor/front_left_camera_sensor/image[0m[1;36m][0m[1;36m[0m
[gazebo-1] [1;36m[Dbg] [CameraSensor.cc:695] [0m[1;36mCamera info for [[0m[1;36mwamv::wamv/base_link::front_left_camera_sensor[0m[1;36m] advertised on [[0m[1;36m/world/sydney_regatta/model/wamv/link/wamv/base_link/sensor/front_left_camera_sensor/camera_info[0m[1;36m][0m[1;36m[0m
[gazebo-1] [1;36m[Dbg] [CameraSensor.cc:405] [0m[1;36mCamera images for [[0m[1;36mwamv::wamv/base_link::front_right_camera_sensor[0m[1;36m] advertised on [[0m[1;36mworld/sydney_regatta/model/wamv/link/wamv/base_link/sensor/front_right_camera_sensor/image[0m[1;36m][0m[1;36m[0m
[gazebo-1] [1;36m[Dbg] [CameraSensor.cc:695] [0m[1;36mCamera info for [[0m[1;36mwamv::wamv/base_link::front_right_camera_sensor[0m[1;36m] advertised on [[0m[1;36m/world/sydney_regatta/model/wamv/link/wamv/base_link/sensor/front_right_camera_sensor/camera_info[0m[1;36m][0m[1;36m[0m
[gazebo-1] [1;33m[Wrn] [Ogre2Camera.cc:423] [0m[1;33mOgre2Camera::SetVisibilityMask: Mask bits [0m[1;33mc0000000[0m[1;33m are set but will be ignored as they conflict with the [0m[1;33mreserved bits used internally by the ogre2 backend.[0m[1;33m[0m
[gazebo-1] [1;33m[Wrn] [Component.hh:127] [0m[1;33mTrying to serialize component with data type [[0m[1;33mSt10shared_ptrIN3sdf3v147ElementEE[0m[1;33m], which doesn't have [0m[1;33m`operator<<`. Component will not be serialized.[0m[1;33m[0m
[gazebo-1] [1;36m[Dbg] [CameraSensor.cc:405] [0m[1;36mCamera images for [[0m[1;36mwamv::wamv/base_link::middle_right_camera_sensor[0m[1;36m] advertised6m[GUI] [Dbg] [InteractiveViewControl.cc:176] [0m[1;36mInteractiveViewControl plugin is moving camera [[0m[1;36mscene::Camera(65527)[0m[1;36m][0m[1;36m[0m
[gazebo-1] [1;36m[GUI] [Dbg] [EntityContextMenuPlugin.cc:79] [0m[1;36mEntity context menu plugin is using camera [[0m[1;36mscene::Camera(65527)[0m[1;36m][0m[1;36m[0m
[gazebo-1] [1;33mWarning [Utils.cc:132][0m [/sdf/plugin[@name="vrx::WaveVisual"]:<data-string>:L1]: XML Element[plugin], child of element[sdf], not defined in SDF. Copying[plugin] as children of [sdf].
[gazebo-1] [1;33m[GUI] [Wrn] [Component.hh:172] [0m[1;33mTrying to deserialize component with data type [[0m[1;33mSt10shared_ptrIN3sdf3v147ElementEE[0m[1;33m], which doesn't have [0m[1;33m`operator>>`. Component will not be deserialized.[0m[1;33m[0m
[gazebo-1] [1;32m[GUI] [0m[1;32m[Msg] [0m[1;32mInput Parameters:[0m[1;32m[0m
[gazebo-1] [1;32m[GUI] [0m[1;32m[Msg] [0m[1;32mmodel:     [0m[1;32mPMS[0m[1;32m[0m
[gazebo-1] [1;32m[GUI] [0m[1;32m[Msg] [0m[1;32mnumber:     [0m[1;32m3[0m[1;32m[0m
[gazebo-1] [1;32m[GUI] [0m[1;32m[Msg] [0m[1;32mscale:      [0m[1;32m1.1[0m[1;32m[0m
[gazebo-1] [1;32m[GUI] [0m[1;32m[Msg] [0m[1;32mangle:      [0m[1;32m0.4[0m[1;32m[0m
[gazebo-1] [1;32m[GUI] [0m[1;32m[Msg] [0m[1;32msteepness:  [0m[1;32m0[0m[1;32m[0m
[gazebo-1] [1;32m[GUI] [0m[1;32m[Msg] [0m[1;32mamplitude:  [0m[1;32m0[0m[1;32m[0m
[gazebo-1] [1;32m[GUI] [0m[1;32m[Msg] [0m[1;32mperiod:     [0m[1;32m5[0m[1;32m[0m
[gazebo-1] [1;32m[GUI] [0m[1;32m[Msg] [0m[1;32mdirection:  [0m[1;32m0[0m[1;32m[0m
[gazebo-1] [1;32m[GUI] [0m[1;32m[Msg] [0m[1;32mtau:  [0m[1;32m2[0m[1;32m[0m
[gazebo-1] [1;32m[GUI] [0m[1;32m[Msg] [0m[1;32mgain:  [0m[1;32m1[0m[1;32m[0m
[gazebo-1] [1;32m[GUI] [0m[1;32m[Msg] [0m[1;32mDerived Parameters:[0m[1;32m[0m
[gazebo-1] [1;32m[GUI] [0m[1;32m[Msg] [0m[1;32mamplitudes:  [0m[1;32m0.121167[0m[1;32m, [0m[1;32m0.130759[0m[1;32m, [0m[1;32m0.128568[0m[1;32m, [0m[1;32m[0m
[gazebo-1] [1;32m[GUI] [0m[1;32m[Msg] [0m[1;32mwavenumbers: [0m[1;32m0.133171[0m[1;32m, [0m[1;32m0.161136[0m[1;32m, [0m[1;32m0.194975[0m[1;32m, [0m[1;32m[0m
[gazebo-1] [1;32m[GUI] [0m[1;32m[Msg] [0m[1;32momegas:      [0m[1;32m1.1424[0m[1;32m, [0m[1;32m1.25664[0m[1;32m, [0m[1;32m1.3823[0m[1;32m, [0m[1;32m[0m
[gazebo-1] [1;32m[GUI] [0m[1;32m[Msg] [0m[1;32mperiods:     [0m[1;32m[GUI] [0m[1;32m[Msg] [0m[1;32m5.5[0m[1;32m, [0m[1;32m[GUI] [0m[1;32m[Msg] [0m[1;32m5[0m[1;32m, [0m[1;32m[GUI] [0m[1;32m[Msg] [0m[1;32m4.54545[0m[1;32m, [0m[1;32m[GUI] [0m[1;32m[Msg] [0m[1;32m[0m
[gazebo-1] [1;32m[GUI] [0m[1;32m[Msg] [0m[1;32mphases:      [0m[1;32m0[0m[1;32m, [0m[1;32m0[0m[1;32m, [0m[1;32m0[0m[1;32m, [0m[1;32m[0m
[gazebo-1] [1;32m[GUI] [0m[1;32m[Msg] [0m[1;32msteepnesses: [0m[1;32m0[0m[1;32m, [0m[1;32m0[0m[1;32m, [0m[1;32m0[0m[1;32m, [0m[1;32m[0m
[gazebo-1] [1;32m[GUI] [0m[1;32m[Msg] [0m[1;32mdirections:  [0m[1;32m[GUI] [0m[1;32m[Msg] [0m[1;32m0.921061[0m[1;32m [0m[1;32m-0.389418[0m[1;32m; [0m[1;32m[GUI] [0m[1;32m[Msg] [0m[1;32m1[0m[1;32m [0m[1;32m0[0m[1;32m; [0m[1;32m[GUI] [0m[1;32m[Msg] [0m[1;32m0.921061[0m[1;32m [0m[1;32m0.389418[0m[1;32m; [0m[1;32m[GUI] [0m[1;32m[Msg] [0m[1;32m[0m
[gazebo-1] [1;36m[GUI] [Dbg] [GuiRunner.cc:358] [0m[1;36mLoaded system [[0m[1;36mvrx::WaveVisual[0m[1;36m] for entity [[0m[1;36m17[0m[1;36m] in GUI[0m[1;36m[0m
[gazebo-1] [1;32m[GUI] [0m[1;32m[Msg] [0m[1;32mInput Parameters:[0m[1;32m[0m
[gazebo-1] [1;32m[GUI] [0m[1;32m[Msg] [0m[1;32mmodel:     [0m[1;32mPMS[0m[1;32m[0m
[gazebo-1] [1;32m[GUI] [0m[1;32m[Msg] [0m[1;32mnumber:     [0m[1;32m3[0m[1;32m[0m
[gazebo-1] [1;32m[GUI] [0m[1;32m[Msg] [0m[1;32mscale:      [0m[1;32m1.1[0m[1;32m[0m
[gazebo-1] [1;32m[GUI] [0m[1;32m[Msg] [0m[1;32mangle:      [0m[1;32m0.4[0m[1;32m[0m
[gazebo-1] [1;32m[GUI] [0m[1;32m[Msg] [0m[1;32msteepness:  [0m[1;32m0[0m[1;32m[0m
[gazebo-1] [1;32m[GUI] [0m[1;32m[Msg] [0m[1;32mamplitude:  [0m[1;32m0[0m[1;32m[0m
[gazebo-1] [1;32m[GUI] [0m[1;32m[Msg] [0m[1;32mperiod:     [0m[1;32m5[0m[1;32m[0m
[gazebo-1] [1;32m[GUI] [0m[1;32m[Msg] [0m[1;32mdirection:  [0m[1;32m0[0m[1;32m[0m
[gazebo-1] [1;32m[GUI] [0m[1;32m[Msg] [0m[1;32mtau:  [0m[1;32m2[0m[1;32m[0m
[gazebo-1] [1;32m[GUI] [0m[1;32m[Msg] [0m[1;32mgain:  [0m[1;32m1[0m[1;32m[0m
[gazebo-1] [1;32m[GUI] [0m[1;32m[Msg] [0m[1;32mDerived Parameters:[0m[1;32m[0m
[gazebo-1] [1;32m[GUI] [0m[1;32m[Msg] [0m[1;32mamplitudes:  [0m[1;32m0.121167[0m[1;32m, [0m[1;32m0.130759[0m[1;32m, [0m[1;32m0.128568[0m[1;32m, [0m[1;32m[0m
[gazebo-1] [1;32m[GUI] [0m[1;32m[Msg] [0m[1;32mwavenumbers: [0m[1;32m0.133171[0m[1;32m, [0m[1;32m0.161136[0m[1;32m, [0m[1;32m0.194975[0m[1;32m, [0m[1;32m[0m
[gazebo-1] [1;32m[GUI] [0m[1;32m[Msg] [0m[1;32momegas:      [0m[1;32m1.1424[0m[1;32m, [0m[1;32m1.25664[0m[1;32m, [0m[1;32m1.3823[0m[1;32m, [0m[1;32m[0m
[parameter_bridge-8] [INFO] [1788007596.666137761] [wamv.ros_gz_bridge]: Passing message from ROS std_msgs/msg/Float64 to Gazebo gz.msgs.Double (showing msg only once per type)
