[INFO] [launch]: All log files can be found below /home/jkjkzhang/lidar_project/.usv_logs/ros/2026-08-29-20-52-01-693467-jkjkzhang-TX-Gaming-FX608JPR-FX608JPR-59954
[INFO] [launch]: Default logging verbosity is set to INFO
[INFO] [cloud_filter-1]: process started with pid [60001]
[INFO] [pointlio_mapping-2]: process started with pid [60002]
[INFO] [static_transform_publisher-3]: process started with pid [60003]
[INFO] [nice-4]: process started with pid [60004]
[static_transform_publisher-3] [INFO] [1788007921.797412266] [aft_mapped_to_base_link]: Spinning until stopped - publishing transform
[static_transform_publisher-3] translation: ('0.000000', '0.000000', '0.000000')
[static_transform_publisher-3] rotation: ('0.000000', '0.000000', '0.000000', '1.000000')
[static_transform_publisher-3] from 'aft_mapped' to 'wamv/wamv/base_link'
[pointlio_mapping-2] Multi thread started 
[pointlio_mapping-2] lidar_type: 2
[pointlio_mapping-2] ~~~~/home/jkjkzhang/lidar_project/src/point_lio_ros2/ file opened
[nice-4] [INFO] [1788007922.060757068] [rviz2]: Stereo is NOT SUPPORTED
[nice-4] [INFO] [1788007922.060832192] [rviz2]: OpenGl version: 4.6 (GLSL 4.6)
[nice-4] [INFO] [1788007922.077771850] [rviz2]: Stereo is NOT SUPPORTED
[nice-4] [INFO] [1788007922.334820675] [rviz]: Subscribing to: /cloud_effected
[nice-4] 
[nice-4] [INFO] [1788007922.335914515] [rviz]: Subscribing to: /cloud_registered
[nice-4] 
[nice-4] [INFO] [1788007922.336478163] [rviz]: Subscribing to: /usv/safety_cloud
[nice-4] 
[nice-4] [INFO] [1788007922.337246732] [rviz]: Subscribing to: /usv/safety_cloud
[nice-4] 
[nice-4] [INFO] [1788007922.337632192] [rviz]: Subscribing to: /Laser_map
[nice-4] 
[nice-4] [INFO] [1788007922.350070703] [rviz]: Subscribing to: /cloud_effected
[nice-4] 
[nice-4] [INFO] [1788007922.350640275] [rviz]: Subscribing to: /cloud_registered
[nice-4] 
[nice-4] [INFO] [1788007922.351246407] [rviz]: Subscribing to: /usv/safety_cloud
[nice-4] 
[nice-4] [INFO] [1788007922.351762153] [rviz]: Subscribing to: /Laser_map
[nice-4] 
[cloud_filter-1] [INFO] [1788007923.986434458] [cloud_filter]: adapting: 69984 -> 21661 pts; dropped 47040 non-finite; sensor z filter enabled at -1.50m; 1283 low points dropped; time field appended (0..0.1s over 2187 cols)
[pointlio_mapping-2] first lidar time21.7
[pointlio_mapping-2] [INFO] [1788007925.100401193] [laserMapping]: IMU Initializing: 1.0 %
[pointlio_mapping-2] [WARN] [1788007925.100597167] [laserMapping]: Reset ImuProcess
[pointlio_mapping-2] [INFO] [1788007925.100603594] [laserMapping]: IMU Initializing: 100.0 %
