[INFO] [1787979296.366012373] [nav_data_logger]: nav_data_logger -> /home/jkjkzhang/lidar_project/report3/data/m5_multigoal_20260829.csv
[INFO] [1787979308.716827708] [nav_data_logger]: nav_data_logger closed
Failed to publish log message to rosout: publisher's context is invalid, at ./src/rcl/publisher.c:423
Traceback (most recent call last):
  File "/home/jkjkzhang/lidar_project/install/usv_navigation/lib/usv_navigation/nav_data_logger", line 33, in <module>
    sys.exit(load_entry_point('usv-navigation', 'console_scripts', 'nav_data_logger')())
             ^^^^^^^^^^^^^^^^^^^^^^^^^^^^^^^^^^^^^^^^^^^^^^^^^^^^^^^^^^^^^^^^^^^^^^^^^^
  File "/home/jkjkzhang/lidar_project/build/usv_navigation/usv_navigation/nav_data_logger.py", line 359, in main
    rclpy.spin(node)
  File "/opt/ros/jazzy/lib/python3.12/site-packages/rclpy/__init__.py", line 247, in spin
    executor.spin_once()
  File "/opt/ros/jazzy/lib/python3.12/site-packages/rclpy/executors.py", line 926, in spin_once
    self._spin_once_impl(timeout_sec)
  File "/opt/ros/jazzy/lib/python3.12/site-packages/rclpy/executors.py", line 907, in _spin_once_impl
    handler, entity, node = self.wait_for_ready_callbacks(
                            ^^^^^^^^^^^^^^^^^^^^^^^^^^^^^^
  File "/opt/ros/jazzy/lib/python3.12/site-packages/rclpy/executors.py", line 877, in wait_for_ready_callbacks
    return next(self._cb_iter)
           ^^^^^^^^^^^^^^^^^^^
  File "/opt/ros/jazzy/lib/python3.12/site-packages/rclpy/executors.py", line 757, in _wait_for_ready_callbacks
    wait_set = _rclpy.WaitSet(
               ^^^^^^^^^^^^^^^
rclpy._rclpy_pybind11.RCLError: failed to initialize wait set: the given context is not valid, either rcl_init() was not called or rcl_shutdown() was called., at ./src/rcl/wait.c:130
[ros2run]: Process exited with failure 1
