[INFO] [launch]: All log files can be found below /home/jkjkzhang/lidar_project/.usv_logs/ros/2026-09-01-16-22-42-769216-jkjkzhang-TX-Gaming-FX608JPR-FX608JPR-148210
[INFO] [launch]: Default logging verbosity is set to INFO
[INFO] [controller_server-1]: process started with pid [148287]
[INFO] [planner_server-2]: process started with pid [148288]
[INFO] [smoother_server-3]: process started with pid [148289]
[INFO] [behavior_server-4]: process started with pid [148290]
[INFO] [bt_navigator-5]: process started with pid [148291]
[INFO] [waypoint_follower-6]: process started with pid [148292]
[INFO] [velocity_smoother-7]: process started with pid [148293]
[INFO] [costmap_3d_markers-8]: process started with pid [148294]
[INFO] [click_to_goal-9]: process started with pid [148295]
[INFO] [lifecycle_manager-10]: process started with pid [148296]
[velocity_smoother-7] [INFO] [1788250963.106806762] [velocity_smoother]: 
[velocity_smoother-7] 	velocity_smoother lifecycle node launched. 
[velocity_smoother-7] 	Waiting on external lifecycle transitions to activate
[velocity_smoother-7] 	See https://design.ros2.org/articles/node_lifecycle.html for more information.
[waypoint_follower-6] [INFO] [1788250963.455371618] [waypoint_follower]: 
[waypoint_follower-6] 	waypoint_follower lifecycle node launched. 
[waypoint_follower-6] 	Waiting on external lifecycle transitions to activate
[waypoint_follower-6] 	See https://design.ros2.org/articles/node_lifecycle.html for more information.
[waypoint_follower-6] [INFO] [1788250963.456197729] [waypoint_follower]: Creating
[bt_navigator-5] [INFO] [1788250963.459504364] [bt_navigator]: 
[bt_navigator-5] 	bt_navigator lifecycle node launched. 
[bt_navigator-5] 	Waiting on external lifecycle transitions to activate
[bt_navigator-5] 	See https://design.ros2.org/articles/node_lifecycle.html for more information.
[bt_navigator-5] [INFO] [1788250963.463332867] [bt_navigator]: Creating
[planner_server-2] [INFO] [1788250963.472316655] [planner_server]: 
[planner_server-2] 	planner_server lifecycle node launched. 
[planner_server-2] 	Waiting on external lifecycle transitions to activate
[planner_server-2] 	See https://design.ros2.org/articles/node_lifecycle.html for more information.
[lifecycle_manager-10] [INFO] [1788250963.472848018] [lifecycle_manager_navigation]: Creating
[planner_server-2] [INFO] [1788250963.475032206] [planner_server]: Creating
[behavior_server-4] [INFO] [1788250963.477686668] [behavior_server]: 
[behavior_server-4] 	behavior_server lifecycle node launched. 
[behavior_server-4] 	Waiting on external lifecycle transitions to activate
[behavior_server-4] 	See https://design.ros2.org/articles/node_lifecycle.html for more information.
[controller_server-1] [INFO] [1788250963.478568318] [controller_server]: 
[controller_server-1] 	controller_server lifecycle node launched. 
[controller_server-1] 	Waiting on external lifecycle transitions to activate
[controller_server-1] 	See https://design.ros2.org/articles/node_lifecycle.html for more information.
[smoother_server-3] [INFO] [1788250963.482359939] [smoother_server]: 
[smoother_server-3] 	smoother_server lifecycle node launched. 
[smoother_server-3] 	Waiting on external lifecycle transitions to activate
[smoother_server-3] 	See https://design.ros2.org/articles/node_lifecycle.html for more information.
[lifecycle_manager-10] [INFO] [1788250963.482595130] [lifecycle_manager_navigation]: [34m[1mCreating and initializing lifecycle service clients[0m[0m
[smoother_server-3] [INFO] [1788250963.484861729] [smoother_server]: Creating smoother server
[controller_server-1] [INFO] [1788250963.485182002] [controller_server]: Creating controller server
[planner_server-2] [INFO] [1788250963.494500385] [global_costmap.global_costmap]: 
[planner_server-2] 	global_costmap lifecycle node launched. 
[planner_server-2] 	Waiting on external lifecycle transitions to activate
[planner_server-2] 	See https://design.ros2.org/articles/node_lifecycle.html for more information.
[planner_server-2] [INFO] [1788250963.495538786] [global_costmap.global_costmap]: Creating Costmap
[controller_server-1] [INFO] [1788250963.506035789] [local_costmap.local_costmap]: 
[controller_server-1] 	local_costmap lifecycle node launched. 
[controller_server-1] 	Waiting on external lifecycle transitions to activate
[controller_server-1] 	See https://design.ros2.org/articles/node_lifecycle.html for more information.
[controller_server-1] [INFO] [1788250963.507227593] [local_costmap.local_costmap]: Creating Costmap
[costmap_3d_markers-8] [INFO] [1788250963.765622835] [costmap_3d_markers]: costmap_3d_markers up (visualization only)
[lifecycle_manager-10] [INFO] [1788250963.822926233] [lifecycle_manager_navigation]: [34m[1mStarting managed nodes bringup...[0m[0m
[lifecycle_manager-10] [INFO] [1788250963.822978325] [lifecycle_manager_navigation]: [34m[1mConfiguring controller_server[0m[0m
[controller_server-1] [INFO] [1788250963.823298235] [controller_server]: Configuring controller interface
[controller_server-1] [INFO] [1788250963.823320354] [controller_server]: getting progress checker plugins..
[controller_server-1] [INFO] [1788250963.823478905] [controller_server]: getting goal checker plugins..
[controller_server-1] [INFO] [1788250963.823564334] [controller_server]: Controller frequency set to 10.0000Hz
[controller_server-1] [INFO] [1788250963.823603431] [local_costmap.local_costmap]: Configuring
[controller_server-1] [INFO] [1788250963.832307024] [local_costmap.local_costmap]: Using plugin "obstacle_layer"
[controller_server-1] [INFO] [1788250963.835872118] [local_costmap.local_costmap]: Subscribed to Topics: lidar_cloud dynamic_cloud
[controller_server-1] [INFO] [1788250963.842836900] [local_costmap.local_costmap]: Initialized plugin "obstacle_layer"
[controller_server-1] [INFO] [1788250963.842872807] [local_costmap.local_costmap]: Using plugin "inflation_layer"
[controller_server-1] [INFO] [1788250963.843398694] [local_costmap.local_costmap]: Initialized plugin "inflation_layer"
[controller_server-1] [INFO] [1788250963.865706466] [controller_server]: Created progress_checker : progress_checker of type nav2_controller::SimpleProgressChecker
[controller_server-1] [INFO] [1788250963.866016304] [controller_server]: Controller Server has progress_checker  progress checkers available.
[controller_server-1] [INFO] [1788250963.866515169] [controller_server]: Created goal checker : general_goal_checker of type nav2_controller::SimpleGoalChecker
[controller_server-1] [INFO] [1788250963.866829045] [controller_server]: Controller Server has general_goal_checker  goal checkers available.
[controller_server-1] [INFO] [1788250963.867857770] [controller_server]: Created controller : FollowPath of type nav2_regulated_pure_pursuit_controller::RegulatedPurePursuitController
[controller_server-1] [INFO] [1788250963.871934113] [controller_server]: Controller Server has FollowPath  controllers available.
[lifecycle_manager-10] [INFO] [1788250963.878695925] [lifecycle_manager_navigation]: [34m[1mConfiguring planner_server[0m[0m
[planner_server-2] [INFO] [1788250963.878903312] [planner_server]: Configuring
[planner_server-2] [INFO] [1788250963.878928848] [global_costmap.global_costmap]: Configuring
[planner_server-2] [INFO] [1788250963.885582152] [global_costmap.global_costmap]: Using plugin "obstacle_layer"
[planner_server-2] [INFO] [1788250963.888917181] [global_costmap.global_costmap]: Subscribed to Topics: lidar_cloud dynamic_cloud
[planner_server-2] [INFO] [1788250963.895308203] [global_costmap.global_costmap]: Initialized plugin "obstacle_layer"
[planner_server-2] [INFO] [1788250963.895342996] [global_costmap.global_costmap]: Using plugin "inflation_layer"
[planner_server-2] [INFO] [1788250963.895890194] [global_costmap.global_costmap]: Initialized plugin "inflation_layer"
[planner_server-2] [INFO] [1788250963.918099871] [planner_server]: Created global planner plugin GridBased of type nav2_smac_planner::SmacPlannerHybrid
[planner_server-2] [INFO] [1788250963.918143348] [planner_server]: Configuring GridBased of type SmacPlannerHybrid
[planner_server-2] [INFO] [1788250963.919818414] [planner_server]: Even sized heuristic lookup table size set 40.000000, increasing size by 1 to make odd
[planner_server-2] [ERROR] [1788250963.919857700] [planner_server]: Inflation layer either not found or inflation is not set sufficiently for optimized non-circular collision checking capabilities. It is HIGHLY recommended to set the inflation radius to be at MINIMUM half of the robot's largest cross-section. See github.com/ros-planning/navigation2/tree/main/nav2_smac_planner#potential-fields for full instructions. This will substantially impact run-time performance.
[planner_server-2] [INFO] [1788250963.936213267] [planner_server]: Configured plugin GridBased of type SmacPlannerHybrid with maximum iterations 300000, max on approach iterations 1000, and allowing unknown traversal. Tolerance 2.00.Using motion model: Dubin.
[planner_server-2] [INFO] [1788250963.936263387] [planner_server]: Planner Server has GridBased  planners available.
[lifecycle_manager-10] [INFO] [1788250963.944179632] [lifecycle_manager_navigation]: [34m[1mConfiguring behavior_server[0m[0m
[behavior_server-4] [INFO] [1788250963.944388971] [behavior_server]: Configuring
[behavior_server-4] [INFO] [1788250963.948785465] [behavior_server]: Creating behavior plugin spin of type nav2_behaviors::Spin
[behavior_server-4] [INFO] [1788250963.949905712] [behavior_server]: Creating behavior plugin drive_on_heading of type nav2_behaviors::DriveOnHeading
[behavior_server-4] [INFO] [1788250963.950807340] [behavior_server]: Creating behavior plugin wait of type nav2_behaviors::Wait
[behavior_server-4] [INFO] [1788250963.958563696] [behavior_server]: Configuring spin
[behavior_server-4] [INFO] [1788250963.963931702] [behavior_server]: Configuring drive_on_heading
[behavior_server-4] [INFO] [1788250963.967961817] [behavior_server]: Configuring wait
[lifecycle_manager-10] [INFO] [1788250963.971571183] [lifecycle_manager_navigation]: [34m[1mConfiguring bt_navigator[0m[0m
[bt_navigator-5] [INFO] [1788250963.971761212] [bt_navigator]: Configuring
[bt_navigator-5] [INFO] [1788250963.977865283] [bt_navigator]: Creating navigator id navigate_to_pose of type nav2_bt_navigator::NavigateToPoseNavigator
[bt_navigator-5] [WARN] [1788250963.981383107] [bt_navigator]: Error_code parameters were not set. Using default values of: follow_path_error_code compute_path_error_code
[bt_navigator-5] Make sure these match your BT and there are not other sources of error codes youreported to your application
[bt_navigator-5] [INFO] [1788250964.042312099] [bt_navigator]: Creating navigator id navigate_through_poses of type nav2_bt_navigator::NavigateThroughPosesNavigator
[lifecycle_manager-10] [INFO] [1788250964.059763734] [lifecycle_manager_navigation]: [34m[1mConfiguring waypoint_follower[0m[0m
[waypoint_follower-6] [INFO] [1788250964.060077130] [waypoint_follower]: Configuring
[waypoint_follower-6] [INFO] [1788250964.081880395] [waypoint_follower]: Created waypoint_task_executor : wait_at_waypoint of type nav2_waypoint_follower::WaitAtWaypoint
[waypoint_follower-6] [INFO] [1788250964.082235659] [waypoint_follower]: Waypoint pause duration is set to zero, disabling task executor plugin.
[lifecycle_manager-10] [INFO] [1788250964.082773279] [lifecycle_manager_navigation]: [34m[1mConfiguring velocity_smoother[0m[0m
[velocity_smoother-7] [INFO] [1788250964.083251673] [velocity_smoother]: Configuring velocity smoother
[lifecycle_manager-10] [INFO] [1788250964.090163830] [lifecycle_manager_navigation]: [34m[1mConfiguring smoother_server[0m[0m
[smoother_server-3] [INFO] [1788250964.090438291] [smoother_server]: Configuring smoother server
[smoother_server-3] [INFO] [1788250964.105666385] [smoother_server]: Created smoother : simple_smoother of type nav2_smoother::SimpleSmoother
[smoother_server-3] [INFO] [1788250964.106560095] [smoother_server]: Smoother Server has simple_smoother  smoothers available.
[lifecycle_manager-10] [INFO] [1788250964.114123692] [lifecycle_manager_navigation]: [34m[1mActivating controller_server[0m[0m
[controller_server-1] [INFO] [1788250964.114386124] [controller_server]: Activating
[controller_server-1] [INFO] [1788250964.114421108] [local_costmap.local_costmap]: Activating
[controller_server-1] [INFO] [1788250964.114427842] [local_costmap.local_costmap]: Checking transform
[controller_server-1] [INFO] [1788250964.114463890] [local_costmap.local_costmap]: Timed out waiting for transform from wamv/wamv/base_link to camera_init to become available, tf error: Invalid frame ID "camera_init" passed to canTransform argument target_frame - frame does not exist
[click_to_goal-9] [INFO] [1788250964.193222660] [click_to_goal]: click_to_goal up: validated goals -> NavigateToPose, frame=camera_init, radius=2.8m, reject_unknown=True
[controller_server-1] [INFO] [1788250964.614597248] [local_costmap.local_costmap]: start
[controller_server-1] [INFO] [1788250964.816714293] [controller_server]: Activating controller: FollowPath of type regulated_pure_pursuit_controller::RegulatedPurePursuitController
[controller_server-1] [INFO] [1788250964.816747009] [controller_server]: Creating bond (controller_server) to lifecycle manager.
[lifecycle_manager-10] [INFO] [1788250964.921123643] [lifecycle_manager_navigation]: Server controller_server connected with bond.
[lifecycle_manager-10] [INFO] [1788250964.921161933] [lifecycle_manager_navigation]: [34m[1mActivating planner_server[0m[0m
[planner_server-2] [INFO] [1788250964.921413195] [planner_server]: Activating
[planner_server-2] [INFO] [1788250964.921439252] [global_costmap.global_costmap]: Activating
[planner_server-2] [INFO] [1788250964.921444748] [global_costmap.global_costmap]: Checking transform
[planner_server-2] [INFO] [1788250964.921535211] [global_costmap.global_costmap]: start
[planner_server-2] [INFO] [1788250965.922825521] [planner_server]: Activating plugin GridBased of type SmacPlannerHybrid
[planner_server-2] [INFO] [1788250965.925902559] [planner_server]: Creating bond (planner_server) to lifecycle manager.
[lifecycle_manager-10] [INFO] [1788250966.030926495] [lifecycle_manager_navigation]: Server planner_server connected with bond.
[lifecycle_manager-10] [INFO] [1788250966.030966776] [lifecycle_manager_navigation]: [34m[1mActivating behavior_server[0m[0m
[behavior_server-4] [INFO] [1788250966.031270195] [behavior_server]: Activating
[behavior_server-4] [INFO] [1788250966.031306327] [behavior_server]: Activating spin
[behavior_server-4] [INFO] [1788250966.031323748] [behavior_server]: Activating drive_on_heading
[behavior_server-4] [INFO] [1788250966.031345987] [behavior_server]: Activating wait
[behavior_server-4] [INFO] [1788250966.031365375] [behavior_server]: Creating bond (behavior_server) to lifecycle manager.
[lifecycle_manager-10] [INFO] [1788250966.138300730] [lifecycle_manager_navigation]: Server behavior_server connected with bond.
[lifecycle_manager-10] [INFO] [1788250966.138362660] [lifecycle_manager_navigation]: [34m[1mActivating bt_navigator[0m[0m
[bt_navigator-5] [INFO] [1788250966.138759998] [bt_navigator]: Activating
[bt_navigator-5] [INFO] [1788250966.203863459] [bt_navigator]: Creating bond (bt_navigator) to lifecycle manager.
[lifecycle_manager-10] [INFO] [1788250966.314327435] [lifecycle_manager_navigation]: Server bt_navigator connected with bond.
[lifecycle_manager-10] [INFO] [1788250966.314376999] [lifecycle_manager_navigation]: [34m[1mActivating waypoint_follower[0m[0m
[waypoint_follower-6] [INFO] [1788250966.314703921] [waypoint_follower]: Activating
[waypoint_follower-6] [INFO] [1788250966.314736654] [waypoint_follower]: Creating bond (waypoint_follower) to lifecycle manager.
[lifecycle_manager-10] [INFO] [1788250966.420817237] [lifecycle_manager_navigation]: Server waypoint_follower connected with bond.
[lifecycle_manager-10] [INFO] [1788250966.420871826] [lifecycle_manager_navigation]: [34m[1mActivating velocity_smoother[0m[0m
[velocity_smoother-7] [INFO] [1788250966.421255475] [velocity_smoother]: Activating
[velocity_smoother-7] [INFO] [1788250966.421341939] [velocity_smoother]: Creating bond (velocity_smoother) to lifecycle manager.
[lifecycle_manager-10] [INFO] [1788250966.531140749] [lifecycle_manager_navigation]: Server velocity_smoother connected with bond.
[lifecycle_manager-10] [INFO] [1788250966.531201783] [lifecycle_manager_navigation]: [34m[1mActivating smoother_server[0m[0m
[smoother_server-3] [INFO] [1788250966.531523429] [smoother_server]: Activating
[smoother_server-3] [INFO] [1788250966.531562153] [smoother_server]: Creating bond (smoother_server) to lifecycle manager.
[lifecycle_manager-10] [INFO] [1788250966.637167834] [lifecycle_manager_navigation]: Server smoother_server connected with bond.
[lifecycle_manager-10] [INFO] [1788250966.637206173] [lifecycle_manager_navigation]: [34m[1mManaged nodes are active[0m[0m
[lifecycle_manager-10] [INFO] [1788250966.637220108] [lifecycle_manager_navigation]: [34m[1mCreating bond timer...[0m[0m
[bt_navigator-5] [INFO] [1788251802.669377671] [bt_navigator]: Begin navigating from current location (-0.83, 1.02) to (18.00, 0.00)
[planner_server-2] [ERROR] [1788251802.670447005] [planner_server]: Inflation layer either not found or inflation is not set sufficiently for optimized non-circular collision checking capabilities. It is HIGHLY recommended to set the inflation radius to be at MINIMUM half of the robot's largest cross-section. See github.com/ros-planning/navigation2/tree/main/nav2_smac_planner#potential-fields for full instructions. This will substantially impact run-time performance.
[click_to_goal-9] [INFO] [1788251802.671051455] [click_to_goal]: validated goal sent to NavigateToPose
[click_to_goal-9] [INFO] [1788251802.671446963] [click_to_goal]: external goal accepted (18.00, 0.00)
[bt_navigator-5] [INFO] [1788251802.679942602] [bt_navigator]: Received goal preemption request
[bt_navigator-5] [INFO] [1788251802.680323290] [bt_navigator]: Begin navigating from current location (-0.83, 1.02) to (18.00, 0.00)
[controller_server-1] [INFO] [1788251802.710364470] [controller_server]: Received a goal, begin computing control effort.
[controller_server-1] [WARN] [1788251802.710423237] [controller_server]: No goal checker was specified in parameter 'current_goal_checker'. Server will use only plugin loaded general_goal_checker . This warning will appear once.
[controller_server-1] [WARN] [1788251802.710436555] [controller_server]: No progress checker was specified in parameter 'current_progress_checker'. Server will use only plugin loaded progress_checker . This warning will appear once.
[planner_server-2] [ERROR] [1788251806.710345643] [planner_server]: Inflation layer either not found or inflation is not set sufficiently for optimized non-circular collision checking capabilities. It is HIGHLY recommended to set the inflation radius to be at MINIMUM half of the robot's largest cross-section. See github.com/ros-planning/navigation2/tree/main/nav2_smac_planner#potential-fields for full instructions. This will substantially impact run-time performance.
[controller_server-1] [INFO] [1788251806.810550803] [controller_server]: Passing new path to controller.
[planner_server-2] [ERROR] [1788251810.740740977] [planner_server]: Inflation layer either not found or inflation is not set sufficiently for optimized non-circular collision checking capabilities. It is HIGHLY recommended to set the inflation radius to be at MINIMUM half of the robot's largest cross-section. See github.com/ros-planning/navigation2/tree/main/nav2_smac_planner#potential-fields for full instructions. This will substantially impact run-time performance.
[controller_server-1] [INFO] [1788251810.810541958] [controller_server]: Passing new path to controller.
[planner_server-2] [ERROR] [1788251814.760273452] [planner_server]: Inflation layer either not found or inflation is not set sufficiently for optimized non-circular collision checking capabilities. It is HIGHLY recommended to set the inflation radius to be at MINIMUM half of the robot's largest cross-section. See github.com/ros-planning/navigation2/tree/main/nav2_smac_planner#potential-fields for full instructions. This will substantially impact run-time performance.
[controller_server-1] [INFO] [1788251814.810554299] [controller_server]: Passing new path to controller.
[planner_server-2] [ERROR] [1788251818.790435203] [planner_server]: Inflation layer either not found or inflation is not set sufficiently for optimized non-circular collision checking capabilities. It is HIGHLY recommended to set the inflation radius to be at MINIMUM half of the robot's largest cross-section. See github.com/ros-planning/navigation2/tree/main/nav2_smac_planner#potential-fields for full instructions. This will substantially impact run-time performance.
[controller_server-1] [INFO] [1788251818.810556384] [controller_server]: Passing new path to controller.
[planner_server-2] [ERROR] [1788251822.810349590] [planner_server]: Inflation layer either not found or inflation is not set sufficiently for optimized non-circular collision checking capabilities. It is HIGHLY recommended to set the inflation radius to be at MINIMUM half of the robot's largest cross-section. See github.com/ros-planning/navigation2/tree/main/nav2_smac_planner#potential-fields for full instructions. This will substantially impact run-time performance.
[controller_server-1] [INFO] [1788251822.910554863] [controller_server]: Passing new path to controller.
[controller_server-1] [ERROR] [1788251826.110656189] [controller_server]: Failed to make progress
[controller_server-1] [WARN] [1788251826.110793576] [controller_server]: [follow_path] [ActionServer] Aborting handle.
[controller_server-1] [INFO] [1788251826.130089280] [local_costmap.local_costmap]: Received request to clear entirely the local_costmap
[controller_server-1] [INFO] [1788251826.131283514] [controller_server]: Received a goal, begin computing control effort.
[planner_server-2] [ERROR] [1788251826.830127861] [planner_server]: Inflation layer either not found or inflation is not set sufficiently for optimized non-circular collision checking capabilities. It is HIGHLY recommended to set the inflation radius to be at MINIMUM half of the robot's largest cross-section. See github.com/ros-planning/navigation2/tree/main/nav2_smac_planner#potential-fields for full instructions. This will substantially impact run-time performance.
[controller_server-1] [INFO] [1788251826.931478867] [controller_server]: Passing new path to controller.
[planner_server-2] [ERROR] [1788251830.841799390] [planner_server]: Inflation layer either not found or inflation is not set sufficiently for optimized non-circular collision checking capabilities. It is HIGHLY recommended to set the inflation radius to be at MINIMUM half of the robot's largest cross-section. See github.com/ros-planning/navigation2/tree/main/nav2_smac_planner#potential-fields for full instructions. This will substantially impact run-time performance.
[controller_server-1] [INFO] [1788251830.931410997] [controller_server]: Passing new path to controller.
[planner_server-2] [ERROR] [1788251834.870210099] [planner_server]: Inflation layer either not found or inflation is not set sufficiently for optimized non-circular collision checking capabilities. It is HIGHLY recommended to set the inflation radius to be at MINIMUM half of the robot's largest cross-section. See github.com/ros-planning/navigation2/tree/main/nav2_smac_planner#potential-fields for full instructions. This will substantially impact run-time performance.
[controller_server-1] [INFO] [1788251834.932014801] [controller_server]: Passing new path to controller.
[controller_server-1] [ERROR] [1788251835.531465642] [controller_server]: Failed to make progress
[controller_server-1] [WARN] [1788251835.531624486] [controller_server]: [follow_path] [ActionServer] Aborting handle.
[controller_server-1] [INFO] [1788251835.550085394] [local_costmap.local_costmap]: Received request to clear entirely the local_costmap
[planner_server-2] [INFO] [1788251835.551150315] [global_costmap.global_costmap]: Received request to clear entirely the global_costmap
[behavior_server-4] [INFO] [1788251835.552200500] [behavior_server]: Running wait
[behavior_server-4] [INFO] [1788251837.852420326] [behavior_server]: wait completed successfully
[planner_server-2] [ERROR] [1788251837.870226473] [planner_server]: Inflation layer either not found or inflation is not set sufficiently for optimized non-circular collision checking capabilities. It is HIGHLY recommended to set the inflation radius to be at MINIMUM half of the robot's largest cross-section. See github.com/ros-planning/navigation2/tree/main/nav2_smac_planner#potential-fields for full instructions. This will substantially impact run-time performance.
[controller_server-1] [INFO] [1788251837.890473419] [controller_server]: Received a goal, begin computing control effort.
[planner_server-2] [ERROR] [1788251841.900130654] [planner_server]: Inflation layer either not found or inflation is not set sufficiently for optimized non-circular collision checking capabilities. It is HIGHLY recommended to set the inflation radius to be at MINIMUM half of the robot's largest cross-section. See github.com/ros-planning/navigation2/tree/main/nav2_smac_planner#potential-fields for full instructions. This will substantially impact run-time performance.
[controller_server-1] [INFO] [1788251841.990605850] [controller_server]: Passing new path to controller.
[planner_server-2] [ERROR] [1788251845.930148928] [planner_server]: Inflation layer either not found or inflation is not set sufficiently for optimized non-circular collision checking capabilities. It is HIGHLY recommended to set the inflation radius to be at MINIMUM half of the robot's largest cross-section. See github.com/ros-planning/navigation2/tree/main/nav2_smac_planner#potential-fields for full instructions. This will substantially impact run-time performance.
[controller_server-1] [INFO] [1788251845.990608412] [controller_server]: Passing new path to controller.
[controller_server-1] [ERROR] [1788251846.990670636] [controller_server]: Failed to make progress
[controller_server-1] [WARN] [1788251846.990788622] [controller_server]: [follow_path] [ActionServer] Aborting handle.
[controller_server-1] [INFO] [1788251847.010166162] [local_costmap.local_costmap]: Received request to clear entirely the local_costmap
[controller_server-1] [INFO] [1788251847.010771691] [controller_server]: Received a goal, begin computing control effort.
[planner_server-2] [ERROR] [1788251849.958135422] [planner_server]: Inflation layer either not found or inflation is not set sufficiently for optimized non-circular collision checking capabilities. It is HIGHLY recommended to set the inflation radius to be at MINIMUM half of the robot's largest cross-section. See github.com/ros-planning/navigation2/tree/main/nav2_smac_planner#potential-fields for full instructions. This will substantially impact run-time performance.
[controller_server-1] [INFO] [1788251850.010933997] [controller_server]: Passing new path to controller.
[planner_server-2] [ERROR] [1788251853.988104623] [planner_server]: Inflation layer either not found or inflation is not set sufficiently for optimized non-circular collision checking capabilities. It is HIGHLY recommended to set the inflation radius to be at MINIMUM half of the robot's largest cross-section. See github.com/ros-planning/navigation2/tree/main/nav2_smac_planner#potential-fields for full instructions. This will substantially impact run-time performance.
[controller_server-1] [INFO] [1788251854.010900383] [controller_server]: Passing new path to controller.
[controller_server-1] [ERROR] [1788251856.210947226] [controller_server]: Failed to make progress
[controller_server-1] [WARN] [1788251856.211087239] [controller_server]: [follow_path] [ActionServer] Aborting handle.
[controller_server-1] [INFO] [1788251856.227892518] [local_costmap.local_costmap]: Received request to clear entirely the local_costmap
[planner_server-2] [INFO] [1788251856.228218134] [global_costmap.global_costmap]: Received request to clear entirely the global_costmap
[behavior_server-4] [INFO] [1788251856.228667507] [behavior_server]: Running wait
[behavior_server-4] [INFO] [1788251858.728891703] [behavior_server]: wait completed successfully
[planner_server-2] [ERROR] [1788251858.748343557] [planner_server]: Inflation layer either not found or inflation is not set sufficiently for optimized non-circular collision checking capabilities. It is HIGHLY recommended to set the inflation radius to be at MINIMUM half of the robot's largest cross-section. See github.com/ros-planning/navigation2/tree/main/nav2_smac_planner#potential-fields for full instructions. This will substantially impact run-time performance.
[controller_server-1] [INFO] [1788251858.768196239] [controller_server]: Received a goal, begin computing control effort.
[planner_server-2] [ERROR] [1788251862.778426443] [planner_server]: Inflation layer either not found or inflation is not set sufficiently for optimized non-circular collision checking capabilities. It is HIGHLY recommended to set the inflation radius to be at MINIMUM half of the robot's largest cross-section. See github.com/ros-planning/navigation2/tree/main/nav2_smac_planner#potential-fields for full instructions. This will substantially impact run-time performance.
[controller_server-1] [INFO] [1788251863.568339871] [controller_server]: Passing new path to controller.
[planner_server-2] [ERROR] [1788251867.578053517] [planner_server]: Inflation layer either not found or inflation is not set sufficiently for optimized non-circular collision checking capabilities. It is HIGHLY recommended to set the inflation radius to be at MINIMUM half of the robot's largest cross-section. See github.com/ros-planning/navigation2/tree/main/nav2_smac_planner#potential-fields for full instructions. This will substantially impact run-time performance.
[controller_server-1] [INFO] [1788251867.668370374] [controller_server]: Passing new path to controller.
[planner_server-2] [ERROR] [1788251871.616602110] [planner_server]: Inflation layer either not found or inflation is not set sufficiently for optimized non-circular collision checking capabilities. It is HIGHLY recommended to set the inflation radius to be at MINIMUM half of the robot's largest cross-section. See github.com/ros-planning/navigation2/tree/main/nav2_smac_planner#potential-fields for full instructions. This will substantially impact run-time performance.
[controller_server-1] [INFO] [1788251871.668405746] [controller_server]: Passing new path to controller.
[planner_server-2] [ERROR] [1788251875.646457958] [planner_server]: Inflation layer either not found or inflation is not set sufficiently for optimized non-circular collision checking capabilities. It is HIGHLY recommended to set the inflation radius to be at MINIMUM half of the robot's largest cross-section. See github.com/ros-planning/navigation2/tree/main/nav2_smac_planner#potential-fields for full instructions. This will substantially impact run-time performance.
[controller_server-1] [INFO] [1788251875.668371418] [controller_server]: Passing new path to controller.
[planner_server-2] [ERROR] [1788251879.676263428] [planner_server]: Inflation layer either not found or inflation is not set sufficiently for optimized non-circular collision checking capabilities. It is HIGHLY recommended to set the inflation radius to be at MINIMUM half of the robot's largest cross-section. See github.com/ros-planning/navigation2/tree/main/nav2_smac_planner#potential-fields for full instructions. This will substantially impact run-time performance.
[controller_server-1] [INFO] [1788251879.768380526] [controller_server]: Passing new path to controller.
[controller_server-1] [WARN] [1788251882.053780818] [controller_server]: Control loop missed its desired rate of 10.0000 Hz. Current loop rate is 250.0000 Hz.
[planner_server-2] [ERROR] [1788251883.704674681] [planner_server]: Inflation layer either not found or inflation is not set sufficiently for optimized non-circular collision checking capabilities. It is HIGHLY recommended to set the inflation radius to be at MINIMUM half of the robot's largest cross-section. See github.com/ros-planning/navigation2/tree/main/nav2_smac_planner#potential-fields for full instructions. This will substantially impact run-time performance.
[controller_server-1] [INFO] [1788251883.753904162] [controller_server]: Passing new path to controller.
[bt_navigator-5] [WARN] [1788251887.764002061] [bt_navigator_navigate_to_pose_rclcpp_node]: Timed out while waiting for action server to acknowledge goal request for compute_path_to_pose
[bt_navigator-5] [ERROR] [1788251887.787421556] [bt_navigator_navigate_to_pose_rclcpp_node]: Failed to get result for follow_path in node halt!
[bt_navigator-5] [WARN] [1788251887.787600485] [bt_navigator]: [navigate_to_pose] [ActionServer] Aborting handle.
[bt_navigator-5] [ERROR] [1788251887.787766983] [bt_navigator]: Goal failed
[click_to_goal-9] [INFO] [1788251887.789112343] [click_to_goal]: NavigateToPose finished: ABORTED (status=6)
[controller_server-1] [INFO] [1788251887.853901918] [controller_server]: Cancellation was successful. Stopping the robot.
[controller_server-1] [INFO] [1788251887.853967144] [controller_server]: [follow_path] [ActionServer] Client requested to cancel the goal. Cancelling.
[planner_server-2] [ERROR] [1788251888.058169126] [planner_server]: Inflation layer either not found or inflation is not set sufficiently for optimized non-circular collision checking capabilities. It is HIGHLY recommended to set the inflation radius to be at MINIMUM half of the robot's largest cross-section. See github.com/ros-planning/navigation2/tree/main/nav2_smac_planner#potential-fields for full instructions. This will substantially impact run-time performance.
