[INFO] [launch]: All log files can be found below /home/jkjkzhang/lidar_project/.usv_logs/ros/2026-09-01-14-35-09-382263-jkjkzhang-TX-Gaming-FX608JPR-FX608JPR-116191
[INFO] [launch]: Default logging verbosity is set to INFO
[INFO] [controller_server-1]: process started with pid [116234]
[INFO] [planner_server-2]: process started with pid [116235]
[INFO] [smoother_server-3]: process started with pid [116236]
[INFO] [behavior_server-4]: process started with pid [116237]
[INFO] [bt_navigator-5]: process started with pid [116238]
[INFO] [waypoint_follower-6]: process started with pid [116239]
[INFO] [velocity_smoother-7]: process started with pid [116240]
[INFO] [costmap_3d_markers-8]: process started with pid [116241]
[INFO] [click_to_goal-9]: process started with pid [116242]
[INFO] [lifecycle_manager-10]: process started with pid [116243]
[planner_server-2] [INFO] [1788244509.720115942] [planner_server]: 
[planner_server-2] 	planner_server lifecycle node launched. 
[planner_server-2] 	Waiting on external lifecycle transitions to activate
[planner_server-2] 	See https://design.ros2.org/articles/node_lifecycle.html for more information.
[planner_server-2] [INFO] [1788244509.722067135] [planner_server]: Creating
[lifecycle_manager-10] [INFO] [1788244509.727004239] [lifecycle_manager_navigation]: Creating
[planner_server-2] [INFO] [1788244509.732653676] [global_costmap.global_costmap]: 
[planner_server-2] 	global_costmap lifecycle node launched. 
[planner_server-2] 	Waiting on external lifecycle transitions to activate
[planner_server-2] 	See https://design.ros2.org/articles/node_lifecycle.html for more information.
[planner_server-2] [INFO] [1788244509.734285739] [global_costmap.global_costmap]: Creating Costmap
[lifecycle_manager-10] [INFO] [1788244509.734408230] [lifecycle_manager_navigation]: [34m[1mCreating and initializing lifecycle service clients[0m[0m
[waypoint_follower-6] [INFO] [1788244509.736689635] [waypoint_follower]: 
[waypoint_follower-6] 	waypoint_follower lifecycle node launched. 
[waypoint_follower-6] 	Waiting on external lifecycle transitions to activate
[waypoint_follower-6] 	See https://design.ros2.org/articles/node_lifecycle.html for more information.
[velocity_smoother-7] [INFO] [1788244509.736798631] [velocity_smoother]: 
[velocity_smoother-7] 	velocity_smoother lifecycle node launched. 
[velocity_smoother-7] 	Waiting on external lifecycle transitions to activate
[velocity_smoother-7] 	See https://design.ros2.org/articles/node_lifecycle.html for more information.
[waypoint_follower-6] [INFO] [1788244509.737559921] [waypoint_follower]: Creating
[behavior_server-4] [INFO] [1788244509.740942157] [behavior_server]: 
[behavior_server-4] 	behavior_server lifecycle node launched. 
[behavior_server-4] 	Waiting on external lifecycle transitions to activate
[behavior_server-4] 	See https://design.ros2.org/articles/node_lifecycle.html for more information.
[bt_navigator-5] [INFO] [1788244509.741003705] [bt_navigator]: 
[bt_navigator-5] 	bt_navigator lifecycle node launched. 
[bt_navigator-5] 	Waiting on external lifecycle transitions to activate
[bt_navigator-5] 	See https://design.ros2.org/articles/node_lifecycle.html for more information.
[bt_navigator-5] [INFO] [1788244509.743225632] [bt_navigator]: Creating
[controller_server-1] [INFO] [1788244509.744210596] [controller_server]: 
[controller_server-1] 	controller_server lifecycle node launched. 
[controller_server-1] 	Waiting on external lifecycle transitions to activate
[controller_server-1] 	See https://design.ros2.org/articles/node_lifecycle.html for more information.
[smoother_server-3] [INFO] [1788244509.749949430] [smoother_server]: 
[smoother_server-3] 	smoother_server lifecycle node launched. 
[smoother_server-3] 	Waiting on external lifecycle transitions to activate
[smoother_server-3] 	See https://design.ros2.org/articles/node_lifecycle.html for more information.
[controller_server-1] [INFO] [1788244509.751250193] [controller_server]: Creating controller server
[smoother_server-3] [INFO] [1788244509.751553149] [smoother_server]: Creating smoother server
[controller_server-1] [INFO] [1788244509.762781828] [local_costmap.local_costmap]: 
[controller_server-1] 	local_costmap lifecycle node launched. 
[controller_server-1] 	Waiting on external lifecycle transitions to activate
[controller_server-1] 	See https://design.ros2.org/articles/node_lifecycle.html for more information.
[controller_server-1] [INFO] [1788244509.763613282] [local_costmap.local_costmap]: Creating Costmap
[lifecycle_manager-10] [INFO] [1788244509.952803696] [lifecycle_manager_navigation]: [34m[1mStarting managed nodes bringup...[0m[0m
[lifecycle_manager-10] [INFO] [1788244509.952863141] [lifecycle_manager_navigation]: [34m[1mConfiguring controller_server[0m[0m
[costmap_3d_markers-8] [INFO] [1788244510.395528368] [costmap_3d_markers]: costmap_3d_markers up (visualization only)
[controller_server-1] [INFO] [1788244510.424454019] [controller_server]: Configuring controller interface
[controller_server-1] [INFO] [1788244510.424515931] [controller_server]: getting progress checker plugins..
[controller_server-1] [INFO] [1788244510.424752533] [controller_server]: getting goal checker plugins..
[controller_server-1] [INFO] [1788244510.424888764] [controller_server]: Controller frequency set to 10.0000Hz
[controller_server-1] [INFO] [1788244510.424942413] [local_costmap.local_costmap]: Configuring
[controller_server-1] [INFO] [1788244510.433326366] [local_costmap.local_costmap]: Using plugin "obstacle_layer"
[controller_server-1] [INFO] [1788244510.436698942] [local_costmap.local_costmap]: Subscribed to Topics: lidar_cloud dynamic_cloud
[controller_server-1] [INFO] [1788244510.445513669] [local_costmap.local_costmap]: Initialized plugin "obstacle_layer"
[controller_server-1] [INFO] [1788244510.445549844] [local_costmap.local_costmap]: Using plugin "inflation_layer"
[controller_server-1] [INFO] [1788244510.446217277] [local_costmap.local_costmap]: Initialized plugin "inflation_layer"
[controller_server-1] [INFO] [1788244510.471490283] [controller_server]: Created progress_checker : progress_checker of type nav2_controller::SimpleProgressChecker
[controller_server-1] [INFO] [1788244510.471871271] [controller_server]: Controller Server has progress_checker  progress checkers available.
[controller_server-1] [INFO] [1788244510.472504934] [controller_server]: Created goal checker : general_goal_checker of type nav2_controller::SimpleGoalChecker
[controller_server-1] [INFO] [1788244510.472812225] [controller_server]: Controller Server has general_goal_checker  goal checkers available.
[controller_server-1] [INFO] [1788244510.473825569] [controller_server]: Created controller : FollowPath of type nav2_regulated_pure_pursuit_controller::RegulatedPurePursuitController
[controller_server-1] [INFO] [1788244510.479007542] [controller_server]: Controller Server has FollowPath  controllers available.
[lifecycle_manager-10] [INFO] [1788244510.487223829] [lifecycle_manager_navigation]: [34m[1mConfiguring planner_server[0m[0m
[planner_server-2] [INFO] [1788244510.487935720] [planner_server]: Configuring
[planner_server-2] [INFO] [1788244510.487982239] [global_costmap.global_costmap]: Configuring
[planner_server-2] [INFO] [1788244510.497859269] [global_costmap.global_costmap]: Using plugin "obstacle_layer"
[planner_server-2] [INFO] [1788244510.502235267] [global_costmap.global_costmap]: Subscribed to Topics: lidar_cloud dynamic_cloud
[planner_server-2] [INFO] [1788244510.508173249] [global_costmap.global_costmap]: Initialized plugin "obstacle_layer"
[planner_server-2] [INFO] [1788244510.508214270] [global_costmap.global_costmap]: Using plugin "inflation_layer"
[planner_server-2] [INFO] [1788244510.508893750] [global_costmap.global_costmap]: Initialized plugin "inflation_layer"
[click_to_goal-9] [INFO] [1788244510.511064344] [click_to_goal]: click_to_goal up: validated goals -> NavigateToPose, frame=camera_init, radius=2.8m, reject_unknown=True
[planner_server-2] [INFO] [1788244510.539652288] [planner_server]: Created global planner plugin GridBased of type nav2_smac_planner::SmacPlannerHybrid
[planner_server-2] [INFO] [1788244510.539706424] [planner_server]: Configuring GridBased of type SmacPlannerHybrid
[planner_server-2] [INFO] [1788244510.541581565] [planner_server]: Even sized heuristic lookup table size set 40.000000, increasing size by 1 to make odd
[planner_server-2] [ERROR] [1788244510.541636390] [planner_server]: Inflation layer either not found or inflation is not set sufficiently for optimized non-circular collision checking capabilities. It is HIGHLY recommended to set the inflation radius to be at MINIMUM half of the robot's largest cross-section. See github.com/ros-planning/navigation2/tree/main/nav2_smac_planner#potential-fields for full instructions. This will substantially impact run-time performance.
[planner_server-2] [INFO] [1788244510.561037204] [planner_server]: Configured plugin GridBased of type SmacPlannerHybrid with maximum iterations 300000, max on approach iterations 1000, and allowing unknown traversal. Tolerance 2.00.Using motion model: Dubin.
[planner_server-2] [INFO] [1788244510.561108632] [planner_server]: Planner Server has GridBased  planners available.
[lifecycle_manager-10] [INFO] [1788244510.575077687] [lifecycle_manager_navigation]: [34m[1mConfiguring behavior_server[0m[0m
[behavior_server-4] [INFO] [1788244510.575441535] [behavior_server]: Configuring
[behavior_server-4] [INFO] [1788244510.582304246] [behavior_server]: Creating behavior plugin spin of type nav2_behaviors::Spin
[behavior_server-4] [INFO] [1788244510.583565912] [behavior_server]: Creating behavior plugin drive_on_heading of type nav2_behaviors::DriveOnHeading
[behavior_server-4] [INFO] [1788244510.586100194] [behavior_server]: Creating behavior plugin wait of type nav2_behaviors::Wait
[behavior_server-4] [INFO] [1788244510.596456863] [behavior_server]: Configuring spin
[behavior_server-4] [INFO] [1788244510.603104057] [behavior_server]: Configuring drive_on_heading
[behavior_server-4] [INFO] [1788244510.606997806] [behavior_server]: Configuring wait
[lifecycle_manager-10] [INFO] [1788244510.611022995] [lifecycle_manager_navigation]: [34m[1mConfiguring bt_navigator[0m[0m
[bt_navigator-5] [INFO] [1788244510.611360848] [bt_navigator]: Configuring
[bt_navigator-5] [INFO] [1788244510.616997638] [bt_navigator]: Creating navigator id navigate_to_pose of type nav2_bt_navigator::NavigateToPoseNavigator
[bt_navigator-5] [WARN] [1788244510.621266266] [bt_navigator]: Error_code parameters were not set. Using default values of: follow_path_error_code compute_path_error_code
[bt_navigator-5] Make sure these match your BT and there are not other sources of error codes youreported to your application
[bt_navigator-5] [INFO] [1788244510.686658520] [bt_navigator]: Creating navigator id navigate_through_poses of type nav2_bt_navigator::NavigateThroughPosesNavigator
[lifecycle_manager-10] [INFO] [1788244510.711342986] [lifecycle_manager_navigation]: [34m[1mConfiguring waypoint_follower[0m[0m
[waypoint_follower-6] [INFO] [1788244510.711697871] [waypoint_follower]: Configuring
[waypoint_follower-6] [INFO] [1788244510.741073393] [waypoint_follower]: Created waypoint_task_executor : wait_at_waypoint of type nav2_waypoint_follower::WaitAtWaypoint
[waypoint_follower-6] [INFO] [1788244510.741381938] [waypoint_follower]: Waypoint pause duration is set to zero, disabling task executor plugin.
[lifecycle_manager-10] [INFO] [1788244510.741925613] [lifecycle_manager_navigation]: [34m[1mConfiguring velocity_smoother[0m[0m
[velocity_smoother-7] [INFO] [1788244510.742147986] [velocity_smoother]: Configuring velocity smoother
[lifecycle_manager-10] [INFO] [1788244510.747066388] [lifecycle_manager_navigation]: [34m[1mConfiguring smoother_server[0m[0m
[smoother_server-3] [INFO] [1788244510.747265182] [smoother_server]: Configuring smoother server
[smoother_server-3] [INFO] [1788244510.766199646] [smoother_server]: Created smoother : simple_smoother of type nav2_smoother::SimpleSmoother
[smoother_server-3] [INFO] [1788244510.766713712] [smoother_server]: Smoother Server has simple_smoother  smoothers available.
[lifecycle_manager-10] [INFO] [1788244510.776572081] [lifecycle_manager_navigation]: [34m[1mActivating controller_server[0m[0m
[controller_server-1] [INFO] [1788244510.776716032] [controller_server]: Activating
[controller_server-1] [INFO] [1788244510.776748531] [local_costmap.local_costmap]: Activating
[controller_server-1] [INFO] [1788244510.776754185] [local_costmap.local_costmap]: Checking transform
[controller_server-1] [INFO] [1788244510.776840087] [local_costmap.local_costmap]: start
[controller_server-1] [INFO] [1788244510.978824571] [controller_server]: Activating controller: FollowPath of type regulated_pure_pursuit_controller::RegulatedPurePursuitController
[controller_server-1] [INFO] [1788244510.978882325] [controller_server]: Creating bond (controller_server) to lifecycle manager.
[lifecycle_manager-10] [INFO] [1788244511.085350023] [lifecycle_manager_navigation]: Server controller_server connected with bond.
[lifecycle_manager-10] [INFO] [1788244511.085406846] [lifecycle_manager_navigation]: [34m[1mActivating planner_server[0m[0m
[planner_server-2] [INFO] [1788244511.085762357] [planner_server]: Activating
[planner_server-2] [INFO] [1788244511.085825940] [global_costmap.global_costmap]: Activating
[planner_server-2] [INFO] [1788244511.085843246] [global_costmap.global_costmap]: Checking transform
[planner_server-2] [INFO] [1788244511.086058031] [global_costmap.global_costmap]: start
[planner_server-2] [INFO] [1788244512.089318308] [planner_server]: Activating plugin GridBased of type SmacPlannerHybrid
[planner_server-2] [INFO] [1788244512.092063220] [planner_server]: Creating bond (planner_server) to lifecycle manager.
[lifecycle_manager-10] [INFO] [1788244512.196739772] [lifecycle_manager_navigation]: Server planner_server connected with bond.
[lifecycle_manager-10] [INFO] [1788244512.196797339] [lifecycle_manager_navigation]: [34m[1mActivating behavior_server[0m[0m
[behavior_server-4] [INFO] [1788244512.197783850] [behavior_server]: Activating
[behavior_server-4] [INFO] [1788244512.197817981] [behavior_server]: Activating spin
[behavior_server-4] [INFO] [1788244512.197830257] [behavior_server]: Activating drive_on_heading
[behavior_server-4] [INFO] [1788244512.197840458] [behavior_server]: Activating wait
[behavior_server-4] [INFO] [1788244512.197854632] [behavior_server]: Creating bond (behavior_server) to lifecycle manager.
[lifecycle_manager-10] [INFO] [1788244512.304249701] [lifecycle_manager_navigation]: Server behavior_server connected with bond.
[lifecycle_manager-10] [INFO] [1788244512.304320498] [lifecycle_manager_navigation]: [34m[1mActivating bt_navigator[0m[0m
[bt_navigator-5] [INFO] [1788244512.305292301] [bt_navigator]: Activating
[bt_navigator-5] [INFO] [1788244512.346259723] [bt_navigator]: Creating bond (bt_navigator) to lifecycle manager.
[lifecycle_manager-10] [INFO] [1788244512.451770408] [lifecycle_manager_navigation]: Server bt_navigator connected with bond.
[lifecycle_manager-10] [INFO] [1788244512.451839096] [lifecycle_manager_navigation]: [34m[1mActivating waypoint_follower[0m[0m
[waypoint_follower-6] [INFO] [1788244512.452303331] [waypoint_follower]: Activating
[waypoint_follower-6] [INFO] [1788244512.452355981] [waypoint_follower]: Creating bond (waypoint_follower) to lifecycle manager.
[lifecycle_manager-10] [INFO] [1788244512.557808956] [lifecycle_manager_navigation]: Server waypoint_follower connected with bond.
[lifecycle_manager-10] [INFO] [1788244512.557860989] [lifecycle_manager_navigation]: [34m[1mActivating velocity_smoother[0m[0m
[velocity_smoother-7] [INFO] [1788244512.558282660] [velocity_smoother]: Activating
[velocity_smoother-7] [INFO] [1788244512.558360424] [velocity_smoother]: Creating bond (velocity_smoother) to lifecycle manager.
[lifecycle_manager-10] [INFO] [1788244512.666456379] [lifecycle_manager_navigation]: Server velocity_smoother connected with bond.
[lifecycle_manager-10] [INFO] [1788244512.666497989] [lifecycle_manager_navigation]: [34m[1mActivating smoother_server[0m[0m
[smoother_server-3] [INFO] [1788244512.666837870] [smoother_server]: Activating
[smoother_server-3] [INFO] [1788244512.666881895] [smoother_server]: Creating bond (smoother_server) to lifecycle manager.
[lifecycle_manager-10] [INFO] [1788244512.773247778] [lifecycle_manager_navigation]: Server smoother_server connected with bond.
[lifecycle_manager-10] [INFO] [1788244512.773297816] [lifecycle_manager_navigation]: [34m[1mManaged nodes are active[0m[0m
[lifecycle_manager-10] [INFO] [1788244512.773315527] [lifecycle_manager_navigation]: [34m[1mCreating bond timer...[0m[0m
[planner_server-2] [WARN] [1788244514.086314376] [global_costmap.global_costmap]: The /usv/raw_obstacle_cloud observation buffer has not been updated for 2.82 seconds, and it should be updated every 2.00 seconds.
[bt_navigator-5] [INFO] [1788245553.624635707] [bt_navigator]: Begin navigating from current location (-1.11, 1.30) to (18.00, 0.00)
[planner_server-2] [ERROR] [1788245553.625689086] [planner_server]: Inflation layer either not found or inflation is not set sufficiently for optimized non-circular collision checking capabilities. It is HIGHLY recommended to set the inflation radius to be at MINIMUM half of the robot's largest cross-section. See github.com/ros-planning/navigation2/tree/main/nav2_smac_planner#potential-fields for full instructions. This will substantially impact run-time performance.
[click_to_goal-9] [INFO] [1788245553.628138915] [click_to_goal]: validated goal sent to NavigateToPose
[click_to_goal-9] [INFO] [1788245553.628740966] [click_to_goal]: external goal accepted (18.00, 0.00)
[bt_navigator-5] [INFO] [1788245553.635177162] [bt_navigator]: Received goal preemption request
[bt_navigator-5] [INFO] [1788245553.635385970] [bt_navigator]: Begin navigating from current location (-1.11, 1.30) to (18.00, 0.00)
[controller_server-1] [INFO] [1788245553.665868985] [controller_server]: Received a goal, begin computing control effort.
[controller_server-1] [WARN] [1788245553.665970111] [controller_server]: No goal checker was specified in parameter 'current_goal_checker'. Server will use only plugin loaded general_goal_checker . This warning will appear once.
[controller_server-1] [WARN] [1788245553.666003689] [controller_server]: No progress checker was specified in parameter 'current_progress_checker'. Server will use only plugin loaded progress_checker . This warning will appear once.
[planner_server-2] [ERROR] [1788245557.675739655] [planner_server]: Inflation layer either not found or inflation is not set sufficiently for optimized non-circular collision checking capabilities. It is HIGHLY recommended to set the inflation radius to be at MINIMUM half of the robot's largest cross-section. See github.com/ros-planning/navigation2/tree/main/nav2_smac_planner#potential-fields for full instructions. This will substantially impact run-time performance.
[controller_server-1] [INFO] [1788245557.766122377] [controller_server]: Passing new path to controller.
[planner_server-2] [ERROR] [1788245561.695569834] [planner_server]: Inflation layer either not found or inflation is not set sufficiently for optimized non-circular collision checking capabilities. It is HIGHLY recommended to set the inflation radius to be at MINIMUM half of the robot's largest cross-section. See github.com/ros-planning/navigation2/tree/main/nav2_smac_planner#potential-fields for full instructions. This will substantially impact run-time performance.
[controller_server-1] [INFO] [1788245561.766125163] [controller_server]: Passing new path to controller.
[planner_server-2] [ERROR] [1788245565.715595983] [planner_server]: Inflation layer either not found or inflation is not set sufficiently for optimized non-circular collision checking capabilities. It is HIGHLY recommended to set the inflation radius to be at MINIMUM half of the robot's largest cross-section. See github.com/ros-planning/navigation2/tree/main/nav2_smac_planner#potential-fields for full instructions. This will substantially impact run-time performance.
[controller_server-1] [INFO] [1788245565.766131855] [controller_server]: Passing new path to controller.
[planner_server-2] [ERROR] [1788245569.745186488] [planner_server]: Inflation layer either not found or inflation is not set sufficiently for optimized non-circular collision checking capabilities. It is HIGHLY recommended to set the inflation radius to be at MINIMUM half of the robot's largest cross-section. See github.com/ros-planning/navigation2/tree/main/nav2_smac_planner#potential-fields for full instructions. This will substantially impact run-time performance.
[controller_server-1] [INFO] [1788245569.766128533] [controller_server]: Passing new path to controller.
[controller_server-1] [ERROR] [1788245570.966168724] [controller_server]: Failed to make progress
[controller_server-1] [WARN] [1788245570.966253047] [controller_server]: [follow_path] [ActionServer] Aborting handle.
[controller_server-1] [INFO] [1788245570.986456272] [local_costmap.local_costmap]: Received request to clear entirely the local_costmap
[controller_server-1] [INFO] [1788245570.987110040] [controller_server]: Received a goal, begin computing control effort.
[controller_server-1] [WARN] [1788245571.187469158] [controller_server]: Control loop missed its desired rate of 10.0000 Hz. Current loop rate is 5.4348 Hz.
[planner_server-2] [ERROR] [1788245573.765793153] [planner_server]: Inflation layer either not found or inflation is not set sufficiently for optimized non-circular collision checking capabilities. It is HIGHLY recommended to set the inflation radius to be at MINIMUM half of the robot's largest cross-section. See github.com/ros-planning/navigation2/tree/main/nav2_smac_planner#potential-fields for full instructions. This will substantially impact run-time performance.
[controller_server-1] [INFO] [1788245573.787714068] [controller_server]: Passing new path to controller.
[planner_server-2] [ERROR] [1788245577.795822180] [planner_server]: Inflation layer either not found or inflation is not set sufficiently for optimized non-circular collision checking capabilities. It is HIGHLY recommended to set the inflation radius to be at MINIMUM half of the robot's largest cross-section. See github.com/ros-planning/navigation2/tree/main/nav2_smac_planner#potential-fields for full instructions. This will substantially impact run-time performance.
[controller_server-1] [INFO] [1788245577.887586537] [controller_server]: Passing new path to controller.
[controller_server-1] [ERROR] [1788245580.187692364] [controller_server]: Failed to make progress
[controller_server-1] [WARN] [1788245580.187839192] [controller_server]: [follow_path] [ActionServer] Aborting handle.
[controller_server-1] [INFO] [1788245580.205114289] [local_costmap.local_costmap]: Received request to clear entirely the local_costmap
[planner_server-2] [INFO] [1788245580.205435370] [global_costmap.global_costmap]: Received request to clear entirely the global_costmap
[behavior_server-4] [INFO] [1788245580.206095348] [behavior_server]: Running wait
[behavior_server-4] [INFO] [1788245582.366050079] [behavior_server]: wait completed successfully
[planner_server-2] [ERROR] [1788245582.386021106] [planner_server]: Inflation layer either not found or inflation is not set sufficiently for optimized non-circular collision checking capabilities. It is HIGHLY recommended to set the inflation radius to be at MINIMUM half of the robot's largest cross-section. See github.com/ros-planning/navigation2/tree/main/nav2_smac_planner#potential-fields for full instructions. This will substantially impact run-time performance.
[controller_server-1] [INFO] [1788245582.406405121] [controller_server]: Received a goal, begin computing control effort.
[planner_server-2] [ERROR] [1788245586.416004088] [planner_server]: Inflation layer either not found or inflation is not set sufficiently for optimized non-circular collision checking capabilities. It is HIGHLY recommended to set the inflation radius to be at MINIMUM half of the robot's largest cross-section. See github.com/ros-planning/navigation2/tree/main/nav2_smac_planner#potential-fields for full instructions. This will substantially impact run-time performance.
[controller_server-1] [INFO] [1788245586.506539055] [controller_server]: Passing new path to controller.
[planner_server-2] [ERROR] [1788245590.445952581] [planner_server]: Inflation layer either not found or inflation is not set sufficiently for optimized non-circular collision checking capabilities. It is HIGHLY recommended to set the inflation radius to be at MINIMUM half of the robot's largest cross-section. See github.com/ros-planning/navigation2/tree/main/nav2_smac_planner#potential-fields for full instructions. This will substantially impact run-time performance.
[controller_server-1] [INFO] [1788245590.506542169] [controller_server]: Passing new path to controller.
[planner_server-2] [ERROR] [1788245594.476077898] [planner_server]: Inflation layer either not found or inflation is not set sufficiently for optimized non-circular collision checking capabilities. It is HIGHLY recommended to set the inflation radius to be at MINIMUM half of the robot's largest cross-section. See github.com/ros-planning/navigation2/tree/main/nav2_smac_planner#potential-fields for full instructions. This will substantially impact run-time performance.
[controller_server-1] [INFO] [1788245594.506551487] [controller_server]: Passing new path to controller.
[controller_server-1] [ERROR] [1788245594.806609921] [controller_server]: Failed to make progress
[controller_server-1] [WARN] [1788245594.806731022] [controller_server]: [follow_path] [ActionServer] Aborting handle.
[controller_server-1] [INFO] [1788245594.825869603] [local_costmap.local_costmap]: Received request to clear entirely the local_costmap
[controller_server-1] [INFO] [1788245594.826897852] [controller_server]: Received a goal, begin computing control effort.
[controller_server-1] [WARN] [1788245594.987321404] [controller_server]: Control loop missed its desired rate of 10.0000 Hz. Current loop rate is 6.4103 Hz.
[planner_server-2] [ERROR] [1788245598.496214210] [planner_server]: Inflation layer either not found or inflation is not set sufficiently for optimized non-circular collision checking capabilities. It is HIGHLY recommended to set the inflation radius to be at MINIMUM half of the robot's largest cross-section. See github.com/ros-planning/navigation2/tree/main/nav2_smac_planner#potential-fields for full instructions. This will substantially impact run-time performance.
[controller_server-1] [INFO] [1788245598.587461713] [controller_server]: Passing new path to controller.
[planner_server-2] [ERROR] [1788245602.523420510] [planner_server]: Inflation layer either not found or inflation is not set sufficiently for optimized non-circular collision checking capabilities. It is HIGHLY recommended to set the inflation radius to be at MINIMUM half of the robot's largest cross-section. See github.com/ros-planning/navigation2/tree/main/nav2_smac_planner#potential-fields for full instructions. This will substantially impact run-time performance.
[controller_server-1] [INFO] [1788245602.587457961] [controller_server]: Passing new path to controller.
[controller_server-1] [ERROR] [1788245603.987586299] [controller_server]: Failed to make progress
[controller_server-1] [WARN] [1788245603.987759922] [controller_server]: [follow_path] [ActionServer] Aborting handle.
[controller_server-1] [INFO] [1788245604.003493194] [local_costmap.local_costmap]: Received request to clear entirely the local_costmap
[planner_server-2] [INFO] [1788245604.004030225] [global_costmap.global_costmap]: Received request to clear entirely the global_costmap
[behavior_server-4] [INFO] [1788245604.004693343] [behavior_server]: Running wait
[behavior_server-4] [INFO] [1788245606.404858074] [behavior_server]: wait completed successfully
[planner_server-2] [ERROR] [1788245606.423422573] [planner_server]: Inflation layer either not found or inflation is not set sufficiently for optimized non-circular collision checking capabilities. It is HIGHLY recommended to set the inflation radius to be at MINIMUM half of the robot's largest cross-section. See github.com/ros-planning/navigation2/tree/main/nav2_smac_planner#potential-fields for full instructions. This will substantially impact run-time performance.
[controller_server-1] [INFO] [1788245606.444791938] [controller_server]: Received a goal, begin computing control effort.
[planner_server-2] [ERROR] [1788245610.453350243] [planner_server]: Inflation layer either not found or inflation is not set sufficiently for optimized non-circular collision checking capabilities. It is HIGHLY recommended to set the inflation radius to be at MINIMUM half of the robot's largest cross-section. See github.com/ros-planning/navigation2/tree/main/nav2_smac_planner#potential-fields for full instructions. This will substantially impact run-time performance.
[controller_server-1] [INFO] [1788245610.544945336] [controller_server]: Passing new path to controller.
[planner_server-2] [ERROR] [1788245614.483368372] [planner_server]: Inflation layer either not found or inflation is not set sufficiently for optimized non-circular collision checking capabilities. It is HIGHLY recommended to set the inflation radius to be at MINIMUM half of the robot's largest cross-section. See github.com/ros-planning/navigation2/tree/main/nav2_smac_planner#potential-fields for full instructions. This will substantially impact run-time performance.
[controller_server-1] [INFO] [1788245614.544948395] [controller_server]: Passing new path to controller.
[controller_server-1] [ERROR] [1788245615.145020328] [controller_server]: Failed to make progress
[controller_server-1] [WARN] [1788245615.145113782] [controller_server]: [follow_path] [ActionServer] Aborting handle.
[controller_server-1] [INFO] [1788245615.163210961] [local_costmap.local_costmap]: Received request to clear entirely the local_costmap
[controller_server-1] [INFO] [1788245615.163576907] [controller_server]: Received a goal, begin computing control effort.
[planner_server-2] [ERROR] [1788245618.509560484] [planner_server]: Inflation layer either not found or inflation is not set sufficiently for optimized non-circular collision checking capabilities. It is HIGHLY recommended to set the inflation radius to be at MINIMUM half of the robot's largest cross-section. See github.com/ros-planning/navigation2/tree/main/nav2_smac_planner#potential-fields for full instructions. This will substantially impact run-time performance.
[controller_server-1] [INFO] [1788245618.563777969] [controller_server]: Passing new path to controller.
[planner_server-2] [ERROR] [1788245622.539465426] [planner_server]: Inflation layer either not found or inflation is not set sufficiently for optimized non-circular collision checking capabilities. It is HIGHLY recommended to set the inflation radius to be at MINIMUM half of the robot's largest cross-section. See github.com/ros-planning/navigation2/tree/main/nav2_smac_planner#potential-fields for full instructions. This will substantially impact run-time performance.
[controller_server-1] [INFO] [1788245622.563696931] [controller_server]: Passing new path to controller.
[controller_server-1] [ERROR] [1788245624.063769116] [controller_server]: Failed to make progress
[controller_server-1] [WARN] [1788245624.063937023] [controller_server]: [follow_path] [ActionServer] Aborting handle.
[bt_navigator-5] [WARN] [1788245624.089070375] [bt_navigator]: [navigate_to_pose] [ActionServer] Aborting handle.
[bt_navigator-5] [ERROR] [1788245624.089267614] [bt_navigator]: Goal failed
[click_to_goal-9] [INFO] [1788245624.090232385] [click_to_goal]: NavigateToPose finished: ABORTED (status=6)
