[INFO] [launch]: All log files can be found below /home/jkjkzhang/lidar_project/.usv_logs/ros/2026-09-01-21-46-01-351270-jkjkzhang-TX-Gaming-FX608JPR-FX608JPR-48731
[INFO] [launch]: Default logging verbosity is set to INFO
[INFO] [controller_server-1]: process started with pid [48775]
[INFO] [planner_server-2]: process started with pid [48776]
[INFO] [smoother_server-3]: process started with pid [48777]
[INFO] [behavior_server-4]: process started with pid [48778]
[INFO] [bt_navigator-5]: process started with pid [48779]
[INFO] [waypoint_follower-6]: process started with pid [48780]
[INFO] [velocity_smoother-7]: process started with pid [48781]
[INFO] [costmap_3d_markers-8]: process started with pid [48782]
[INFO] [click_to_goal-9]: process started with pid [48783]
[INFO] [lifecycle_manager-10]: process started with pid [48784]
[planner_server-2] [INFO] [1788270361.776653553] [planner_server]: 
[planner_server-2] 	planner_server lifecycle node launched. 
[planner_server-2] 	Waiting on external lifecycle transitions to activate
[planner_server-2] 	See https://design.ros2.org/articles/node_lifecycle.html for more information.
[planner_server-2] [INFO] [1788270361.779178912] [planner_server]: Creating
[waypoint_follower-6] [INFO] [1788270361.782970360] [waypoint_follower]: 
[waypoint_follower-6] 	waypoint_follower lifecycle node launched. 
[waypoint_follower-6] 	Waiting on external lifecycle transitions to activate
[waypoint_follower-6] 	See https://design.ros2.org/articles/node_lifecycle.html for more information.
[velocity_smoother-7] [INFO] [1788270361.783827124] [velocity_smoother]: 
[velocity_smoother-7] 	velocity_smoother lifecycle node launched. 
[velocity_smoother-7] 	Waiting on external lifecycle transitions to activate
[velocity_smoother-7] 	See https://design.ros2.org/articles/node_lifecycle.html for more information.
[waypoint_follower-6] [INFO] [1788270361.784491531] [waypoint_follower]: Creating
[smoother_server-3] [INFO] [1788270361.788131600] [smoother_server]: 
[smoother_server-3] 	smoother_server lifecycle node launched. 
[smoother_server-3] 	Waiting on external lifecycle transitions to activate
[smoother_server-3] 	See https://design.ros2.org/articles/node_lifecycle.html for more information.
[smoother_server-3] [INFO] [1788270361.790285542] [smoother_server]: Creating smoother server
[planner_server-2] [INFO] [1788270361.791697889] [global_costmap.global_costmap]: 
[planner_server-2] 	global_costmap lifecycle node launched. 
[planner_server-2] 	Waiting on external lifecycle transitions to activate
[planner_server-2] 	See https://design.ros2.org/articles/node_lifecycle.html for more information.
[planner_server-2] [INFO] [1788270361.793594126] [global_costmap.global_costmap]: Creating Costmap
[bt_navigator-5] [INFO] [1788270362.308472911] [bt_navigator]: 
[bt_navigator-5] 	bt_navigator lifecycle node launched. 
[bt_navigator-5] 	Waiting on external lifecycle transitions to activate
[bt_navigator-5] 	See https://design.ros2.org/articles/node_lifecycle.html for more information.
[bt_navigator-5] [INFO] [1788270362.310913932] [bt_navigator]: Creating
[lifecycle_manager-10] [INFO] [1788270362.463962336] [lifecycle_manager_navigation]: Creating
[lifecycle_manager-10] [INFO] [1788270362.470526313] [lifecycle_manager_navigation]: [34m[1mCreating and initializing lifecycle service clients[0m[0m
[behavior_server-4] [INFO] [1788270362.473098615] [behavior_server]: 
[behavior_server-4] 	behavior_server lifecycle node launched. 
[behavior_server-4] 	Waiting on external lifecycle transitions to activate
[behavior_server-4] 	See https://design.ros2.org/articles/node_lifecycle.html for more information.
[controller_server-1] [INFO] [1788270362.477882453] [controller_server]: 
[controller_server-1] 	controller_server lifecycle node launched. 
[controller_server-1] 	Waiting on external lifecycle transitions to activate
[controller_server-1] 	See https://design.ros2.org/articles/node_lifecycle.html for more information.
[costmap_3d_markers-8] [INFO] [1788270362.484272663] [costmap_3d_markers]: costmap_3d_markers up (visualization only)
[controller_server-1] [INFO] [1788270362.485845367] [controller_server]: Creating controller server
[controller_server-1] [INFO] [1788270362.509862700] [local_costmap.local_costmap]: 
[controller_server-1] 	local_costmap lifecycle node launched. 
[controller_server-1] 	Waiting on external lifecycle transitions to activate
[controller_server-1] 	See https://design.ros2.org/articles/node_lifecycle.html for more information.
[controller_server-1] [INFO] [1788270362.511067200] [local_costmap.local_costmap]: Creating Costmap
[click_to_goal-9] [INFO] [1788270362.766510651] [click_to_goal]: click_to_goal up: validated goals -> NavigateToPose, frame=camera_init, radius=2.8m, reject_unknown=True
[lifecycle_manager-10] [INFO] [1788270363.227820845] [lifecycle_manager_navigation]: [34m[1mStarting managed nodes bringup...[0m[0m
[lifecycle_manager-10] [INFO] [1788270363.227860176] [lifecycle_manager_navigation]: [34m[1mConfiguring controller_server[0m[0m
[controller_server-1] [INFO] [1788270363.228214546] [controller_server]: Configuring controller interface
[controller_server-1] [INFO] [1788270363.228240223] [controller_server]: getting progress checker plugins..
[controller_server-1] [INFO] [1788270363.228522325] [controller_server]: getting goal checker plugins..
[controller_server-1] [INFO] [1788270363.228662021] [controller_server]: Controller frequency set to 10.0000Hz
[controller_server-1] [INFO] [1788270363.228723070] [local_costmap.local_costmap]: Configuring
[controller_server-1] [INFO] [1788270363.239032545] [local_costmap.local_costmap]: Using plugin "obstacle_layer"
[controller_server-1] [INFO] [1788270363.243137430] [local_costmap.local_costmap]: Subscribed to Topics: lidar_cloud dynamic_cloud
[controller_server-1] [INFO] [1788270363.250138041] [local_costmap.local_costmap]: Initialized plugin "obstacle_layer"
[controller_server-1] [INFO] [1788270363.250184995] [local_costmap.local_costmap]: Using plugin "inflation_layer"
[controller_server-1] [INFO] [1788270363.250895713] [local_costmap.local_costmap]: Initialized plugin "inflation_layer"
[controller_server-1] [INFO] [1788270363.279383002] [controller_server]: Created progress_checker : progress_checker of type nav2_controller::SimpleProgressChecker
[controller_server-1] [INFO] [1788270363.280234246] [controller_server]: Controller Server has progress_checker  progress checkers available.
[controller_server-1] [INFO] [1788270363.280983821] [controller_server]: Created goal checker : general_goal_checker of type nav2_controller::SimpleGoalChecker
[controller_server-1] [INFO] [1788270363.281433724] [controller_server]: Controller Server has general_goal_checker  goal checkers available.
[controller_server-1] [INFO] [1788270363.282568147] [controller_server]: Created controller : FollowPath of type nav2_regulated_pure_pursuit_controller::RegulatedPurePursuitController
[controller_server-1] [INFO] [1788270363.288726768] [controller_server]: Controller Server has FollowPath  controllers available.
[lifecycle_manager-10] [INFO] [1788270363.298403896] [lifecycle_manager_navigation]: [34m[1mConfiguring planner_server[0m[0m
[planner_server-2] [INFO] [1788270363.298708689] [planner_server]: Configuring
[planner_server-2] [INFO] [1788270363.298757318] [global_costmap.global_costmap]: Configuring
[planner_server-2] [INFO] [1788270363.308096377] [global_costmap.global_costmap]: Using plugin "obstacle_layer"
[planner_server-2] [INFO] [1788270363.312987771] [global_costmap.global_costmap]: Subscribed to Topics: lidar_cloud dynamic_cloud
[planner_server-2] [INFO] [1788270363.319094654] [global_costmap.global_costmap]: Initialized plugin "obstacle_layer"
[planner_server-2] [INFO] [1788270363.319130266] [global_costmap.global_costmap]: Using plugin "inflation_layer"
[planner_server-2] [INFO] [1788270363.319705488] [global_costmap.global_costmap]: Initialized plugin "inflation_layer"
[planner_server-2] [INFO] [1788270363.346745278] [planner_server]: Created global planner plugin GridBased of type nav2_smac_planner::SmacPlannerHybrid
[planner_server-2] [INFO] [1788270363.346865989] [planner_server]: Configuring GridBased of type SmacPlannerHybrid
[planner_server-2] [INFO] [1788270363.348697982] [planner_server]: Even sized heuristic lookup table size set 40.000000, increasing size by 1 to make odd
[planner_server-2] [ERROR] [1788270363.348764339] [planner_server]: Inflation layer either not found or inflation is not set sufficiently for optimized non-circular collision checking capabilities. It is HIGHLY recommended to set the inflation radius to be at MINIMUM half of the robot's largest cross-section. See github.com/ros-planning/navigation2/tree/main/nav2_smac_planner#potential-fields for full instructions. This will substantially impact run-time performance.
[planner_server-2] [INFO] [1788270363.460917049] [planner_server]: Configured plugin GridBased of type SmacPlannerHybrid with maximum iterations 300000, max on approach iterations 1000, and allowing unknown traversal. Tolerance 2.00.Using motion model: Reeds-Shepp.
[planner_server-2] [INFO] [1788270363.460978715] [planner_server]: Planner Server has GridBased  planners available.
[lifecycle_manager-10] [INFO] [1788270363.471693142] [lifecycle_manager_navigation]: [34m[1mConfiguring behavior_server[0m[0m
[behavior_server-4] [INFO] [1788270363.471973988] [behavior_server]: Configuring
[behavior_server-4] [INFO] [1788270363.477493463] [behavior_server]: Creating behavior plugin spin of type nav2_behaviors::Spin
[behavior_server-4] [INFO] [1788270363.478991194] [behavior_server]: Creating behavior plugin drive_on_heading of type nav2_behaviors::DriveOnHeading
[behavior_server-4] [INFO] [1788270363.480044099] [behavior_server]: Creating behavior plugin wait of type nav2_behaviors::Wait
[behavior_server-4] [INFO] [1788270363.489869938] [behavior_server]: Configuring spin
[behavior_server-4] [INFO] [1788270363.496944079] [behavior_server]: Configuring drive_on_heading
[behavior_server-4] [INFO] [1788270363.500975421] [behavior_server]: Configuring wait
[lifecycle_manager-10] [INFO] [1788270363.506741787] [lifecycle_manager_navigation]: [34m[1mConfiguring bt_navigator[0m[0m
[bt_navigator-5] [INFO] [1788270363.507085866] [bt_navigator]: Configuring
[bt_navigator-5] [INFO] [1788270363.517853313] [bt_navigator]: Creating navigator id navigate_to_pose of type nav2_bt_navigator::NavigateToPoseNavigator
[bt_navigator-5] [WARN] [1788270363.523806148] [bt_navigator]: Error_code parameters were not set. Using default values of: follow_path_error_code compute_path_error_code
[bt_navigator-5] Make sure these match your BT and there are not other sources of error codes youreported to your application
[bt_navigator-5] [INFO] [1788270363.615533635] [bt_navigator]: Creating navigator id navigate_through_poses of type nav2_bt_navigator::NavigateThroughPosesNavigator
[lifecycle_manager-10] [INFO] [1788270363.646570460] [lifecycle_manager_navigation]: [34m[1mConfiguring waypoint_follower[0m[0m
[waypoint_follower-6] [INFO] [1788270363.646942851] [waypoint_follower]: Configuring
[waypoint_follower-6] [INFO] [1788270363.684186494] [waypoint_follower]: Created waypoint_task_executor : wait_at_waypoint of type nav2_waypoint_follower::WaitAtWaypoint
[waypoint_follower-6] [INFO] [1788270363.684592813] [waypoint_follower]: Waypoint pause duration is set to zero, disabling task executor plugin.
[lifecycle_manager-10] [INFO] [1788270363.685531249] [lifecycle_manager_navigation]: [34m[1mConfiguring velocity_smoother[0m[0m
[velocity_smoother-7] [INFO] [1788270363.685923150] [velocity_smoother]: Configuring velocity smoother
[lifecycle_manager-10] [INFO] [1788270363.694137847] [lifecycle_manager_navigation]: [34m[1mConfiguring smoother_server[0m[0m
[smoother_server-3] [INFO] [1788270363.694660774] [smoother_server]: Configuring smoother server
[smoother_server-3] [INFO] [1788270363.715756465] [smoother_server]: Created smoother : simple_smoother of type nav2_smoother::SimpleSmoother
[smoother_server-3] [INFO] [1788270363.717083044] [smoother_server]: Smoother Server has simple_smoother  smoothers available.
[lifecycle_manager-10] [INFO] [1788270363.727751727] [lifecycle_manager_navigation]: [34m[1mActivating controller_server[0m[0m
[controller_server-1] [INFO] [1788270363.728002467] [controller_server]: Activating
[controller_server-1] [INFO] [1788270363.728040644] [local_costmap.local_costmap]: Activating
[controller_server-1] [INFO] [1788270363.728049174] [local_costmap.local_costmap]: Checking transform
[controller_server-1] [INFO] [1788270363.728149415] [local_costmap.local_costmap]: start
[controller_server-1] [INFO] [1788270363.930466903] [controller_server]: Activating controller: FollowPath of type regulated_pure_pursuit_controller::RegulatedPurePursuitController
[controller_server-1] [INFO] [1788270363.930522686] [controller_server]: Creating bond (controller_server) to lifecycle manager.
[lifecycle_manager-10] [INFO] [1788270364.036906683] [lifecycle_manager_navigation]: Server controller_server connected with bond.
[lifecycle_manager-10] [INFO] [1788270364.036963078] [lifecycle_manager_navigation]: [34m[1mActivating planner_server[0m[0m
[planner_server-2] [INFO] [1788270364.037331956] [planner_server]: Activating
[planner_server-2] [INFO] [1788270364.037380129] [global_costmap.global_costmap]: Activating
[planner_server-2] [INFO] [1788270364.037395759] [global_costmap.global_costmap]: Checking transform
[planner_server-2] [INFO] [1788270364.037552557] [global_costmap.global_costmap]: start
[planner_server-2] [INFO] [1788270365.039846976] [planner_server]: Activating plugin GridBased of type SmacPlannerHybrid
[planner_server-2] [INFO] [1788270365.044746363] [planner_server]: Creating bond (planner_server) to lifecycle manager.
[lifecycle_manager-10] [INFO] [1788270365.152173679] [lifecycle_manager_navigation]: Server planner_server connected with bond.
[lifecycle_manager-10] [INFO] [1788270365.152264761] [lifecycle_manager_navigation]: [34m[1mActivating behavior_server[0m[0m
[behavior_server-4] [INFO] [1788270365.152813057] [behavior_server]: Activating
[behavior_server-4] [INFO] [1788270365.152854341] [behavior_server]: Activating spin
[behavior_server-4] [INFO] [1788270365.152876797] [behavior_server]: Activating drive_on_heading
[behavior_server-4] [INFO] [1788270365.152892539] [behavior_server]: Activating wait
[behavior_server-4] [INFO] [1788270365.152918630] [behavior_server]: Creating bond (behavior_server) to lifecycle manager.
[lifecycle_manager-10] [INFO] [1788270365.260639760] [lifecycle_manager_navigation]: Server behavior_server connected with bond.
[lifecycle_manager-10] [INFO] [1788270365.260715896] [lifecycle_manager_navigation]: [34m[1mActivating bt_navigator[0m[0m
[bt_navigator-5] [INFO] [1788270365.261179483] [bt_navigator]: Activating
[bt_navigator-5] [INFO] [1788270365.340902737] [bt_navigator]: Creating bond (bt_navigator) to lifecycle manager.
[lifecycle_manager-10] [INFO] [1788270365.448867708] [lifecycle_manager_navigation]: Server bt_navigator connected with bond.
[lifecycle_manager-10] [INFO] [1788270365.448942088] [lifecycle_manager_navigation]: [34m[1mActivating waypoint_follower[0m[0m
[waypoint_follower-6] [INFO] [1788270365.449544553] [waypoint_follower]: Activating
[waypoint_follower-6] [INFO] [1788270365.449643604] [waypoint_follower]: Creating bond (waypoint_follower) to lifecycle manager.
[lifecycle_manager-10] [INFO] [1788270365.561063461] [lifecycle_manager_navigation]: Server waypoint_follower connected with bond.
[lifecycle_manager-10] [INFO] [1788270365.561145140] [lifecycle_manager_navigation]: [34m[1mActivating velocity_smoother[0m[0m
[velocity_smoother-7] [INFO] [1788270365.561687576] [velocity_smoother]: Activating
[velocity_smoother-7] [INFO] [1788270365.561792602] [velocity_smoother]: Creating bond (velocity_smoother) to lifecycle manager.
[lifecycle_manager-10] [INFO] [1788270365.673195250] [lifecycle_manager_navigation]: Server velocity_smoother connected with bond.
[lifecycle_manager-10] [INFO] [1788270365.673300750] [lifecycle_manager_navigation]: [34m[1mActivating smoother_server[0m[0m
[smoother_server-3] [INFO] [1788270365.673856642] [smoother_server]: Activating
[smoother_server-3] [INFO] [1788270365.673920386] [smoother_server]: Creating bond (smoother_server) to lifecycle manager.
[lifecycle_manager-10] [INFO] [1788270365.784817357] [lifecycle_manager_navigation]: Server smoother_server connected with bond.
[lifecycle_manager-10] [INFO] [1788270365.784903623] [lifecycle_manager_navigation]: [34m[1mManaged nodes are active[0m[0m
[lifecycle_manager-10] [INFO] [1788270365.784919258] [lifecycle_manager_navigation]: [34m[1mCreating bond timer...[0m[0m
[bt_navigator-5] [INFO] [1788270547.435271189] [bt_navigator]: Begin navigating from current location (-0.19, 0.19) to (18.00, 0.00)
[planner_server-2] [ERROR] [1788270547.436606175] [planner_server]: Inflation layer either not found or inflation is not set sufficiently for optimized non-circular collision checking capabilities. It is HIGHLY recommended to set the inflation radius to be at MINIMUM half of the robot's largest cross-section. See github.com/ros-planning/navigation2/tree/main/nav2_smac_planner#potential-fields for full instructions. This will substantially impact run-time performance.
[click_to_goal-9] [INFO] [1788270547.441306835] [click_to_goal]: validated goal sent to NavigateToPose
[click_to_goal-9] [INFO] [1788270547.441984181] [click_to_goal]: external goal accepted (18.00, 0.00)
[bt_navigator-5] [INFO] [1788270547.445707059] [bt_navigator]: Received goal preemption request
[bt_navigator-5] [INFO] [1788270547.445954949] [bt_navigator]: Begin navigating from current location (-0.19, 0.19) to (18.00, 0.00)
[controller_server-1] [INFO] [1788270547.457170244] [controller_server]: Received a goal, begin computing control effort.
[controller_server-1] [WARN] [1788270547.457277548] [controller_server]: No goal checker was specified in parameter 'current_goal_checker'. Server will use only plugin loaded general_goal_checker . This warning will appear once.
[controller_server-1] [WARN] [1788270547.457305853] [controller_server]: No progress checker was specified in parameter 'current_progress_checker'. Server will use only plugin loaded progress_checker . This warning will appear once.
[planner_server-2] [ERROR] [1788270551.466267607] [planner_server]: Inflation layer either not found or inflation is not set sufficiently for optimized non-circular collision checking capabilities. It is HIGHLY recommended to set the inflation radius to be at MINIMUM half of the robot's largest cross-section. See github.com/ros-planning/navigation2/tree/main/nav2_smac_planner#potential-fields for full instructions. This will substantially impact run-time performance.
[controller_server-1] [INFO] [1788270551.557423796] [controller_server]: Passing new path to controller.
[planner_server-2] [ERROR] [1788270555.495994996] [planner_server]: Inflation layer either not found or inflation is not set sufficiently for optimized non-circular collision checking capabilities. It is HIGHLY recommended to set the inflation radius to be at MINIMUM half of the robot's largest cross-section. See github.com/ros-planning/navigation2/tree/main/nav2_smac_planner#potential-fields for full instructions. This will substantially impact run-time performance.
[controller_server-1] [INFO] [1788270555.557431673] [controller_server]: Passing new path to controller.
[planner_server-2] [ERROR] [1788270559.526065374] [planner_server]: Inflation layer either not found or inflation is not set sufficiently for optimized non-circular collision checking capabilities. It is HIGHLY recommended to set the inflation radius to be at MINIMUM half of the robot's largest cross-section. See github.com/ros-planning/navigation2/tree/main/nav2_smac_planner#potential-fields for full instructions. This will substantially impact run-time performance.
[controller_server-1] [INFO] [1788270559.557409103] [controller_server]: Passing new path to controller.
[planner_server-2] [ERROR] [1788270563.556188300] [planner_server]: Inflation layer either not found or inflation is not set sufficiently for optimized non-circular collision checking capabilities. It is HIGHLY recommended to set the inflation radius to be at MINIMUM half of the robot's largest cross-section. See github.com/ros-planning/navigation2/tree/main/nav2_smac_planner#potential-fields for full instructions. This will substantially impact run-time performance.
[controller_server-1] [INFO] [1788270563.657441989] [controller_server]: Passing new path to controller.
[planner_server-2] [ERROR] [1788270567.566428812] [planner_server]: Inflation layer either not found or inflation is not set sufficiently for optimized non-circular collision checking capabilities. It is HIGHLY recommended to set the inflation radius to be at MINIMUM half of the robot's largest cross-section. See github.com/ros-planning/navigation2/tree/main/nav2_smac_planner#potential-fields for full instructions. This will substantially impact run-time performance.
[controller_server-1] [INFO] [1788270567.659426640] [controller_server]: Passing new path to controller.
[planner_server-2] [ERROR] [1788270571.586064524] [planner_server]: Inflation layer either not found or inflation is not set sufficiently for optimized non-circular collision checking capabilities. It is HIGHLY recommended to set the inflation radius to be at MINIMUM half of the robot's largest cross-section. See github.com/ros-planning/navigation2/tree/main/nav2_smac_planner#potential-fields for full instructions. This will substantially impact run-time performance.
[controller_server-1] [INFO] [1788270571.657441069] [controller_server]: Passing new path to controller.
[planner_server-2] [ERROR] [1788270575.616007305] [planner_server]: Inflation layer either not found or inflation is not set sufficiently for optimized non-circular collision checking capabilities. It is HIGHLY recommended to set the inflation radius to be at MINIMUM half of the robot's largest cross-section. See github.com/ros-planning/navigation2/tree/main/nav2_smac_planner#potential-fields for full instructions. This will substantially impact run-time performance.
[controller_server-1] [INFO] [1788270575.657445296] [controller_server]: Passing new path to controller.
[planner_server-2] [ERROR] [1788270579.646165871] [planner_server]: Inflation layer either not found or inflation is not set sufficiently for optimized non-circular collision checking capabilities. It is HIGHLY recommended to set the inflation radius to be at MINIMUM half of the robot's largest cross-section. See github.com/ros-planning/navigation2/tree/main/nav2_smac_planner#potential-fields for full instructions. This will substantially impact run-time performance.
[controller_server-1] [INFO] [1788270579.757441456] [controller_server]: Passing new path to controller.
[planner_server-2] [ERROR] [1788270583.666261110] [planner_server]: Inflation layer either not found or inflation is not set sufficiently for optimized non-circular collision checking capabilities. It is HIGHLY recommended to set the inflation radius to be at MINIMUM half of the robot's largest cross-section. See github.com/ros-planning/navigation2/tree/main/nav2_smac_planner#potential-fields for full instructions. This will substantially impact run-time performance.
[controller_server-1] [INFO] [1788270583.757431281] [controller_server]: Passing new path to controller.
[planner_server-2] [ERROR] [1788270587.696870085] [planner_server]: Inflation layer either not found or inflation is not set sufficiently for optimized non-circular collision checking capabilities. It is HIGHLY recommended to set the inflation radius to be at MINIMUM half of the robot's largest cross-section. See github.com/ros-planning/navigation2/tree/main/nav2_smac_planner#potential-fields for full instructions. This will substantially impact run-time performance.
[controller_server-1] [INFO] [1788270587.757440195] [controller_server]: Passing new path to controller.
[planner_server-2] [ERROR] [1788270591.725928672] [planner_server]: Inflation layer either not found or inflation is not set sufficiently for optimized non-circular collision checking capabilities. It is HIGHLY recommended to set the inflation radius to be at MINIMUM half of the robot's largest cross-section. See github.com/ros-planning/navigation2/tree/main/nav2_smac_planner#potential-fields for full instructions. This will substantially impact run-time performance.
[controller_server-1] [INFO] [1788270591.757462257] [controller_server]: Passing new path to controller.
[planner_server-2] [ERROR] [1788270595.755881836] [planner_server]: Inflation layer either not found or inflation is not set sufficiently for optimized non-circular collision checking capabilities. It is HIGHLY recommended to set the inflation radius to be at MINIMUM half of the robot's largest cross-section. See github.com/ros-planning/navigation2/tree/main/nav2_smac_planner#potential-fields for full instructions. This will substantially impact run-time performance.
[controller_server-1] [INFO] [1788270595.857434513] [controller_server]: Passing new path to controller.
[planner_server-2] [ERROR] [1788270599.776056718] [planner_server]: Inflation layer either not found or inflation is not set sufficiently for optimized non-circular collision checking capabilities. It is HIGHLY recommended to set the inflation radius to be at MINIMUM half of the robot's largest cross-section. See github.com/ros-planning/navigation2/tree/main/nav2_smac_planner#potential-fields for full instructions. This will substantially impact run-time performance.
[controller_server-1] [INFO] [1788270599.857432498] [controller_server]: Passing new path to controller.
[planner_server-2] [ERROR] [1788270603.806034389] [planner_server]: Inflation layer either not found or inflation is not set sufficiently for optimized non-circular collision checking capabilities. It is HIGHLY recommended to set the inflation radius to be at MINIMUM half of the robot's largest cross-section. See github.com/ros-planning/navigation2/tree/main/nav2_smac_planner#potential-fields for full instructions. This will substantially impact run-time performance.
[controller_server-1] [INFO] [1788270603.857435395] [controller_server]: Passing new path to controller.
[planner_server-2] [ERROR] [1788270607.836193683] [planner_server]: Inflation layer either not found or inflation is not set sufficiently for optimized non-circular collision checking capabilities. It is HIGHLY recommended to set the inflation radius to be at MINIMUM half of the robot's largest cross-section. See github.com/ros-planning/navigation2/tree/main/nav2_smac_planner#potential-fields for full instructions. This will substantially impact run-time performance.
[controller_server-1] [INFO] [1788270607.857437601] [controller_server]: Passing new path to controller.
[planner_server-2] [ERROR] [1788270611.866050005] [planner_server]: Inflation layer either not found or inflation is not set sufficiently for optimized non-circular collision checking capabilities. It is HIGHLY recommended to set the inflation radius to be at MINIMUM half of the robot's largest cross-section. See github.com/ros-planning/navigation2/tree/main/nav2_smac_planner#potential-fields for full instructions. This will substantially impact run-time performance.
[controller_server-1] [INFO] [1788270611.957426614] [controller_server]: Passing new path to controller.
[planner_server-2] [ERROR] [1788270615.896095837] [planner_server]: Inflation layer either not found or inflation is not set sufficiently for optimized non-circular collision checking capabilities. It is HIGHLY recommended to set the inflation radius to be at MINIMUM half of the robot's largest cross-section. See github.com/ros-planning/navigation2/tree/main/nav2_smac_planner#potential-fields for full instructions. This will substantially impact run-time performance.
[controller_server-1] [INFO] [1788270615.957437222] [controller_server]: Passing new path to controller.
[planner_server-2] [ERROR] [1788270619.928336453] [planner_server]: Inflation layer either not found or inflation is not set sufficiently for optimized non-circular collision checking capabilities. It is HIGHLY recommended to set the inflation radius to be at MINIMUM half of the robot's largest cross-section. See github.com/ros-planning/navigation2/tree/main/nav2_smac_planner#potential-fields for full instructions. This will substantially impact run-time performance.
[controller_server-1] [INFO] [1788270619.957441543] [controller_server]: Passing new path to controller.
[planner_server-2] [ERROR] [1788270623.966260266] [planner_server]: Inflation layer either not found or inflation is not set sufficiently for optimized non-circular collision checking capabilities. It is HIGHLY recommended to set the inflation radius to be at MINIMUM half of the robot's largest cross-section. See github.com/ros-planning/navigation2/tree/main/nav2_smac_planner#potential-fields for full instructions. This will substantially impact run-time performance.
[controller_server-1] [INFO] [1788270624.057617827] [controller_server]: Passing new path to controller.
[controller_server-1] [INFO] [1788270625.058895688] [controller_server]: Reached the goal!
[bt_navigator-5] [INFO] [1788270625.085811520] [bt_navigator]: Goal succeeded
[click_to_goal-9] [INFO] [1788270625.087199864] [click_to_goal]: NavigateToPose finished: SUCCEEDED (status=4)
