[INFO] [launch]: All log files can be found below /home/jkjkzhang/lidar_project/.usv_logs/ros/2026-09-01-18-25-41-868650-jkjkzhang-TX-Gaming-FX608JPR-FX608JPR-198162
[INFO] [launch]: Default logging verbosity is set to INFO
[INFO] [controller_server-1]: process started with pid [198207]
[INFO] [planner_server-2]: process started with pid [198208]
[INFO] [smoother_server-3]: process started with pid [198209]
[INFO] [behavior_server-4]: process started with pid [198210]
[INFO] [bt_navigator-5]: process started with pid [198211]
[INFO] [waypoint_follower-6]: process started with pid [198212]
[INFO] [velocity_smoother-7]: process started with pid [198213]
[INFO] [costmap_3d_markers-8]: process started with pid [198214]
[INFO] [click_to_goal-9]: process started with pid [198215]
[INFO] [lifecycle_manager-10]: process started with pid [198216]
[bt_navigator-5] [INFO] [1788258342.235580159] [bt_navigator]: 
[bt_navigator-5] 	bt_navigator lifecycle node launched. 
[bt_navigator-5] 	Waiting on external lifecycle transitions to activate
[bt_navigator-5] 	See https://design.ros2.org/articles/node_lifecycle.html for more information.
[bt_navigator-5] [INFO] [1788258342.238875615] [bt_navigator]: Creating
[smoother_server-3] [INFO] [1788258342.249882814] [smoother_server]: 
[smoother_server-3] 	smoother_server lifecycle node launched. 
[smoother_server-3] 	Waiting on external lifecycle transitions to activate
[smoother_server-3] 	See https://design.ros2.org/articles/node_lifecycle.html for more information.
[smoother_server-3] [INFO] [1788258342.252822632] [smoother_server]: Creating smoother server
[velocity_smoother-7] [INFO] [1788258342.253011391] [velocity_smoother]: 
[velocity_smoother-7] 	velocity_smoother lifecycle node launched. 
[velocity_smoother-7] 	Waiting on external lifecycle transitions to activate
[velocity_smoother-7] 	See https://design.ros2.org/articles/node_lifecycle.html for more information.
[planner_server-2] [INFO] [1788258342.253705968] [planner_server]: 
[planner_server-2] 	planner_server lifecycle node launched. 
[planner_server-2] 	Waiting on external lifecycle transitions to activate
[planner_server-2] 	See https://design.ros2.org/articles/node_lifecycle.html for more information.
[behavior_server-4] [INFO] [1788258342.254960414] [behavior_server]: 
[behavior_server-4] 	behavior_server lifecycle node launched. 
[behavior_server-4] 	Waiting on external lifecycle transitions to activate
[behavior_server-4] 	See https://design.ros2.org/articles/node_lifecycle.html for more information.
[waypoint_follower-6] [INFO] [1788258342.256300291] [waypoint_follower]: 
[waypoint_follower-6] 	waypoint_follower lifecycle node launched. 
[waypoint_follower-6] 	Waiting on external lifecycle transitions to activate
[waypoint_follower-6] 	See https://design.ros2.org/articles/node_lifecycle.html for more information.
[planner_server-2] [INFO] [1788258342.256906718] [planner_server]: Creating
[waypoint_follower-6] [INFO] [1788258342.257128783] [waypoint_follower]: Creating
[controller_server-1] [INFO] [1788258342.259652937] [controller_server]: 
[controller_server-1] 	controller_server lifecycle node launched. 
[controller_server-1] 	Waiting on external lifecycle transitions to activate
[controller_server-1] 	See https://design.ros2.org/articles/node_lifecycle.html for more information.
[lifecycle_manager-10] [INFO] [1788258342.261660353] [lifecycle_manager_navigation]: Creating
[controller_server-1] [INFO] [1788258342.264432025] [controller_server]: Creating controller server
[lifecycle_manager-10] [INFO] [1788258342.266728193] [lifecycle_manager_navigation]: [34m[1mCreating and initializing lifecycle service clients[0m[0m
[planner_server-2] [INFO] [1788258342.274649770] [global_costmap.global_costmap]: 
[planner_server-2] 	global_costmap lifecycle node launched. 
[planner_server-2] 	Waiting on external lifecycle transitions to activate
[planner_server-2] 	See https://design.ros2.org/articles/node_lifecycle.html for more information.
[planner_server-2] [INFO] [1788258342.275442641] [global_costmap.global_costmap]: Creating Costmap
[controller_server-1] [INFO] [1788258342.278767207] [local_costmap.local_costmap]: 
[controller_server-1] 	local_costmap lifecycle node launched. 
[controller_server-1] 	Waiting on external lifecycle transitions to activate
[controller_server-1] 	See https://design.ros2.org/articles/node_lifecycle.html for more information.
[controller_server-1] [INFO] [1788258342.279458857] [local_costmap.local_costmap]: Creating Costmap
[lifecycle_manager-10] [INFO] [1788258342.624502658] [lifecycle_manager_navigation]: [34m[1mStarting managed nodes bringup...[0m[0m
[lifecycle_manager-10] [INFO] [1788258342.624563348] [lifecycle_manager_navigation]: [34m[1mConfiguring controller_server[0m[0m
[controller_server-1] [INFO] [1788258342.624985067] [controller_server]: Configuring controller interface
[controller_server-1] [INFO] [1788258342.625020007] [controller_server]: getting progress checker plugins..
[controller_server-1] [INFO] [1788258342.625319099] [controller_server]: getting goal checker plugins..
[controller_server-1] [INFO] [1788258342.625431656] [controller_server]: Controller frequency set to 10.0000Hz
[controller_server-1] [INFO] [1788258342.625471745] [local_costmap.local_costmap]: Configuring
[controller_server-1] [INFO] [1788258342.635093757] [local_costmap.local_costmap]: Using plugin "obstacle_layer"
[controller_server-1] [INFO] [1788258342.639154328] [local_costmap.local_costmap]: Subscribed to Topics: lidar_cloud dynamic_cloud
[controller_server-1] [INFO] [1788258342.646929432] [local_costmap.local_costmap]: Initialized plugin "obstacle_layer"
[controller_server-1] [INFO] [1788258342.646961420] [local_costmap.local_costmap]: Using plugin "inflation_layer"
[controller_server-1] [INFO] [1788258342.647520611] [local_costmap.local_costmap]: Initialized plugin "inflation_layer"
[controller_server-1] [INFO] [1788258342.670248628] [controller_server]: Created progress_checker : progress_checker of type nav2_controller::SimpleProgressChecker
[controller_server-1] [INFO] [1788258342.672152654] [controller_server]: Controller Server has progress_checker  progress checkers available.
[controller_server-1] [INFO] [1788258342.673038071] [controller_server]: Created goal checker : general_goal_checker of type nav2_controller::SimpleGoalChecker
[controller_server-1] [INFO] [1788258342.673463668] [controller_server]: Controller Server has general_goal_checker  goal checkers available.
[controller_server-1] [INFO] [1788258342.674780959] [controller_server]: Created controller : FollowPath of type nav2_regulated_pure_pursuit_controller::RegulatedPurePursuitController
[controller_server-1] [INFO] [1788258342.682870569] [controller_server]: Controller Server has FollowPath  controllers available.
[lifecycle_manager-10] [INFO] [1788258342.698525805] [lifecycle_manager_navigation]: [34m[1mConfiguring planner_server[0m[0m
[planner_server-2] [INFO] [1788258342.698811227] [planner_server]: Configuring
[planner_server-2] [INFO] [1788258342.698852180] [global_costmap.global_costmap]: Configuring
[planner_server-2] [INFO] [1788258342.715079726] [global_costmap.global_costmap]: Using plugin "obstacle_layer"
[planner_server-2] [INFO] [1788258342.719188489] [global_costmap.global_costmap]: Subscribed to Topics: lidar_cloud dynamic_cloud
[planner_server-2] [INFO] [1788258342.727737166] [global_costmap.global_costmap]: Initialized plugin "obstacle_layer"
[planner_server-2] [INFO] [1788258342.727766189] [global_costmap.global_costmap]: Using plugin "inflation_layer"
[planner_server-2] [INFO] [1788258342.728402420] [global_costmap.global_costmap]: Initialized plugin "inflation_layer"
[planner_server-2] [INFO] [1788258342.762391356] [planner_server]: Created global planner plugin GridBased of type nav2_smac_planner::SmacPlannerHybrid
[planner_server-2] [INFO] [1788258342.762447690] [planner_server]: Configuring GridBased of type SmacPlannerHybrid
[planner_server-2] [INFO] [1788258342.765791346] [planner_server]: Even sized heuristic lookup table size set 40.000000, increasing size by 1 to make odd
[planner_server-2] [ERROR] [1788258342.765861161] [planner_server]: Inflation layer either not found or inflation is not set sufficiently for optimized non-circular collision checking capabilities. It is HIGHLY recommended to set the inflation radius to be at MINIMUM half of the robot's largest cross-section. See github.com/ros-planning/navigation2/tree/main/nav2_smac_planner#potential-fields for full instructions. This will substantially impact run-time performance.
[planner_server-2] [INFO] [1788258342.787024160] [planner_server]: Configured plugin GridBased of type SmacPlannerHybrid with maximum iterations 300000, max on approach iterations 1000, and allowing unknown traversal. Tolerance 2.00.Using motion model: Dubin.
[planner_server-2] [INFO] [1788258342.787084602] [planner_server]: Planner Server has GridBased  planners available.
[lifecycle_manager-10] [INFO] [1788258342.801999786] [lifecycle_manager_navigation]: [34m[1mConfiguring behavior_server[0m[0m
[behavior_server-4] [INFO] [1788258342.802468708] [behavior_server]: Configuring
[behavior_server-4] [INFO] [1788258342.809006789] [behavior_server]: Creating behavior plugin spin of type nav2_behaviors::Spin
[behavior_server-4] [INFO] [1788258342.810469864] [behavior_server]: Creating behavior plugin drive_on_heading of type nav2_behaviors::DriveOnHeading
[behavior_server-4] [INFO] [1788258342.811634513] [behavior_server]: Creating behavior plugin wait of type nav2_behaviors::Wait
[behavior_server-4] [INFO] [1788258342.826409132] [behavior_server]: Configuring spin
[behavior_server-4] [INFO] [1788258342.840145826] [behavior_server]: Configuring drive_on_heading
[behavior_server-4] [INFO] [1788258342.847933926] [behavior_server]: Configuring wait
[lifecycle_manager-10] [INFO] [1788258342.853427474] [lifecycle_manager_navigation]: [34m[1mConfiguring bt_navigator[0m[0m
[bt_navigator-5] [INFO] [1788258342.853753788] [bt_navigator]: Configuring
[bt_navigator-5] [INFO] [1788258342.865891126] [bt_navigator]: Creating navigator id navigate_to_pose of type nav2_bt_navigator::NavigateToPoseNavigator
[bt_navigator-5] [WARN] [1788258342.873083175] [bt_navigator]: Error_code parameters were not set. Using default values of: follow_path_error_code compute_path_error_code
[bt_navigator-5] Make sure these match your BT and there are not other sources of error codes youreported to your application
[costmap_3d_markers-8] [INFO] [1788258342.879495938] [costmap_3d_markers]: costmap_3d_markers up (visualization only)
[bt_navigator-5] [INFO] [1788258342.969143050] [bt_navigator]: Creating navigator id navigate_through_poses of type nav2_bt_navigator::NavigateThroughPosesNavigator
[lifecycle_manager-10] [INFO] [1788258342.996186711] [lifecycle_manager_navigation]: [34m[1mConfiguring waypoint_follower[0m[0m
[waypoint_follower-6] [INFO] [1788258342.996396331] [waypoint_follower]: Configuring
[waypoint_follower-6] [INFO] [1788258343.030820110] [waypoint_follower]: Created waypoint_task_executor : wait_at_waypoint of type nav2_waypoint_follower::WaitAtWaypoint
[waypoint_follower-6] [INFO] [1788258343.031506049] [waypoint_follower]: Waypoint pause duration is set to zero, disabling task executor plugin.
[lifecycle_manager-10] [INFO] [1788258343.032100894] [lifecycle_manager_navigation]: [34m[1mConfiguring velocity_smoother[0m[0m
[velocity_smoother-7] [INFO] [1788258343.032421489] [velocity_smoother]: Configuring velocity smoother
[lifecycle_manager-10] [INFO] [1788258343.037829504] [lifecycle_manager_navigation]: [34m[1mConfiguring smoother_server[0m[0m
[smoother_server-3] [INFO] [1788258343.038151859] [smoother_server]: Configuring smoother server
[smoother_server-3] [INFO] [1788258343.054386751] [smoother_server]: Created smoother : simple_smoother of type nav2_smoother::SimpleSmoother
[smoother_server-3] [INFO] [1788258343.054780903] [smoother_server]: Smoother Server has simple_smoother  smoothers available.
[lifecycle_manager-10] [INFO] [1788258343.061704283] [lifecycle_manager_navigation]: [34m[1mActivating controller_server[0m[0m
[controller_server-1] [INFO] [1788258343.061931984] [controller_server]: Activating
[controller_server-1] [INFO] [1788258343.062009730] [local_costmap.local_costmap]: Activating
[controller_server-1] [INFO] [1788258343.062028346] [local_costmap.local_costmap]: Checking transform
[controller_server-1] [INFO] [1788258343.062245181] [local_costmap.local_costmap]: start
[click_to_goal-9] [INFO] [1788258343.072296367] [click_to_goal]: click_to_goal up: validated goals -> NavigateToPose, frame=camera_init, radius=2.8m, reject_unknown=True
[controller_server-1] [INFO] [1788258343.265108401] [controller_server]: Activating controller: FollowPath of type regulated_pure_pursuit_controller::RegulatedPurePursuitController
[controller_server-1] [INFO] [1788258343.265231905] [controller_server]: Creating bond (controller_server) to lifecycle manager.
[lifecycle_manager-10] [INFO] [1788258343.372927438] [lifecycle_manager_navigation]: Server controller_server connected with bond.
[lifecycle_manager-10] [INFO] [1788258343.372974975] [lifecycle_manager_navigation]: [34m[1mActivating planner_server[0m[0m
[planner_server-2] [INFO] [1788258343.373356503] [planner_server]: Activating
[planner_server-2] [INFO] [1788258343.373398163] [global_costmap.global_costmap]: Activating
[planner_server-2] [INFO] [1788258343.373407251] [global_costmap.global_costmap]: Checking transform
[planner_server-2] [INFO] [1788258343.373541434] [global_costmap.global_costmap]: start
[planner_server-2] [INFO] [1788258344.375811776] [planner_server]: Activating plugin GridBased of type SmacPlannerHybrid
[planner_server-2] [INFO] [1788258344.380329026] [planner_server]: Creating bond (planner_server) to lifecycle manager.
[lifecycle_manager-10] [INFO] [1788258344.486361603] [lifecycle_manager_navigation]: Server planner_server connected with bond.
[lifecycle_manager-10] [INFO] [1788258344.486402445] [lifecycle_manager_navigation]: [34m[1mActivating behavior_server[0m[0m
[behavior_server-4] [INFO] [1788258344.486735005] [behavior_server]: Activating
[behavior_server-4] [INFO] [1788258344.486766812] [behavior_server]: Activating spin
[behavior_server-4] [INFO] [1788258344.486782623] [behavior_server]: Activating drive_on_heading
[behavior_server-4] [INFO] [1788258344.486795869] [behavior_server]: Activating wait
[behavior_server-4] [INFO] [1788258344.486812929] [behavior_server]: Creating bond (behavior_server) to lifecycle manager.
[lifecycle_manager-10] [INFO] [1788258344.591282951] [lifecycle_manager_navigation]: Server behavior_server connected with bond.
[lifecycle_manager-10] [INFO] [1788258344.591345966] [lifecycle_manager_navigation]: [34m[1mActivating bt_navigator[0m[0m
[bt_navigator-5] [INFO] [1788258344.591652398] [bt_navigator]: Activating
[bt_navigator-5] [INFO] [1788258344.667176215] [bt_navigator]: Creating bond (bt_navigator) to lifecycle manager.
[lifecycle_manager-10] [INFO] [1788258344.781622063] [lifecycle_manager_navigation]: Server bt_navigator connected with bond.
[lifecycle_manager-10] [INFO] [1788258344.781726198] [lifecycle_manager_navigation]: [34m[1mActivating waypoint_follower[0m[0m
[waypoint_follower-6] [INFO] [1788258344.782186546] [waypoint_follower]: Activating
[waypoint_follower-6] [INFO] [1788258344.782241250] [waypoint_follower]: Creating bond (waypoint_follower) to lifecycle manager.
[lifecycle_manager-10] [INFO] [1788258344.890078614] [lifecycle_manager_navigation]: Server waypoint_follower connected with bond.
[lifecycle_manager-10] [INFO] [1788258344.890120154] [lifecycle_manager_navigation]: [34m[1mActivating velocity_smoother[0m[0m
[velocity_smoother-7] [INFO] [1788258344.890467404] [velocity_smoother]: Activating
[velocity_smoother-7] [INFO] [1788258344.890546309] [velocity_smoother]: Creating bond (velocity_smoother) to lifecycle manager.
[lifecycle_manager-10] [INFO] [1788258344.997038292] [lifecycle_manager_navigation]: Server velocity_smoother connected with bond.
[lifecycle_manager-10] [INFO] [1788258344.997087677] [lifecycle_manager_navigation]: [34m[1mActivating smoother_server[0m[0m
[smoother_server-3] [INFO] [1788258344.997371380] [smoother_server]: Activating
[smoother_server-3] [INFO] [1788258344.997401776] [smoother_server]: Creating bond (smoother_server) to lifecycle manager.
[lifecycle_manager-10] [INFO] [1788258345.103980631] [lifecycle_manager_navigation]: Server smoother_server connected with bond.
[lifecycle_manager-10] [INFO] [1788258345.104067059] [lifecycle_manager_navigation]: [34m[1mManaged nodes are active[0m[0m
[lifecycle_manager-10] [INFO] [1788258345.104075694] [lifecycle_manager_navigation]: [34m[1mCreating bond timer...[0m[0m
[bt_navigator-5] [INFO] [1788258614.836164950] [bt_navigator]: Begin navigating from current location (-0.34, 0.39) to (18.00, 0.00)
[planner_server-2] [ERROR] [1788258614.837092130] [planner_server]: Inflation layer either not found or inflation is not set sufficiently for optimized non-circular collision checking capabilities. It is HIGHLY recommended to set the inflation radius to be at MINIMUM half of the robot's largest cross-section. See github.com/ros-planning/navigation2/tree/main/nav2_smac_planner#potential-fields for full instructions. This will substantially impact run-time performance.
[click_to_goal-9] [INFO] [1788258614.838660407] [click_to_goal]: validated goal sent to NavigateToPose
[click_to_goal-9] [INFO] [1788258614.839191744] [click_to_goal]: external goal accepted (18.00, 0.00)
[bt_navigator-5] [INFO] [1788258614.846686723] [bt_navigator]: Received goal preemption request
[bt_navigator-5] [INFO] [1788258614.846953802] [bt_navigator]: Begin navigating from current location (-0.34, 0.39) to (18.00, 0.00)
[controller_server-1] [INFO] [1788258614.857788572] [controller_server]: Received a goal, begin computing control effort.
[controller_server-1] [WARN] [1788258614.857864312] [controller_server]: No goal checker was specified in parameter 'current_goal_checker'. Server will use only plugin loaded general_goal_checker . This warning will appear once.
[controller_server-1] [WARN] [1788258614.857893505] [controller_server]: No progress checker was specified in parameter 'current_progress_checker'. Server will use only plugin loaded progress_checker . This warning will appear once.
[planner_server-2] [ERROR] [1788258618.866829506] [planner_server]: Inflation layer either not found or inflation is not set sufficiently for optimized non-circular collision checking capabilities. It is HIGHLY recommended to set the inflation radius to be at MINIMUM half of the robot's largest cross-section. See github.com/ros-planning/navigation2/tree/main/nav2_smac_planner#potential-fields for full instructions. This will substantially impact run-time performance.
[controller_server-1] [INFO] [1788258618.958046037] [controller_server]: Passing new path to controller.
[planner_server-2] [ERROR] [1788258622.896924802] [planner_server]: Inflation layer either not found or inflation is not set sufficiently for optimized non-circular collision checking capabilities. It is HIGHLY recommended to set the inflation radius to be at MINIMUM half of the robot's largest cross-section. See github.com/ros-planning/navigation2/tree/main/nav2_smac_planner#potential-fields for full instructions. This will substantially impact run-time performance.
[controller_server-1] [INFO] [1788258622.958141484] [controller_server]: Passing new path to controller.
[controller_server-1] [WARN] [1788258625.227655001] [controller_server]: Control loop missed its desired rate of 10.0000 Hz. Current loop rate is inf Hz.
[planner_server-2] [ERROR] [1788258626.924965044] [planner_server]: Inflation layer either not found or inflation is not set sufficiently for optimized non-circular collision checking capabilities. It is HIGHLY recommended to set the inflation radius to be at MINIMUM half of the robot's largest cross-section. See github.com/ros-planning/navigation2/tree/main/nav2_smac_planner#potential-fields for full instructions. This will substantially impact run-time performance.
[controller_server-1] [INFO] [1788258627.027782091] [controller_server]: Passing new path to controller.
[planner_server-2] [ERROR] [1788258630.944745498] [planner_server]: Inflation layer either not found or inflation is not set sufficiently for optimized non-circular collision checking capabilities. It is HIGHLY recommended to set the inflation radius to be at MINIMUM half of the robot's largest cross-section. See github.com/ros-planning/navigation2/tree/main/nav2_smac_planner#potential-fields for full instructions. This will substantially impact run-time performance.
[controller_server-1] [INFO] [1788258631.027821854] [controller_server]: Passing new path to controller.
[planner_server-2] [ERROR] [1788258634.974742162] [planner_server]: Inflation layer either not found or inflation is not set sufficiently for optimized non-circular collision checking capabilities. It is HIGHLY recommended to set the inflation radius to be at MINIMUM half of the robot's largest cross-section. See github.com/ros-planning/navigation2/tree/main/nav2_smac_planner#potential-fields for full instructions. This will substantially impact run-time performance.
[controller_server-1] [INFO] [1788258635.027802820] [controller_server]: Passing new path to controller.
[planner_server-2] [ERROR] [1788258639.004622766] [planner_server]: Inflation layer either not found or inflation is not set sufficiently for optimized non-circular collision checking capabilities. It is HIGHLY recommended to set the inflation radius to be at MINIMUM half of the robot's largest cross-section. See github.com/ros-planning/navigation2/tree/main/nav2_smac_planner#potential-fields for full instructions. This will substantially impact run-time performance.
[controller_server-1] [INFO] [1788258639.027782481] [controller_server]: Passing new path to controller.
[planner_server-2] [ERROR] [1788258643.034795153] [planner_server]: Inflation layer either not found or inflation is not set sufficiently for optimized non-circular collision checking capabilities. It is HIGHLY recommended to set the inflation radius to be at MINIMUM half of the robot's largest cross-section. See github.com/ros-planning/navigation2/tree/main/nav2_smac_planner#potential-fields for full instructions. This will substantially impact run-time performance.
[controller_server-1] [INFO] [1788258643.127790036] [controller_server]: Passing new path to controller.
[planner_server-2] [ERROR] [1788258647.064698465] [planner_server]: Inflation layer either not found or inflation is not set sufficiently for optimized non-circular collision checking capabilities. It is HIGHLY recommended to set the inflation radius to be at MINIMUM half of the robot's largest cross-section. See github.com/ros-planning/navigation2/tree/main/nav2_smac_planner#potential-fields for full instructions. This will substantially impact run-time performance.
[controller_server-1] [INFO] [1788258647.127782662] [controller_server]: Passing new path to controller.
[planner_server-2] [ERROR] [1788258651.094714754] [planner_server]: Inflation layer either not found or inflation is not set sufficiently for optimized non-circular collision checking capabilities. It is HIGHLY recommended to set the inflation radius to be at MINIMUM half of the robot's largest cross-section. See github.com/ros-planning/navigation2/tree/main/nav2_smac_planner#potential-fields for full instructions. This will substantially impact run-time performance.
[controller_server-1] [INFO] [1788258651.127790319] [controller_server]: Passing new path to controller.
[planner_server-2] [ERROR] [1788258655.124906736] [planner_server]: Inflation layer either not found or inflation is not set sufficiently for optimized non-circular collision checking capabilities. It is HIGHLY recommended to set the inflation radius to be at MINIMUM half of the robot's largest cross-section. See github.com/ros-planning/navigation2/tree/main/nav2_smac_planner#potential-fields for full instructions. This will substantially impact run-time performance.
[controller_server-1] [INFO] [1788258655.227788427] [controller_server]: Passing new path to controller.
[planner_server-2] [ERROR] [1788258659.144703517] [planner_server]: Inflation layer either not found or inflation is not set sufficiently for optimized non-circular collision checking capabilities. It is HIGHLY recommended to set the inflation radius to be at MINIMUM half of the robot's largest cross-section. See github.com/ros-planning/navigation2/tree/main/nav2_smac_planner#potential-fields for full instructions. This will substantially impact run-time performance.
[controller_server-1] [INFO] [1788258659.227784849] [controller_server]: Passing new path to controller.
[planner_server-2] [ERROR] [1788258663.174771625] [planner_server]: Inflation layer either not found or inflation is not set sufficiently for optimized non-circular collision checking capabilities. It is HIGHLY recommended to set the inflation radius to be at MINIMUM half of the robot's largest cross-section. See github.com/ros-planning/navigation2/tree/main/nav2_smac_planner#potential-fields for full instructions. This will substantially impact run-time performance.
[controller_server-1] [INFO] [1788258663.227815653] [controller_server]: Passing new path to controller.
[controller_server-1] [ERROR] [1788258667.027913072] [controller_server]: Failed to make progress
[controller_server-1] [WARN] [1788258667.028121456] [controller_server]: [follow_path] [ActionServer] Aborting handle.
[controller_server-1] [INFO] [1788258667.046147932] [local_costmap.local_costmap]: Received request to clear entirely the local_costmap
[controller_server-1] [INFO] [1788258667.047005812] [controller_server]: Received a goal, begin computing control effort.
[planner_server-2] [ERROR] [1788258667.204907675] [planner_server]: Inflation layer either not found or inflation is not set sufficiently for optimized non-circular collision checking capabilities. It is HIGHLY recommended to set the inflation radius to be at MINIMUM half of the robot's largest cross-section. See github.com/ros-planning/navigation2/tree/main/nav2_smac_planner#potential-fields for full instructions. This will substantially impact run-time performance.
[controller_server-1] [INFO] [1788258667.248018480] [controller_server]: Passing new path to controller.
[controller_server-1] [WARN] [1788258670.142032078] [controller_server]: Control loop missed its desired rate of 10.0000 Hz. Current loop rate is inf Hz.
[planner_server-2] [ERROR] [1788258671.234809976] [planner_server]: Inflation layer either not found or inflation is not set sufficiently for optimized non-circular collision checking capabilities. It is HIGHLY recommended to set the inflation radius to be at MINIMUM half of the robot's largest cross-section. See github.com/ros-planning/navigation2/tree/main/nav2_smac_planner#potential-fields for full instructions. This will substantially impact run-time performance.
[controller_server-1] [INFO] [1788258671.342198809] [controller_server]: Passing new path to controller.
[planner_server-2] [ERROR] [1788258675.254845406] [planner_server]: Inflation layer either not found or inflation is not set sufficiently for optimized non-circular collision checking capabilities. It is HIGHLY recommended to set the inflation radius to be at MINIMUM half of the robot's largest cross-section. See github.com/ros-planning/navigation2/tree/main/nav2_smac_planner#potential-fields for full instructions. This will substantially impact run-time performance.
[controller_server-1] [INFO] [1788258675.342186842] [controller_server]: Passing new path to controller.
[controller_server-1] [ERROR] [1788258675.742287693] [controller_server]: Failed to make progress
[controller_server-1] [WARN] [1788258675.742387387] [controller_server]: [follow_path] [ActionServer] Aborting handle.
[controller_server-1] [INFO] [1788258675.754619557] [local_costmap.local_costmap]: Received request to clear entirely the local_costmap
[planner_server-2] [INFO] [1788258675.755013510] [global_costmap.global_costmap]: Received request to clear entirely the global_costmap
[behavior_server-4] [INFO] [1788258675.755812639] [behavior_server]: Running wait
[behavior_server-4] [INFO] [1788258678.045887356] [behavior_server]: wait completed successfully
[planner_server-2] [ERROR] [1788258678.062598716] [planner_server]: Inflation layer either not found or inflation is not set sufficiently for optimized non-circular collision checking capabilities. It is HIGHLY recommended to set the inflation radius to be at MINIMUM half of the robot's largest cross-section. See github.com/ros-planning/navigation2/tree/main/nav2_smac_planner#potential-fields for full instructions. This will substantially impact run-time performance.
[controller_server-1] [INFO] [1788258678.082372048] [controller_server]: Received a goal, begin computing control effort.
[planner_server-2] [ERROR] [1788258682.082616961] [planner_server]: Inflation layer either not found or inflation is not set sufficiently for optimized non-circular collision checking capabilities. It is HIGHLY recommended to set the inflation radius to be at MINIMUM half of the robot's largest cross-section. See github.com/ros-planning/navigation2/tree/main/nav2_smac_planner#potential-fields for full instructions. This will substantially impact run-time performance.
[controller_server-1] [INFO] [1788258682.182509298] [controller_server]: Passing new path to controller.
[planner_server-2] [ERROR] [1788258686.102343784] [planner_server]: Inflation layer either not found or inflation is not set sufficiently for optimized non-circular collision checking capabilities. It is HIGHLY recommended to set the inflation radius to be at MINIMUM half of the robot's largest cross-section. See github.com/ros-planning/navigation2/tree/main/nav2_smac_planner#potential-fields for full instructions. This will substantially impact run-time performance.
[controller_server-1] [INFO] [1788258686.182597334] [controller_server]: Passing new path to controller.
[planner_server-2] [ERROR] [1788258690.132424074] [planner_server]: Inflation layer either not found or inflation is not set sufficiently for optimized non-circular collision checking capabilities. It is HIGHLY recommended to set the inflation radius to be at MINIMUM half of the robot's largest cross-section. See github.com/ros-planning/navigation2/tree/main/nav2_smac_planner#potential-fields for full instructions. This will substantially impact run-time performance.
[controller_server-1] [INFO] [1788258690.182508810] [controller_server]: Passing new path to controller.
[planner_server-2] [ERROR] [1788258694.162565894] [planner_server]: Inflation layer either not found or inflation is not set sufficiently for optimized non-circular collision checking capabilities. It is HIGHLY recommended to set the inflation radius to be at MINIMUM half of the robot's largest cross-section. See github.com/ros-planning/navigation2/tree/main/nav2_smac_planner#potential-fields for full instructions. This will substantially impact run-time performance.
[controller_server-1] [INFO] [1788258694.182509279] [controller_server]: Passing new path to controller.
[controller_server-1] [ERROR] [1788258695.782562795] [controller_server]: Failed to make progress
[controller_server-1] [WARN] [1788258695.782673965] [controller_server]: [follow_path] [ActionServer] Aborting handle.
[controller_server-1] [INFO] [1788258695.802235835] [local_costmap.local_costmap]: Received request to clear entirely the local_costmap
[controller_server-1] [INFO] [1788258695.803249509] [controller_server]: Received a goal, begin computing control effort.
[planner_server-2] [ERROR] [1788258698.192575576] [planner_server]: Inflation layer either not found or inflation is not set sufficiently for optimized non-circular collision checking capabilities. It is HIGHLY recommended to set the inflation radius to be at MINIMUM half of the robot's largest cross-section. See github.com/ros-planning/navigation2/tree/main/nav2_smac_planner#potential-fields for full instructions. This will substantially impact run-time performance.
[controller_server-1] [INFO] [1788258698.303414324] [controller_server]: Passing new path to controller.
[controller_server-1] [WARN] [1788258700.143573564] [controller_server]: Control loop missed its desired rate of 10.0000 Hz. Current loop rate is inf Hz.
[planner_server-2] [ERROR] [1788258702.216337908] [planner_server]: Inflation layer either not found or inflation is not set sufficiently for optimized non-circular collision checking capabilities. It is HIGHLY recommended to set the inflation radius to be at MINIMUM half of the robot's largest cross-section. See github.com/ros-planning/navigation2/tree/main/nav2_smac_planner#potential-fields for full instructions. This will substantially impact run-time performance.
[controller_server-1] [INFO] [1788258702.243711630] [controller_server]: Passing new path to controller.
[controller_server-1] [ERROR] [1788258704.643769167] [controller_server]: Failed to make progress
[controller_server-1] [WARN] [1788258704.643890546] [controller_server]: [follow_path] [ActionServer] Aborting handle.
[controller_server-1] [INFO] [1788258704.656314512] [local_costmap.local_costmap]: Received request to clear entirely the local_costmap
[planner_server-2] [INFO] [1788258704.656685195] [global_costmap.global_costmap]: Received request to clear entirely the global_costmap
[behavior_server-4] [INFO] [1788258704.657180459] [behavior_server]: Running wait
[behavior_server-4] [INFO] [1788258706.958175204] [behavior_server]: wait completed successfully
[planner_server-2] [ERROR] [1788258706.976533542] [planner_server]: Inflation layer either not found or inflation is not set sufficiently for optimized non-circular collision checking capabilities. It is HIGHLY recommended to set the inflation radius to be at MINIMUM half of the robot's largest cross-section. See github.com/ros-planning/navigation2/tree/main/nav2_smac_planner#potential-fields for full instructions. This will substantially impact run-time performance.
[controller_server-1] [INFO] [1788258706.996262433] [controller_server]: Received a goal, begin computing control effort.
[planner_server-2] [ERROR] [1788258711.006135998] [planner_server]: Inflation layer either not found or inflation is not set sufficiently for optimized non-circular collision checking capabilities. It is HIGHLY recommended to set the inflation radius to be at MINIMUM half of the robot's largest cross-section. See github.com/ros-planning/navigation2/tree/main/nav2_smac_planner#potential-fields for full instructions. This will substantially impact run-time performance.
[controller_server-1] [INFO] [1788258711.096429868] [controller_server]: Passing new path to controller.
[planner_server-2] [ERROR] [1788258715.026190927] [planner_server]: Inflation layer either not found or inflation is not set sufficiently for optimized non-circular collision checking capabilities. It is HIGHLY recommended to set the inflation radius to be at MINIMUM half of the robot's largest cross-section. See github.com/ros-planning/navigation2/tree/main/nav2_smac_planner#potential-fields for full instructions. This will substantially impact run-time performance.
[controller_server-1] [INFO] [1788258715.096432821] [controller_server]: Passing new path to controller.
[controller_server-1] [ERROR] [1788258715.896524857] [controller_server]: Failed to make progress
[controller_server-1] [WARN] [1788258715.896690880] [controller_server]: [follow_path] [ActionServer] Aborting handle.
[controller_server-1] [INFO] [1788258715.915929175] [local_costmap.local_costmap]: Received request to clear entirely the local_costmap
[controller_server-1] [INFO] [1788258715.916504998] [controller_server]: Received a goal, begin computing control effort.
[controller_server-1] [WARN] [1788258716.066794758] [controller_server]: Control loop missed its desired rate of 10.0000 Hz. Current loop rate is 7.8125 Hz.
[planner_server-2] [ERROR] [1788258719.046953232] [planner_server]: Inflation layer either not found or inflation is not set sufficiently for optimized non-circular collision checking capabilities. It is HIGHLY recommended to set the inflation radius to be at MINIMUM half of the robot's largest cross-section. See github.com/ros-planning/navigation2/tree/main/nav2_smac_planner#potential-fields for full instructions. This will substantially impact run-time performance.
[controller_server-1] [INFO] [1788258719.066910931] [controller_server]: Passing new path to controller.
[planner_server-2] [ERROR] [1788258723.066514890] [planner_server]: Inflation layer either not found or inflation is not set sufficiently for optimized non-circular collision checking capabilities. It is HIGHLY recommended to set the inflation radius to be at MINIMUM half of the robot's largest cross-section. See github.com/ros-planning/navigation2/tree/main/nav2_smac_planner#potential-fields for full instructions. This will substantially impact run-time performance.
[controller_server-1] [INFO] [1788258723.166921598] [controller_server]: Passing new path to controller.
[controller_server-1] [ERROR] [1788258724.966983837] [controller_server]: Failed to make progress
[controller_server-1] [WARN] [1788258724.967087444] [controller_server]: [follow_path] [ActionServer] Aborting handle.
[bt_navigator-5] [WARN] [1788258724.995629040] [bt_navigator]: [navigate_to_pose] [ActionServer] Aborting handle.
[bt_navigator-5] [ERROR] [1788258724.995905584] [bt_navigator]: Goal failed
[click_to_goal-9] [INFO] [1788258724.997187350] [click_to_goal]: NavigateToPose finished: ABORTED (status=6)
