[INFO] [launch]: All log files can be found below /home/jkjkzhang/lidar_project/.usv_logs/ros/2026-09-01-10-28-57-187565-jkjkzhang-TX-Gaming-FX608JPR-FX608JPR-17612
[INFO] [launch]: Default logging verbosity is set to INFO
[INFO] [controller_server-1]: process started with pid [17658]
[INFO] [planner_server-2]: process started with pid [17659]
[INFO] [smoother_server-3]: process started with pid [17660]
[INFO] [behavior_server-4]: process started with pid [17661]
[INFO] [bt_navigator-5]: process started with pid [17662]
[INFO] [waypoint_follower-6]: process started with pid [17663]
[INFO] [velocity_smoother-7]: process started with pid [17664]
[INFO] [costmap_3d_markers-8]: process started with pid [17665]
[INFO] [click_to_goal-9]: process started with pid [17666]
[INFO] [lifecycle_manager-10]: process started with pid [17667]
[lifecycle_manager-10] [INFO] [1788229737.555524359] [lifecycle_manager_navigation]: Creating
[waypoint_follower-6] [INFO] [1788229737.556000386] [waypoint_follower]: 
[waypoint_follower-6] 	waypoint_follower lifecycle node launched. 
[waypoint_follower-6] 	Waiting on external lifecycle transitions to activate
[waypoint_follower-6] 	See https://design.ros2.org/articles/node_lifecycle.html for more information.
[waypoint_follower-6] [INFO] [1788229737.557899517] [waypoint_follower]: Creating
[smoother_server-3] [INFO] [1788229737.559542492] [smoother_server]: 
[smoother_server-3] 	smoother_server lifecycle node launched. 
[smoother_server-3] 	Waiting on external lifecycle transitions to activate
[smoother_server-3] 	See https://design.ros2.org/articles/node_lifecycle.html for more information.
[planner_server-2] [INFO] [1788229737.563392470] [planner_server]: 
[planner_server-2] 	planner_server lifecycle node launched. 
[planner_server-2] 	Waiting on external lifecycle transitions to activate
[planner_server-2] 	See https://design.ros2.org/articles/node_lifecycle.html for more information.
[velocity_smoother-7] [INFO] [1788229737.565654034] [velocity_smoother]: 
[velocity_smoother-7] 	velocity_smoother lifecycle node launched. 
[velocity_smoother-7] 	Waiting on external lifecycle transitions to activate
[velocity_smoother-7] 	See https://design.ros2.org/articles/node_lifecycle.html for more information.
[planner_server-2] [INFO] [1788229737.566006971] [planner_server]: Creating
[smoother_server-3] [INFO] [1788229737.566008830] [smoother_server]: Creating smoother server
[controller_server-1] [INFO] [1788229737.567638557] [controller_server]: 
[controller_server-1] 	controller_server lifecycle node launched. 
[controller_server-1] 	Waiting on external lifecycle transitions to activate
[controller_server-1] 	See https://design.ros2.org/articles/node_lifecycle.html for more information.
[lifecycle_manager-10] [INFO] [1788229737.571546614] [lifecycle_manager_navigation]: [34m[1mCreating and initializing lifecycle service clients[0m[0m
[controller_server-1] [INFO] [1788229737.575236185] [controller_server]: Creating controller server
[bt_navigator-5] [INFO] [1788229737.578178810] [bt_navigator]: 
[bt_navigator-5] 	bt_navigator lifecycle node launched. 
[bt_navigator-5] 	Waiting on external lifecycle transitions to activate
[bt_navigator-5] 	See https://design.ros2.org/articles/node_lifecycle.html for more information.
[bt_navigator-5] [INFO] [1788229737.581858451] [bt_navigator]: Creating
[planner_server-2] [INFO] [1788229737.588906361] [global_costmap.global_costmap]: 
[planner_server-2] 	global_costmap lifecycle node launched. 
[planner_server-2] 	Waiting on external lifecycle transitions to activate
[planner_server-2] 	See https://design.ros2.org/articles/node_lifecycle.html for more information.
[controller_server-1] [INFO] [1788229737.589715532] [local_costmap.local_costmap]: 
[controller_server-1] 	local_costmap lifecycle node launched. 
[controller_server-1] 	Waiting on external lifecycle transitions to activate
[controller_server-1] 	See https://design.ros2.org/articles/node_lifecycle.html for more information.
[planner_server-2] [INFO] [1788229737.591741317] [global_costmap.global_costmap]: Creating Costmap
[controller_server-1] [INFO] [1788229737.591742429] [local_costmap.local_costmap]: Creating Costmap
[behavior_server-4] [INFO] [1788229737.592463364] [behavior_server]: 
[behavior_server-4] 	behavior_server lifecycle node launched. 
[behavior_server-4] 	Waiting on external lifecycle transitions to activate
[behavior_server-4] 	See https://design.ros2.org/articles/node_lifecycle.html for more information.
[costmap_3d_markers-8] [INFO] [1788229738.246282357] [costmap_3d_markers]: costmap_3d_markers up (visualization only)
[lifecycle_manager-10] [INFO] [1788229738.295470955] [lifecycle_manager_navigation]: [34m[1mStarting managed nodes bringup...[0m[0m
[lifecycle_manager-10] [INFO] [1788229738.295510976] [lifecycle_manager_navigation]: [34m[1mConfiguring controller_server[0m[0m
[controller_server-1] [INFO] [1788229738.295815537] [controller_server]: Configuring controller interface
[controller_server-1] [INFO] [1788229738.295839707] [controller_server]: getting progress checker plugins..
[controller_server-1] [INFO] [1788229738.296103315] [controller_server]: getting goal checker plugins..
[controller_server-1] [INFO] [1788229738.296213641] [controller_server]: Controller frequency set to 10.0000Hz
[controller_server-1] [INFO] [1788229738.296255773] [local_costmap.local_costmap]: Configuring
[controller_server-1] [INFO] [1788229738.305561909] [local_costmap.local_costmap]: Using plugin "obstacle_layer"
[controller_server-1] [INFO] [1788229738.313911054] [local_costmap.local_costmap]: Subscribed to Topics: lidar_cloud dynamic_cloud
[controller_server-1] [INFO] [1788229738.319993971] [local_costmap.local_costmap]: Initialized plugin "obstacle_layer"
[controller_server-1] [INFO] [1788229738.320026703] [local_costmap.local_costmap]: Using plugin "inflation_layer"
[controller_server-1] [INFO] [1788229738.320804657] [local_costmap.local_costmap]: Initialized plugin "inflation_layer"
[controller_server-1] [INFO] [1788229738.348821935] [controller_server]: Created progress_checker : progress_checker of type nav2_controller::SimpleProgressChecker
[controller_server-1] [INFO] [1788229738.349373938] [controller_server]: Controller Server has progress_checker  progress checkers available.
[controller_server-1] [INFO] [1788229738.350327556] [controller_server]: Created goal checker : general_goal_checker of type nav2_controller::SimpleGoalChecker
[controller_server-1] [INFO] [1788229738.350671812] [controller_server]: Controller Server has general_goal_checker  goal checkers available.
[controller_server-1] [INFO] [1788229738.353202385] [controller_server]: Created controller : FollowPath of type nav2_regulated_pure_pursuit_controller::RegulatedPurePursuitController
[controller_server-1] [INFO] [1788229738.361188849] [controller_server]: Controller Server has FollowPath  controllers available.
[lifecycle_manager-10] [INFO] [1788229738.373735707] [lifecycle_manager_navigation]: [34m[1mConfiguring planner_server[0m[0m
[planner_server-2] [INFO] [1788229738.374139006] [planner_server]: Configuring
[planner_server-2] [INFO] [1788229738.374201772] [global_costmap.global_costmap]: Configuring
[planner_server-2] [INFO] [1788229738.391939965] [global_costmap.global_costmap]: Using plugin "obstacle_layer"
[planner_server-2] [INFO] [1788229738.395868576] [global_costmap.global_costmap]: Subscribed to Topics: lidar_cloud dynamic_cloud
[planner_server-2] [INFO] [1788229738.403048268] [global_costmap.global_costmap]: Initialized plugin "obstacle_layer"
[planner_server-2] [INFO] [1788229738.403094371] [global_costmap.global_costmap]: Using plugin "inflation_layer"
[planner_server-2] [INFO] [1788229738.403676478] [global_costmap.global_costmap]: Initialized plugin "inflation_layer"
[click_to_goal-9] [INFO] [1788229738.407518261] [click_to_goal]: click_to_goal up: validated goals -> NavigateToPose, frame=camera_init, radius=2.8m, reject_unknown=True
[planner_server-2] [INFO] [1788229738.443041980] [planner_server]: Created global planner plugin GridBased of type nav2_smac_planner::SmacPlannerHybrid
[planner_server-2] [INFO] [1788229738.443089672] [planner_server]: Configuring GridBased of type SmacPlannerHybrid
[planner_server-2] [INFO] [1788229738.444883162] [planner_server]: Even sized heuristic lookup table size set 40.000000, increasing size by 1 to make odd
[planner_server-2] [ERROR] [1788229738.444928939] [planner_server]: Inflation layer either not found or inflation is not set sufficiently for optimized non-circular collision checking capabilities. It is HIGHLY recommended to set the inflation radius to be at MINIMUM half of the robot's largest cross-section. See github.com/ros-planning/navigation2/tree/main/nav2_smac_planner#potential-fields for full instructions. This will substantially impact run-time performance.
[planner_server-2] [INFO] [1788229738.463806825] [planner_server]: Configured plugin GridBased of type SmacPlannerHybrid with maximum iterations 300000, max on approach iterations 1000, and allowing unknown traversal. Tolerance 2.00.Using motion model: Dubin.
[planner_server-2] [INFO] [1788229738.463917316] [planner_server]: Planner Server has GridBased  planners available.
[lifecycle_manager-10] [INFO] [1788229738.480167692] [lifecycle_manager_navigation]: [34m[1mConfiguring behavior_server[0m[0m
[behavior_server-4] [INFO] [1788229738.480732968] [behavior_server]: Configuring
[behavior_server-4] [INFO] [1788229738.487506636] [behavior_server]: Creating behavior plugin spin of type nav2_behaviors::Spin
[behavior_server-4] [INFO] [1788229738.490636952] [behavior_server]: Creating behavior plugin drive_on_heading of type nav2_behaviors::DriveOnHeading
[behavior_server-4] [INFO] [1788229738.492478680] [behavior_server]: Creating behavior plugin wait of type nav2_behaviors::Wait
[behavior_server-4] [INFO] [1788229738.505278130] [behavior_server]: Configuring spin
[behavior_server-4] [INFO] [1788229738.511721114] [behavior_server]: Configuring drive_on_heading
[behavior_server-4] [INFO] [1788229738.516597372] [behavior_server]: Configuring wait
[lifecycle_manager-10] [INFO] [1788229738.522319888] [lifecycle_manager_navigation]: [34m[1mConfiguring bt_navigator[0m[0m
[bt_navigator-5] [INFO] [1788229738.522707741] [bt_navigator]: Configuring
[bt_navigator-5] [INFO] [1788229738.531416958] [bt_navigator]: Creating navigator id navigate_to_pose of type nav2_bt_navigator::NavigateToPoseNavigator
[bt_navigator-5] [WARN] [1788229738.538076210] [bt_navigator]: Error_code parameters were not set. Using default values of: follow_path_error_code compute_path_error_code
[bt_navigator-5] Make sure these match your BT and there are not other sources of error codes youreported to your application
[bt_navigator-5] [INFO] [1788229738.661078473] [bt_navigator]: Creating navigator id navigate_through_poses of type nav2_bt_navigator::NavigateThroughPosesNavigator
[lifecycle_manager-10] [INFO] [1788229738.691154909] [lifecycle_manager_navigation]: [34m[1mConfiguring waypoint_follower[0m[0m
[waypoint_follower-6] [INFO] [1788229738.691459629] [waypoint_follower]: Configuring
[waypoint_follower-6] [INFO] [1788229738.720824204] [waypoint_follower]: Created waypoint_task_executor : wait_at_waypoint of type nav2_waypoint_follower::WaitAtWaypoint
[waypoint_follower-6] [INFO] [1788229738.721485316] [waypoint_follower]: Waypoint pause duration is set to zero, disabling task executor plugin.
[lifecycle_manager-10] [INFO] [1788229738.721967693] [lifecycle_manager_navigation]: [34m[1mConfiguring velocity_smoother[0m[0m
[velocity_smoother-7] [INFO] [1788229738.722176022] [velocity_smoother]: Configuring velocity smoother
[lifecycle_manager-10] [INFO] [1788229738.728306773] [lifecycle_manager_navigation]: [34m[1mConfiguring smoother_server[0m[0m
[smoother_server-3] [INFO] [1788229738.728637250] [smoother_server]: Configuring smoother server
[smoother_server-3] [INFO] [1788229738.746447729] [smoother_server]: Created smoother : simple_smoother of type nav2_smoother::SimpleSmoother
[smoother_server-3] [INFO] [1788229738.747020072] [smoother_server]: Smoother Server has simple_smoother  smoothers available.
[lifecycle_manager-10] [INFO] [1788229738.755696368] [lifecycle_manager_navigation]: [34m[1mActivating controller_server[0m[0m
[controller_server-1] [INFO] [1788229738.755957153] [controller_server]: Activating
[controller_server-1] [INFO] [1788229738.756032403] [local_costmap.local_costmap]: Activating
[controller_server-1] [INFO] [1788229738.756045453] [local_costmap.local_costmap]: Checking transform
[controller_server-1] [INFO] [1788229738.756107489] [local_costmap.local_costmap]: Timed out waiting for transform from wamv/wamv/base_link to camera_init to become available, tf error: Invalid frame ID "camera_init" passed to canTransform argument target_frame - frame does not exist
[controller_server-1] [INFO] [1788229739.256180678] [local_costmap.local_costmap]: Timed out waiting for transform from wamv/wamv/base_link to camera_init to become available, tf error: Invalid frame ID "camera_init" passed to canTransform argument target_frame - frame does not exist
[controller_server-1] [INFO] [1788229739.756157955] [local_costmap.local_costmap]: Timed out waiting for transform from wamv/wamv/base_link to camera_init to become available, tf error: Invalid frame ID "camera_init" passed to canTransform argument target_frame - frame does not exist
[controller_server-1] [INFO] [1788229740.256132859] [local_costmap.local_costmap]: Timed out waiting for transform from wamv/wamv/base_link to camera_init to become available, tf error: Invalid frame ID "camera_init" passed to canTransform argument target_frame - frame does not exist
[controller_server-1] [INFO] [1788229740.756140214] [local_costmap.local_costmap]: Timed out waiting for transform from wamv/wamv/base_link to camera_init to become available, tf error: Invalid frame ID "camera_init" passed to canTransform argument target_frame - frame does not exist
[controller_server-1] [INFO] [1788229741.256150112] [local_costmap.local_costmap]: Timed out waiting for transform from wamv/wamv/base_link to camera_init to become available, tf error: Invalid frame ID "camera_init" passed to canTransform argument target_frame - frame does not exist
[controller_server-1] [INFO] [1788229741.756143901] [local_costmap.local_costmap]: Timed out waiting for transform from wamv/wamv/base_link to camera_init to become available, tf error: Invalid frame ID "camera_init" passed to canTransform argument target_frame - frame does not exist
[controller_server-1] [INFO] [1788229742.256147467] [local_costmap.local_costmap]: Timed out waiting for transform from wamv/wamv/base_link to camera_init to become available, tf error: Invalid frame ID "camera_init" passed to canTransform argument target_frame - frame does not exist
[controller_server-1] [INFO] [1788229742.756152822] [local_costmap.local_costmap]: Timed out waiting for transform from wamv/wamv/base_link to camera_init to become available, tf error: Invalid frame ID "camera_init" passed to canTransform argument target_frame - frame does not exist
[controller_server-1] [INFO] [1788229743.256251347] [local_costmap.local_costmap]: start
[controller_server-1] [INFO] [1788229743.509076506] [controller_server]: Activating controller: FollowPath of type regulated_pure_pursuit_controller::RegulatedPurePursuitController
[controller_server-1] [INFO] [1788229743.509139364] [controller_server]: Creating bond (controller_server) to lifecycle manager.
[lifecycle_manager-10] [INFO] [1788229743.616956759] [lifecycle_manager_navigation]: Server controller_server connected with bond.
[lifecycle_manager-10] [INFO] [1788229743.617007729] [lifecycle_manager_navigation]: [34m[1mActivating planner_server[0m[0m
[planner_server-2] [INFO] [1788229743.617347698] [planner_server]: Activating
[planner_server-2] [INFO] [1788229743.617389639] [global_costmap.global_costmap]: Activating
[planner_server-2] [INFO] [1788229743.617397447] [global_costmap.global_costmap]: Checking transform
[planner_server-2] [INFO] [1788229743.617590435] [global_costmap.global_costmap]: start
[planner_server-2] [INFO] [1788229744.620057358] [planner_server]: Activating plugin GridBased of type SmacPlannerHybrid
[planner_server-2] [INFO] [1788229744.624567527] [planner_server]: Creating bond (planner_server) to lifecycle manager.
[lifecycle_manager-10] [INFO] [1788229744.730173318] [lifecycle_manager_navigation]: Server planner_server connected with bond.
[lifecycle_manager-10] [INFO] [1788229744.730274219] [lifecycle_manager_navigation]: [34m[1mActivating behavior_server[0m[0m
[behavior_server-4] [INFO] [1788229744.730860314] [behavior_server]: Activating
[behavior_server-4] [INFO] [1788229744.730901204] [behavior_server]: Activating spin
[behavior_server-4] [INFO] [1788229744.730920140] [behavior_server]: Activating drive_on_heading
[behavior_server-4] [INFO] [1788229744.730936165] [behavior_server]: Activating wait
[behavior_server-4] [INFO] [1788229744.730958878] [behavior_server]: Creating bond (behavior_server) to lifecycle manager.
[lifecycle_manager-10] [INFO] [1788229744.837859283] [lifecycle_manager_navigation]: Server behavior_server connected with bond.
[lifecycle_manager-10] [INFO] [1788229744.837906804] [lifecycle_manager_navigation]: [34m[1mActivating bt_navigator[0m[0m
[bt_navigator-5] [INFO] [1788229744.838216550] [bt_navigator]: Activating
[bt_navigator-5] [INFO] [1788229744.914771606] [bt_navigator]: Creating bond (bt_navigator) to lifecycle manager.
[lifecycle_manager-10] [INFO] [1788229745.021011232] [lifecycle_manager_navigation]: Server bt_navigator connected with bond.
[lifecycle_manager-10] [INFO] [1788229745.021056986] [lifecycle_manager_navigation]: [34m[1mActivating waypoint_follower[0m[0m
[waypoint_follower-6] [INFO] [1788229745.021387207] [waypoint_follower]: Activating
[waypoint_follower-6] [INFO] [1788229745.021433498] [waypoint_follower]: Creating bond (waypoint_follower) to lifecycle manager.
[lifecycle_manager-10] [INFO] [1788229745.126908251] [lifecycle_manager_navigation]: Server waypoint_follower connected with bond.
[lifecycle_manager-10] [INFO] [1788229745.126964323] [lifecycle_manager_navigation]: [34m[1mActivating velocity_smoother[0m[0m
[velocity_smoother-7] [INFO] [1788229745.127372336] [velocity_smoother]: Activating
[velocity_smoother-7] [INFO] [1788229745.127428061] [velocity_smoother]: Creating bond (velocity_smoother) to lifecycle manager.
[lifecycle_manager-10] [INFO] [1788229745.236586203] [lifecycle_manager_navigation]: Server velocity_smoother connected with bond.
[lifecycle_manager-10] [INFO] [1788229745.236647802] [lifecycle_manager_navigation]: [34m[1mActivating smoother_server[0m[0m
[smoother_server-3] [INFO] [1788229745.237003721] [smoother_server]: Activating
[smoother_server-3] [INFO] [1788229745.237036958] [smoother_server]: Creating bond (smoother_server) to lifecycle manager.
[lifecycle_manager-10] [INFO] [1788229745.347436954] [lifecycle_manager_navigation]: Server smoother_server connected with bond.
[lifecycle_manager-10] [INFO] [1788229745.347506710] [lifecycle_manager_navigation]: [34m[1mManaged nodes are active[0m[0m
[lifecycle_manager-10] [INFO] [1788229745.347524876] [lifecycle_manager_navigation]: [34m[1mCreating bond timer...[0m[0m
[click_to_goal-9] [INFO] [1788231240.385406618] [click_to_goal]: validated goal sent to NavigateToPose
[click_to_goal-9] [INFO] [1788231240.385983762] [click_to_goal]: external goal accepted (11.00, 0.00)
[bt_navigator-5] [INFO] [1788231240.386789701] [bt_navigator]: Begin navigating from current location (-1.47, 1.74) to (11.00, 0.00)
[planner_server-2] [ERROR] [1788231240.389403218] [planner_server]: Inflation layer either not found or inflation is not set sufficiently for optimized non-circular collision checking capabilities. It is HIGHLY recommended to set the inflation radius to be at MINIMUM half of the robot's largest cross-section. See github.com/ros-planning/navigation2/tree/main/nav2_smac_planner#potential-fields for full instructions. This will substantially impact run-time performance.
[controller_server-1] [INFO] [1788231240.409773602] [controller_server]: Received a goal, begin computing control effort.
[controller_server-1] [WARN] [1788231240.409814073] [controller_server]: No goal checker was specified in parameter 'current_goal_checker'. Server will use only plugin loaded general_goal_checker . This warning will appear once.
[controller_server-1] [WARN] [1788231240.409824222] [controller_server]: No progress checker was specified in parameter 'current_progress_checker'. Server will use only plugin loaded progress_checker . This warning will appear once.
[controller_server-1] [WARN] [1788231241.761185881] [controller_server]: Control loop missed its desired rate of 10.0000 Hz. Current loop rate is inf Hz.
[planner_server-2] [ERROR] [1788231244.419093238] [planner_server]: Inflation layer either not found or inflation is not set sufficiently for optimized non-circular collision checking capabilities. It is HIGHLY recommended to set the inflation radius to be at MINIMUM half of the robot's largest cross-section. See github.com/ros-planning/navigation2/tree/main/nav2_smac_planner#potential-fields for full instructions. This will substantially impact run-time performance.
[controller_server-1] [INFO] [1788231244.461344772] [controller_server]: Passing new path to controller.
[planner_server-2] [ERROR] [1788231248.447844106] [planner_server]: Inflation layer either not found or inflation is not set sufficiently for optimized non-circular collision checking capabilities. It is HIGHLY recommended to set the inflation radius to be at MINIMUM half of the robot's largest cross-section. See github.com/ros-planning/navigation2/tree/main/nav2_smac_planner#potential-fields for full instructions. This will substantially impact run-time performance.
[controller_server-1] [INFO] [1788231248.561331372] [controller_server]: Passing new path to controller.
[planner_server-2] [ERROR] [1788231252.467712548] [planner_server]: Inflation layer either not found or inflation is not set sufficiently for optimized non-circular collision checking capabilities. It is HIGHLY recommended to set the inflation radius to be at MINIMUM half of the robot's largest cross-section. See github.com/ros-planning/navigation2/tree/main/nav2_smac_planner#potential-fields for full instructions. This will substantially impact run-time performance.
[planner_server-2] [WARN] [1788231252.487101785] [planner_server]: GridBased plugin failed to plan from (-0.49, 1.72) to (11.00, 0.00): "Start occupied"
[planner_server-2] [WARN] [1788231252.487187225] [planner_server]: [compute_path_to_pose] [ActionServer] Aborting handle.
[bt_navigator-5] [ERROR] [1788231252.527669765] [bt_navigator_navigate_to_pose_rclcpp_node]: Failed to get result for follow_path in node halt!
[bt_navigator-5] [WARN] [1788231252.527952270] [bt_navigator]: [navigate_to_pose] [ActionServer] Aborting handle.
[bt_navigator-5] [ERROR] [1788231252.528175489] [bt_navigator]: Goal failed
[click_to_goal-9] [INFO] [1788231252.529479234] [click_to_goal]: NavigateToPose finished: ABORTED (status=6)
[controller_server-1] [INFO] [1788231252.561324456] [controller_server]: Cancellation was successful. Stopping the robot.
[controller_server-1] [INFO] [1788231252.561377806] [controller_server]: [follow_path] [ActionServer] Client requested to cancel the goal. Cancelling.
