[INFO] [launch]: All log files can be found below /home/jkjkzhang/lidar_project/.usv_logs/ros/2026-09-01-20-43-51-696609-jkjkzhang-TX-Gaming-FX608JPR-FX608JPR-8661
[INFO] [launch]: Default logging verbosity is set to INFO
[INFO] [controller_server-1]: process started with pid [8706]
[INFO] [planner_server-2]: process started with pid [8707]
[INFO] [smoother_server-3]: process started with pid [8708]
[INFO] [behavior_server-4]: process started with pid [8709]
[INFO] [bt_navigator-5]: process started with pid [8710]
[INFO] [waypoint_follower-6]: process started with pid [8711]
[INFO] [velocity_smoother-7]: process started with pid [8712]
[INFO] [costmap_3d_markers-8]: process started with pid [8713]
[INFO] [click_to_goal-9]: process started with pid [8714]
[INFO] [lifecycle_manager-10]: process started with pid [8715]
[lifecycle_manager-10] [INFO] [1788266632.053180080] [lifecycle_manager_navigation]: Creating
[smoother_server-3] [INFO] [1788266632.058822180] [smoother_server]: 
[smoother_server-3] 	smoother_server lifecycle node launched. 
[smoother_server-3] 	Waiting on external lifecycle transitions to activate
[smoother_server-3] 	See https://design.ros2.org/articles/node_lifecycle.html for more information.
[planner_server-2] [INFO] [1788266632.060081451] [planner_server]: 
[planner_server-2] 	planner_server lifecycle node launched. 
[planner_server-2] 	Waiting on external lifecycle transitions to activate
[planner_server-2] 	See https://design.ros2.org/articles/node_lifecycle.html for more information.
[behavior_server-4] [INFO] [1788266632.065223185] [behavior_server]: 
[behavior_server-4] 	behavior_server lifecycle node launched. 
[behavior_server-4] 	Waiting on external lifecycle transitions to activate
[behavior_server-4] 	See https://design.ros2.org/articles/node_lifecycle.html for more information.
[controller_server-1] [INFO] [1788266632.064693780] [controller_server]: 
[controller_server-1] 	controller_server lifecycle node launched. 
[controller_server-1] 	Waiting on external lifecycle transitions to activate
[controller_server-1] 	See https://design.ros2.org/articles/node_lifecycle.html for more information.
[smoother_server-3] [INFO] [1788266632.065941674] [smoother_server]: Creating smoother server
[waypoint_follower-6] [INFO] [1788266632.066025026] [waypoint_follower]: 
[waypoint_follower-6] 	waypoint_follower lifecycle node launched. 
[waypoint_follower-6] 	Waiting on external lifecycle transitions to activate
[waypoint_follower-6] 	See https://design.ros2.org/articles/node_lifecycle.html for more information.
[velocity_smoother-7] [INFO] [1788266632.066836368] [velocity_smoother]: 
[velocity_smoother-7] 	velocity_smoother lifecycle node launched. 
[velocity_smoother-7] 	Waiting on external lifecycle transitions to activate
[velocity_smoother-7] 	See https://design.ros2.org/articles/node_lifecycle.html for more information.
[planner_server-2] [INFO] [1788266632.067018782] [planner_server]: Creating
[waypoint_follower-6] [INFO] [1788266632.068909789] [waypoint_follower]: Creating
[lifecycle_manager-10] [INFO] [1788266632.069435381] [lifecycle_manager_navigation]: [34m[1mCreating and initializing lifecycle service clients[0m[0m
[bt_navigator-5] [INFO] [1788266632.070203716] [bt_navigator]: 
[bt_navigator-5] 	bt_navigator lifecycle node launched. 
[bt_navigator-5] 	Waiting on external lifecycle transitions to activate
[bt_navigator-5] 	See https://design.ros2.org/articles/node_lifecycle.html for more information.
[bt_navigator-5] [INFO] [1788266632.072589233] [bt_navigator]: Creating
[controller_server-1] [INFO] [1788266632.072682598] [controller_server]: Creating controller server
[planner_server-2] [INFO] [1788266632.078610045] [global_costmap.global_costmap]: 
[planner_server-2] 	global_costmap lifecycle node launched. 
[planner_server-2] 	Waiting on external lifecycle transitions to activate
[planner_server-2] 	See https://design.ros2.org/articles/node_lifecycle.html for more information.
[planner_server-2] [INFO] [1788266632.080371320] [global_costmap.global_costmap]: Creating Costmap
[controller_server-1] [INFO] [1788266632.089306530] [local_costmap.local_costmap]: 
[controller_server-1] 	local_costmap lifecycle node launched. 
[controller_server-1] 	Waiting on external lifecycle transitions to activate
[controller_server-1] 	See https://design.ros2.org/articles/node_lifecycle.html for more information.
[controller_server-1] [INFO] [1788266632.089893513] [local_costmap.local_costmap]: Creating Costmap
[click_to_goal-9] [INFO] [1788266632.842081371] [click_to_goal]: click_to_goal up: validated goals -> NavigateToPose, frame=camera_init, radius=2.8m, reject_unknown=True
[lifecycle_manager-10] [INFO] [1788266632.948454165] [lifecycle_manager_navigation]: [34m[1mStarting managed nodes bringup...[0m[0m
[lifecycle_manager-10] [INFO] [1788266632.948499834] [lifecycle_manager_navigation]: [34m[1mConfiguring controller_server[0m[0m
[controller_server-1] [INFO] [1788266632.948915630] [controller_server]: Configuring controller interface
[controller_server-1] [INFO] [1788266632.948937143] [controller_server]: getting progress checker plugins..
[controller_server-1] [INFO] [1788266632.949052521] [controller_server]: getting goal checker plugins..
[controller_server-1] [INFO] [1788266632.949129273] [controller_server]: Controller frequency set to 10.0000Hz
[controller_server-1] [INFO] [1788266632.949164641] [local_costmap.local_costmap]: Configuring
[costmap_3d_markers-8] [INFO] [1788266632.950287441] [costmap_3d_markers]: costmap_3d_markers up (visualization only)
[controller_server-1] [INFO] [1788266632.960628703] [local_costmap.local_costmap]: Using plugin "obstacle_layer"
[controller_server-1] [INFO] [1788266632.967883454] [local_costmap.local_costmap]: Subscribed to Topics: lidar_cloud dynamic_cloud
[controller_server-1] [INFO] [1788266632.972548692] [local_costmap.local_costmap]: Initialized plugin "obstacle_layer"
[controller_server-1] [INFO] [1788266632.972577288] [local_costmap.local_costmap]: Using plugin "inflation_layer"
[controller_server-1] [INFO] [1788266632.972945860] [local_costmap.local_costmap]: Initialized plugin "inflation_layer"
[controller_server-1] [INFO] [1788266633.003103310] [controller_server]: Created progress_checker : progress_checker of type nav2_controller::SimpleProgressChecker
[controller_server-1] [INFO] [1788266633.003489430] [controller_server]: Controller Server has progress_checker  progress checkers available.
[controller_server-1] [INFO] [1788266633.004323222] [controller_server]: Created goal checker : general_goal_checker of type nav2_controller::SimpleGoalChecker
[controller_server-1] [INFO] [1788266633.004598983] [controller_server]: Controller Server has general_goal_checker  goal checkers available.
[controller_server-1] [INFO] [1788266633.006878738] [controller_server]: Created controller : FollowPath of type nav2_regulated_pure_pursuit_controller::RegulatedPurePursuitController
[controller_server-1] [INFO] [1788266633.013471462] [controller_server]: Controller Server has FollowPath  controllers available.
[lifecycle_manager-10] [INFO] [1788266633.023825553] [lifecycle_manager_navigation]: [34m[1mConfiguring planner_server[0m[0m
[planner_server-2] [INFO] [1788266633.024005572] [planner_server]: Configuring
[planner_server-2] [INFO] [1788266633.024030408] [global_costmap.global_costmap]: Configuring
[planner_server-2] [INFO] [1788266633.031741157] [global_costmap.global_costmap]: Using plugin "obstacle_layer"
[planner_server-2] [INFO] [1788266633.036143727] [global_costmap.global_costmap]: Subscribed to Topics: lidar_cloud dynamic_cloud
[planner_server-2] [INFO] [1788266633.043989742] [global_costmap.global_costmap]: Initialized plugin "obstacle_layer"
[planner_server-2] [INFO] [1788266633.044047252] [global_costmap.global_costmap]: Using plugin "inflation_layer"
[planner_server-2] [INFO] [1788266633.044774226] [global_costmap.global_costmap]: Initialized plugin "inflation_layer"
[planner_server-2] [INFO] [1788266633.081080369] [planner_server]: Created global planner plugin GridBased of type nav2_smac_planner::SmacPlannerHybrid
[planner_server-2] [INFO] [1788266633.081183345] [planner_server]: Configuring GridBased of type SmacPlannerHybrid
[planner_server-2] [INFO] [1788266633.083385551] [planner_server]: Even sized heuristic lookup table size set 40.000000, increasing size by 1 to make odd
[planner_server-2] [ERROR] [1788266633.083453706] [planner_server]: Inflation layer either not found or inflation is not set sufficiently for optimized non-circular collision checking capabilities. It is HIGHLY recommended to set the inflation radius to be at MINIMUM half of the robot's largest cross-section. See github.com/ros-planning/navigation2/tree/main/nav2_smac_planner#potential-fields for full instructions. This will substantially impact run-time performance.
[planner_server-2] [INFO] [1788266633.107299758] [planner_server]: Configured plugin GridBased of type SmacPlannerHybrid with maximum iterations 300000, max on approach iterations 1000, and allowing unknown traversal. Tolerance 2.00.Using motion model: Dubin.
[planner_server-2] [INFO] [1788266633.107346805] [planner_server]: Planner Server has GridBased  planners available.
[lifecycle_manager-10] [INFO] [1788266633.118157904] [lifecycle_manager_navigation]: [34m[1mConfiguring behavior_server[0m[0m
[behavior_server-4] [INFO] [1788266633.118644245] [behavior_server]: Configuring
[behavior_server-4] [INFO] [1788266633.124535710] [behavior_server]: Creating behavior plugin spin of type nav2_behaviors::Spin
[behavior_server-4] [INFO] [1788266633.127246942] [behavior_server]: Creating behavior plugin drive_on_heading of type nav2_behaviors::DriveOnHeading
[behavior_server-4] [INFO] [1788266633.128815335] [behavior_server]: Creating behavior plugin wait of type nav2_behaviors::Wait
[behavior_server-4] [INFO] [1788266633.137284224] [behavior_server]: Configuring spin
[behavior_server-4] [INFO] [1788266633.143149881] [behavior_server]: Configuring drive_on_heading
[behavior_server-4] [INFO] [1788266633.148326636] [behavior_server]: Configuring wait
[lifecycle_manager-10] [INFO] [1788266633.154447570] [lifecycle_manager_navigation]: [34m[1mConfiguring bt_navigator[0m[0m
[bt_navigator-5] [INFO] [1788266633.154646585] [bt_navigator]: Configuring
[bt_navigator-5] [INFO] [1788266633.162798077] [bt_navigator]: Creating navigator id navigate_to_pose of type nav2_bt_navigator::NavigateToPoseNavigator
[bt_navigator-5] [WARN] [1788266633.168089382] [bt_navigator]: Error_code parameters were not set. Using default values of: follow_path_error_code compute_path_error_code
[bt_navigator-5] Make sure these match your BT and there are not other sources of error codes youreported to your application
[bt_navigator-5] [INFO] [1788266633.274337015] [bt_navigator]: Creating navigator id navigate_through_poses of type nav2_bt_navigator::NavigateThroughPosesNavigator
[lifecycle_manager-10] [INFO] [1788266633.299865615] [lifecycle_manager_navigation]: [34m[1mConfiguring waypoint_follower[0m[0m
[waypoint_follower-6] [INFO] [1788266633.300191183] [waypoint_follower]: Configuring
[waypoint_follower-6] [INFO] [1788266633.332560638] [waypoint_follower]: Created waypoint_task_executor : wait_at_waypoint of type nav2_waypoint_follower::WaitAtWaypoint
[waypoint_follower-6] [INFO] [1788266633.332893457] [waypoint_follower]: Waypoint pause duration is set to zero, disabling task executor plugin.
[lifecycle_manager-10] [INFO] [1788266633.333583166] [lifecycle_manager_navigation]: [34m[1mConfiguring velocity_smoother[0m[0m
[velocity_smoother-7] [INFO] [1788266633.333815266] [velocity_smoother]: Configuring velocity smoother
[lifecycle_manager-10] [INFO] [1788266633.338134616] [lifecycle_manager_navigation]: [34m[1mConfiguring smoother_server[0m[0m
[smoother_server-3] [INFO] [1788266633.338480898] [smoother_server]: Configuring smoother server
[smoother_server-3] [INFO] [1788266633.355815263] [smoother_server]: Created smoother : simple_smoother of type nav2_smoother::SimpleSmoother
[smoother_server-3] [INFO] [1788266633.357029239] [smoother_server]: Smoother Server has simple_smoother  smoothers available.
[lifecycle_manager-10] [INFO] [1788266633.366998082] [lifecycle_manager_navigation]: [34m[1mActivating controller_server[0m[0m
[controller_server-1] [INFO] [1788266633.367180762] [controller_server]: Activating
[controller_server-1] [INFO] [1788266633.367216679] [local_costmap.local_costmap]: Activating
[controller_server-1] [INFO] [1788266633.367228979] [local_costmap.local_costmap]: Checking transform
[controller_server-1] [INFO] [1788266633.367271208] [local_costmap.local_costmap]: Timed out waiting for transform from wamv/wamv/base_link to camera_init to become available, tf error: Invalid frame ID "camera_init" passed to canTransform argument target_frame - frame does not exist
[controller_server-1] [INFO] [1788266633.867322809] [local_costmap.local_costmap]: Timed out waiting for transform from wamv/wamv/base_link to camera_init to become available, tf error: Invalid frame ID "camera_init" passed to canTransform argument target_frame - frame does not exist
[controller_server-1] [INFO] [1788266634.367340756] [local_costmap.local_costmap]: Timed out waiting for transform from wamv/wamv/base_link to camera_init to become available, tf error: Invalid frame ID "camera_init" passed to canTransform argument target_frame - frame does not exist
[controller_server-1] [INFO] [1788266634.867426524] [local_costmap.local_costmap]: start
[controller_server-1] [INFO] [1788266635.119693390] [controller_server]: Activating controller: FollowPath of type regulated_pure_pursuit_controller::RegulatedPurePursuitController
[controller_server-1] [INFO] [1788266635.119751317] [controller_server]: Creating bond (controller_server) to lifecycle manager.
[lifecycle_manager-10] [INFO] [1788266635.227777818] [lifecycle_manager_navigation]: Server controller_server connected with bond.
[lifecycle_manager-10] [INFO] [1788266635.227851101] [lifecycle_manager_navigation]: [34m[1mActivating planner_server[0m[0m
[planner_server-2] [INFO] [1788266635.228191452] [planner_server]: Activating
[planner_server-2] [INFO] [1788266635.228326423] [global_costmap.global_costmap]: Activating
[planner_server-2] [INFO] [1788266635.228336552] [global_costmap.global_costmap]: Checking transform
[planner_server-2] [INFO] [1788266635.228440714] [global_costmap.global_costmap]: start
[planner_server-2] [INFO] [1788266636.230324504] [planner_server]: Activating plugin GridBased of type SmacPlannerHybrid
[planner_server-2] [INFO] [1788266636.234145359] [planner_server]: Creating bond (planner_server) to lifecycle manager.
[lifecycle_manager-10] [INFO] [1788266636.338377831] [lifecycle_manager_navigation]: Server planner_server connected with bond.
[lifecycle_manager-10] [INFO] [1788266636.338414883] [lifecycle_manager_navigation]: [34m[1mActivating behavior_server[0m[0m
[behavior_server-4] [INFO] [1788266636.338805105] [behavior_server]: Activating
[behavior_server-4] [INFO] [1788266636.338842056] [behavior_server]: Activating spin
[behavior_server-4] [INFO] [1788266636.338859833] [behavior_server]: Activating drive_on_heading
[behavior_server-4] [INFO] [1788266636.338873552] [behavior_server]: Activating wait
[behavior_server-4] [INFO] [1788266636.338893019] [behavior_server]: Creating bond (behavior_server) to lifecycle manager.
[lifecycle_manager-10] [INFO] [1788266636.445511467] [lifecycle_manager_navigation]: Server behavior_server connected with bond.
[lifecycle_manager-10] [INFO] [1788266636.445561905] [lifecycle_manager_navigation]: [34m[1mActivating bt_navigator[0m[0m
[bt_navigator-5] [INFO] [1788266636.445825528] [bt_navigator]: Activating
[bt_navigator-5] [INFO] [1788266636.510650330] [bt_navigator]: Creating bond (bt_navigator) to lifecycle manager.
[lifecycle_manager-10] [INFO] [1788266636.617716062] [lifecycle_manager_navigation]: Server bt_navigator connected with bond.
[lifecycle_manager-10] [INFO] [1788266636.617775286] [lifecycle_manager_navigation]: [34m[1mActivating waypoint_follower[0m[0m
[waypoint_follower-6] [INFO] [1788266636.618152975] [waypoint_follower]: Activating
[waypoint_follower-6] [INFO] [1788266636.618203081] [waypoint_follower]: Creating bond (waypoint_follower) to lifecycle manager.
[lifecycle_manager-10] [INFO] [1788266636.729244869] [lifecycle_manager_navigation]: Server waypoint_follower connected with bond.
[lifecycle_manager-10] [INFO] [1788266636.729285725] [lifecycle_manager_navigation]: [34m[1mActivating velocity_smoother[0m[0m
[velocity_smoother-7] [INFO] [1788266636.729697989] [velocity_smoother]: Activating
[velocity_smoother-7] [INFO] [1788266636.729789144] [velocity_smoother]: Creating bond (velocity_smoother) to lifecycle manager.
[lifecycle_manager-10] [INFO] [1788266636.838753774] [lifecycle_manager_navigation]: Server velocity_smoother connected with bond.
[lifecycle_manager-10] [INFO] [1788266636.838802333] [lifecycle_manager_navigation]: [34m[1mActivating smoother_server[0m[0m
[smoother_server-3] [INFO] [1788266636.839099469] [smoother_server]: Activating
[smoother_server-3] [INFO] [1788266636.839134117] [smoother_server]: Creating bond (smoother_server) to lifecycle manager.
[lifecycle_manager-10] [INFO] [1788266636.946257942] [lifecycle_manager_navigation]: Server smoother_server connected with bond.
[lifecycle_manager-10] [INFO] [1788266636.946334944] [lifecycle_manager_navigation]: [34m[1mManaged nodes are active[0m[0m
[lifecycle_manager-10] [INFO] [1788266636.946358650] [lifecycle_manager_navigation]: [34m[1mCreating bond timer...[0m[0m
[bt_navigator-5] [INFO] [1788266975.469686145] [bt_navigator]: Begin navigating from current location (-0.34, 0.37) to (18.00, 0.00)
[planner_server-2] [ERROR] [1788266975.490245135] [planner_server]: Inflation layer either not found or inflation is not set sufficiently for optimized non-circular collision checking capabilities. It is HIGHLY recommended to set the inflation radius to be at MINIMUM half of the robot's largest cross-section. See github.com/ros-planning/navigation2/tree/main/nav2_smac_planner#potential-fields for full instructions. This will substantially impact run-time performance.
[click_to_goal-9] [INFO] [1788266975.490357705] [click_to_goal]: validated goal sent to NavigateToPose
[bt_navigator-5] [INFO] [1788266975.490817140] [bt_navigator]: Received goal preemption request
[click_to_goal-9] [INFO] [1788266975.490925120] [click_to_goal]: external goal accepted (18.00, 0.00)
[bt_navigator-5] [INFO] [1788266975.491025448] [bt_navigator]: Begin navigating from current location (-0.33, 0.37) to (18.00, 0.00)
[controller_server-1] [INFO] [1788266975.513437703] [controller_server]: Received a goal, begin computing control effort.
[controller_server-1] [WARN] [1788266975.513498932] [controller_server]: No goal checker was specified in parameter 'current_goal_checker'. Server will use only plugin loaded general_goal_checker . This warning will appear once.
[controller_server-1] [WARN] [1788266975.513514449] [controller_server]: No progress checker was specified in parameter 'current_progress_checker'. Server will use only plugin loaded progress_checker . This warning will appear once.
[planner_server-2] [ERROR] [1788266979.521527855] [planner_server]: Inflation layer either not found or inflation is not set sufficiently for optimized non-circular collision checking capabilities. It is HIGHLY recommended to set the inflation radius to be at MINIMUM half of the robot's largest cross-section. See github.com/ros-planning/navigation2/tree/main/nav2_smac_planner#potential-fields for full instructions. This will substantially impact run-time performance.
[controller_server-1] [INFO] [1788266979.613620560] [controller_server]: Passing new path to controller.
[planner_server-2] [ERROR] [1788266983.551251544] [planner_server]: Inflation layer either not found or inflation is not set sufficiently for optimized non-circular collision checking capabilities. It is HIGHLY recommended to set the inflation radius to be at MINIMUM half of the robot's largest cross-section. See github.com/ros-planning/navigation2/tree/main/nav2_smac_planner#potential-fields for full instructions. This will substantially impact run-time performance.
[controller_server-1] [INFO] [1788266983.613622046] [controller_server]: Passing new path to controller.
[controller_server-1] [WARN] [1788266984.034751128] [controller_server]: Control loop missed its desired rate of 10.0000 Hz. Current loop rate is 3.4722 Hz.
[planner_server-2] [ERROR] [1788266987.575806716] [planner_server]: Inflation layer either not found or inflation is not set sufficiently for optimized non-circular collision checking capabilities. It is HIGHLY recommended to set the inflation radius to be at MINIMUM half of the robot's largest cross-section. See github.com/ros-planning/navigation2/tree/main/nav2_smac_planner#potential-fields for full instructions. This will substantially impact run-time performance.
[controller_server-1] [INFO] [1788266987.634913229] [controller_server]: Passing new path to controller.
[controller_server-1] [WARN] [1788266990.035327417] [controller_server]: Control loop missed its desired rate of 10.0000 Hz. Current loop rate is inf Hz.
[planner_server-2] [ERROR] [1788266991.596030487] [planner_server]: Inflation layer either not found or inflation is not set sufficiently for optimized non-circular collision checking capabilities. It is HIGHLY recommended to set the inflation radius to be at MINIMUM half of the robot's largest cross-section. See github.com/ros-planning/navigation2/tree/main/nav2_smac_planner#potential-fields for full instructions. This will substantially impact run-time performance.
[controller_server-1] [INFO] [1788266991.635457305] [controller_server]: Passing new path to controller.
[planner_server-2] [ERROR] [1788266995.626155043] [planner_server]: Inflation layer either not found or inflation is not set sufficiently for optimized non-circular collision checking capabilities. It is HIGHLY recommended to set the inflation radius to be at MINIMUM half of the robot's largest cross-section. See github.com/ros-planning/navigation2/tree/main/nav2_smac_planner#potential-fields for full instructions. This will substantially impact run-time performance.
[controller_server-1] [INFO] [1788266995.735454318] [controller_server]: Passing new path to controller.
[controller_server-1] [WARN] [1788266996.035558231] [controller_server]: Control loop missed its desired rate of 10.0000 Hz. Current loop rate is 3.3784 Hz.
[planner_server-2] [ERROR] [1788266999.645886159] [planner_server]: Inflation layer either not found or inflation is not set sufficiently for optimized non-circular collision checking capabilities. It is HIGHLY recommended to set the inflation radius to be at MINIMUM half of the robot's largest cross-section. See github.com/ros-planning/navigation2/tree/main/nav2_smac_planner#potential-fields for full instructions. This will substantially impact run-time performance.
[controller_server-1] [INFO] [1788266999.735707275] [controller_server]: Passing new path to controller.
[planner_server-2] [ERROR] [1788267003.677785567] [planner_server]: Inflation layer either not found or inflation is not set sufficiently for optimized non-circular collision checking capabilities. It is HIGHLY recommended to set the inflation radius to be at MINIMUM half of the robot's largest cross-section. See github.com/ros-planning/navigation2/tree/main/nav2_smac_planner#potential-fields for full instructions. This will substantially impact run-time performance.
[controller_server-1] [INFO] [1788267003.735706957] [controller_server]: Passing new path to controller.
[controller_server-1] [WARN] [1788267007.966307014] [controller_server]: Control loop missed its desired rate of 10.0000 Hz. Current loop rate is inf Hz.
[planner_server-2] [ERROR] [1788267007.976048246] [planner_server]: Inflation layer either not found or inflation is not set sufficiently for optimized non-circular collision checking capabilities. It is HIGHLY recommended to set the inflation radius to be at MINIMUM half of the robot's largest cross-section. See github.com/ros-planning/navigation2/tree/main/nav2_smac_planner#potential-fields for full instructions. This will substantially impact run-time performance.
[bt_navigator-5] [WARN] [1788267007.988201373] [bt_navigator_navigate_to_pose_rclcpp_node]: Timed out while waiting for action server to acknowledge goal request for compute_path_to_pose
[bt_navigator-5] [ERROR] [1788267008.009448015] [bt_navigator_navigate_to_pose_rclcpp_node]: Failed to get result for follow_path in node halt!
[bt_navigator-5] [WARN] [1788267008.009635365] [bt_navigator]: [navigate_to_pose] [ActionServer] Aborting handle.
[bt_navigator-5] [ERROR] [1788267008.009781366] [bt_navigator]: Goal failed
[click_to_goal-9] [INFO] [1788267008.011304804] [click_to_goal]: NavigateToPose finished: ABORTED (status=6)
[controller_server-1] [INFO] [1788267008.066451044] [controller_server]: Cancellation was successful. Stopping the robot.
[controller_server-1] [INFO] [1788267008.066535120] [controller_server]: [follow_path] [ActionServer] Client requested to cancel the goal. Cancelling.
