[INFO] [launch]: All log files can be found below /home/jkjkzhang/lidar_project/.usv_logs/ros/2026-09-01-11-48-27-093532-jkjkzhang-TX-Gaming-FX608JPR-FX608JPR-49382
[INFO] [launch]: Default logging verbosity is set to INFO
[INFO] [controller_server-1]: process started with pid [49624]
[INFO] [planner_server-2]: process started with pid [49625]
[INFO] [smoother_server-3]: process started with pid [49626]
[INFO] [behavior_server-4]: process started with pid [49627]
[INFO] [bt_navigator-5]: process started with pid [49628]
[INFO] [waypoint_follower-6]: process started with pid [49629]
[INFO] [velocity_smoother-7]: process started with pid [49630]
[INFO] [costmap_3d_markers-8]: process started with pid [49631]
[INFO] [click_to_goal-9]: process started with pid [49632]
[INFO] [lifecycle_manager-10]: process started with pid [49633]
[bt_navigator-5] [INFO] [1788234510.421036805] [bt_navigator]: 
[bt_navigator-5] 	bt_navigator lifecycle node launched. 
[bt_navigator-5] 	Waiting on external lifecycle transitions to activate
[bt_navigator-5] 	See https://design.ros2.org/articles/node_lifecycle.html for more information.
[velocity_smoother-7] [INFO] [1788234510.437053449] [velocity_smoother]: 
[velocity_smoother-7] 	velocity_smoother lifecycle node launched. 
[velocity_smoother-7] 	Waiting on external lifecycle transitions to activate
[velocity_smoother-7] 	See https://design.ros2.org/articles/node_lifecycle.html for more information.
[bt_navigator-5] [INFO] [1788234510.438918914] [bt_navigator]: Creating
[planner_server-2] [INFO] [1788234510.459790939] [planner_server]: 
[planner_server-2] 	planner_server lifecycle node launched. 
[planner_server-2] 	Waiting on external lifecycle transitions to activate
[planner_server-2] 	See https://design.ros2.org/articles/node_lifecycle.html for more information.
[planner_server-2] [INFO] [1788234510.475610837] [planner_server]: Creating
[planner_server-2] [INFO] [1788234510.574146545] [global_costmap.global_costmap]: 
[planner_server-2] 	global_costmap lifecycle node launched. 
[planner_server-2] 	Waiting on external lifecycle transitions to activate
[planner_server-2] 	See https://design.ros2.org/articles/node_lifecycle.html for more information.
[planner_server-2] [INFO] [1788234510.580662516] [global_costmap.global_costmap]: Creating Costmap
[lifecycle_manager-10] [INFO] [1788234511.006094661] [lifecycle_manager_navigation]: Creating
[smoother_server-3] [INFO] [1788234511.119598811] [smoother_server]: 
[smoother_server-3] 	smoother_server lifecycle node launched. 
[smoother_server-3] 	Waiting on external lifecycle transitions to activate
[smoother_server-3] 	See https://design.ros2.org/articles/node_lifecycle.html for more information.
[lifecycle_manager-10] [INFO] [1788234511.136901386] [lifecycle_manager_navigation]: [34m[1mCreating and initializing lifecycle service clients[0m[0m
[smoother_server-3] [INFO] [1788234511.155792336] [smoother_server]: Creating smoother server
[waypoint_follower-6] [INFO] [1788234511.253962091] [waypoint_follower]: 
[waypoint_follower-6] 	waypoint_follower lifecycle node launched. 
[waypoint_follower-6] 	Waiting on external lifecycle transitions to activate
[waypoint_follower-6] 	See https://design.ros2.org/articles/node_lifecycle.html for more information.
[waypoint_follower-6] [INFO] [1788234511.272538765] [waypoint_follower]: Creating
[controller_server-1] [INFO] [1788234511.352316222] [controller_server]: 
[controller_server-1] 	controller_server lifecycle node launched. 
[controller_server-1] 	Waiting on external lifecycle transitions to activate
[controller_server-1] 	See https://design.ros2.org/articles/node_lifecycle.html for more information.
[controller_server-1] [INFO] [1788234511.395154996] [controller_server]: Creating controller server
[behavior_server-4] [INFO] [1788234511.655953689] [behavior_server]: 
[behavior_server-4] 	behavior_server lifecycle node launched. 
[behavior_server-4] 	Waiting on external lifecycle transitions to activate
[behavior_server-4] 	See https://design.ros2.org/articles/node_lifecycle.html for more information.
[controller_server-1] [INFO] [1788234511.867632487] [local_costmap.local_costmap]: 
[controller_server-1] 	local_costmap lifecycle node launched. 
[controller_server-1] 	Waiting on external lifecycle transitions to activate
[controller_server-1] 	See https://design.ros2.org/articles/node_lifecycle.html for more information.
[controller_server-1] [INFO] [1788234511.874700597] [local_costmap.local_costmap]: Creating Costmap
[lifecycle_manager-10] [INFO] [1788234512.988525581] [lifecycle_manager_navigation]: [34m[1mStarting managed nodes bringup...[0m[0m
[lifecycle_manager-10] [INFO] [1788234512.988797916] [lifecycle_manager_navigation]: [34m[1mConfiguring controller_server[0m[0m
[controller_server-1] [INFO] [1788234512.994412885] [controller_server]: Configuring controller interface
[controller_server-1] [INFO] [1788234512.994633616] [controller_server]: getting progress checker plugins..
[controller_server-1] [INFO] [1788234512.995986694] [controller_server]: getting goal checker plugins..
[controller_server-1] [INFO] [1788234513.002535118] [controller_server]: Controller frequency set to 10.0000Hz
[controller_server-1] [INFO] [1788234513.003049950] [local_costmap.local_costmap]: Configuring
[controller_server-1] [INFO] [1788234513.135235625] [local_costmap.local_costmap]: Using plugin "obstacle_layer"
[controller_server-1] [INFO] [1788234513.175730522] [local_costmap.local_costmap]: Subscribed to Topics: lidar_cloud dynamic_cloud
[controller_server-1] [INFO] [1788234513.259704263] [local_costmap.local_costmap]: Initialized plugin "obstacle_layer"
[controller_server-1] [INFO] [1788234513.260055437] [local_costmap.local_costmap]: Using plugin "inflation_layer"
[controller_server-1] [INFO] [1788234513.270172488] [local_costmap.local_costmap]: Initialized plugin "inflation_layer"
[controller_server-1] [INFO] [1788234513.491788088] [controller_server]: Created progress_checker : progress_checker of type nav2_controller::SimpleProgressChecker
[controller_server-1] [INFO] [1788234513.494887814] [controller_server]: Controller Server has progress_checker  progress checkers available.
[controller_server-1] [INFO] [1788234513.500223952] [controller_server]: Created goal checker : general_goal_checker of type nav2_controller::SimpleGoalChecker
[controller_server-1] [INFO] [1788234513.503942355] [controller_server]: Controller Server has general_goal_checker  goal checkers available.
[controller_server-1] [INFO] [1788234513.511569661] [controller_server]: Created controller : FollowPath of type nav2_regulated_pure_pursuit_controller::RegulatedPurePursuitController
[controller_server-1] [INFO] [1788234513.568081311] [controller_server]: Controller Server has FollowPath  controllers available.
[lifecycle_manager-10] [INFO] [1788234513.660868620] [lifecycle_manager_navigation]: [34m[1mConfiguring planner_server[0m[0m
[planner_server-2] [INFO] [1788234513.667099824] [planner_server]: Configuring
[planner_server-2] [INFO] [1788234513.667414497] [global_costmap.global_costmap]: Configuring
[planner_server-2] [INFO] [1788234513.782134591] [global_costmap.global_costmap]: Using plugin "obstacle_layer"
[planner_server-2] [INFO] [1788234513.828930946] [global_costmap.global_costmap]: Subscribed to Topics: lidar_cloud dynamic_cloud
[planner_server-2] [INFO] [1788234513.962952965] [global_costmap.global_costmap]: Initialized plugin "obstacle_layer"
[planner_server-2] [INFO] [1788234513.963245395] [global_costmap.global_costmap]: Using plugin "inflation_layer"
[planner_server-2] [INFO] [1788234513.974744017] [global_costmap.global_costmap]: Initialized plugin "inflation_layer"
[planner_server-2] [INFO] [1788234514.274724720] [planner_server]: Created global planner plugin GridBased of type nav2_smac_planner::SmacPlannerHybrid
[planner_server-2] [INFO] [1788234514.275200243] [planner_server]: Configuring GridBased of type SmacPlannerHybrid
[planner_server-2] [INFO] [1788234514.323982180] [planner_server]: Even sized heuristic lookup table size set 40.000000, increasing size by 1 to make odd
[planner_server-2] [ERROR] [1788234514.324352797] [computeCircumscribedCost]: The inflation radius (2.000000) is smaller than the circumscribed radius (3.502028) If this is an SE2-collision checking plugin, it cannot use costmap potential field to speed up collision checking by only checking the full footprint when robot is within possibly-inscribed radius of an obstacle. This may significantly slow down planning times!
[planner_server-2] [ERROR] [1788234514.324791176] [planner_server]: Inflation layer either not found or inflation is not set sufficiently for optimized non-circular collision checking capabilities. It is HIGHLY recommended to set the inflation radius to be at MINIMUM half of the robot's largest cross-section. See github.com/ros-planning/navigation2/tree/main/nav2_smac_planner#potential-fields for full instructions. This will substantially impact run-time performance.
[planner_server-2] [INFO] [1788234514.477095898] [planner_server]: Configured plugin GridBased of type SmacPlannerHybrid with maximum iterations 300000, max on approach iterations 1000, and allowing unknown traversal. Tolerance 2.00.Using motion model: Dubin.
[planner_server-2] [INFO] [1788234514.477383783] [planner_server]: Planner Server has GridBased  planners available.
[lifecycle_manager-10] [INFO] [1788234514.606213937] [lifecycle_manager_navigation]: [34m[1mConfiguring behavior_server[0m[0m
[behavior_server-4] [INFO] [1788234514.608435817] [behavior_server]: Configuring
[behavior_server-4] [INFO] [1788234514.652835604] [behavior_server]: Creating behavior plugin spin of type nav2_behaviors::Spin
[behavior_server-4] [INFO] [1788234514.665841824] [behavior_server]: Creating behavior plugin drive_on_heading of type nav2_behaviors::DriveOnHeading
[behavior_server-4] [INFO] [1788234514.680595053] [behavior_server]: Creating behavior plugin wait of type nav2_behaviors::Wait
[behavior_server-4] [INFO] [1788234514.783942404] [behavior_server]: Configuring spin
[behavior_server-4] [INFO] [1788234514.901820618] [behavior_server]: Configuring drive_on_heading
[behavior_server-4] [INFO] [1788234514.971541294] [behavior_server]: Configuring wait
[lifecycle_manager-10] [INFO] [1788234515.051131573] [lifecycle_manager_navigation]: [34m[1mConfiguring bt_navigator[0m[0m
[bt_navigator-5] [INFO] [1788234515.054266084] [bt_navigator]: Configuring
[bt_navigator-5] [INFO] [1788234515.141030852] [bt_navigator]: Creating navigator id navigate_to_pose of type nav2_bt_navigator::NavigateToPoseNavigator
[bt_navigator-5] [WARN] [1788234515.181110057] [bt_navigator]: Error_code parameters were not set. Using default values of: follow_path_error_code compute_path_error_code
[bt_navigator-5] Make sure these match your BT and there are not other sources of error codes youreported to your application
[costmap_3d_markers-8] [INFO] [1788234515.808779413] [costmap_3d_markers]: costmap_3d_markers up (visualization only)
[bt_navigator-5] [INFO] [1788234515.865343309] [bt_navigator]: Creating navigator id navigate_through_poses of type nav2_bt_navigator::NavigateThroughPosesNavigator
[lifecycle_manager-10] [INFO] [1788234516.110889155] [lifecycle_manager_navigation]: [34m[1mConfiguring waypoint_follower[0m[0m
[waypoint_follower-6] [INFO] [1788234516.113160085] [waypoint_follower]: Configuring
[waypoint_follower-6] [INFO] [1788234516.464294513] [waypoint_follower]: Created waypoint_task_executor : wait_at_waypoint of type nav2_waypoint_follower::WaitAtWaypoint
[waypoint_follower-6] [INFO] [1788234516.468087617] [waypoint_follower]: Waypoint pause duration is set to zero, disabling task executor plugin.
[lifecycle_manager-10] [INFO] [1788234516.472037584] [lifecycle_manager_navigation]: [34m[1mConfiguring velocity_smoother[0m[0m
[velocity_smoother-7] [INFO] [1788234516.474978784] [velocity_smoother]: Configuring velocity smoother
[lifecycle_manager-10] [INFO] [1788234516.522161550] [lifecycle_manager_navigation]: [34m[1mConfiguring smoother_server[0m[0m
[smoother_server-3] [INFO] [1788234516.524695987] [smoother_server]: Configuring smoother server
[smoother_server-3] [INFO] [1788234516.678591783] [smoother_server]: Created smoother : simple_smoother of type nav2_smoother::SimpleSmoother
[smoother_server-3] [INFO] [1788234516.687722227] [smoother_server]: Smoother Server has simple_smoother  smoothers available.
[lifecycle_manager-10] [INFO] [1788234516.799969149] [lifecycle_manager_navigation]: [34m[1mActivating controller_server[0m[0m
[controller_server-1] [INFO] [1788234516.802057474] [controller_server]: Activating
[controller_server-1] [INFO] [1788234516.802316322] [local_costmap.local_costmap]: Activating
[controller_server-1] [INFO] [1788234516.802373849] [local_costmap.local_costmap]: Checking transform
[controller_server-1] [INFO] [1788234516.803084050] [local_costmap.local_costmap]: start
[controller_server-1] [INFO] [1788234517.037174659] [controller_server]: Activating controller: FollowPath of type regulated_pure_pursuit_controller::RegulatedPurePursuitController
[controller_server-1] [INFO] [1788234517.037502805] [controller_server]: Creating bond (controller_server) to lifecycle manager.
[lifecycle_manager-10] [INFO] [1788234517.168133035] [lifecycle_manager_navigation]: Server controller_server connected with bond.
[lifecycle_manager-10] [INFO] [1788234517.168437637] [lifecycle_manager_navigation]: [34m[1mActivating planner_server[0m[0m
[planner_server-2] [INFO] [1788234517.174598729] [planner_server]: Activating
[planner_server-2] [INFO] [1788234517.174904788] [global_costmap.global_costmap]: Activating
[planner_server-2] [INFO] [1788234517.175059000] [global_costmap.global_costmap]: Checking transform
[planner_server-2] [INFO] [1788234517.175331929] [global_costmap.global_costmap]: Timed out waiting for transform from wamv/wamv/base_link to camera_init to become available, tf error: Invalid frame ID "camera_init" passed to canTransform argument target_frame - frame does not exist
[planner_server-2] [INFO] [1788234517.675958718] [global_costmap.global_costmap]: Timed out waiting for transform from wamv/wamv/base_link to camera_init to become available, tf error: Invalid frame ID "camera_init" passed to canTransform argument target_frame - frame does not exist
[click_to_goal-9] [INFO] [1788234517.782118258] [click_to_goal]: click_to_goal up: validated goals -> NavigateToPose, frame=camera_init, radius=2.8m, reject_unknown=True
[planner_server-2] [INFO] [1788234518.175387028] [global_costmap.global_costmap]: Timed out waiting for transform from wamv/wamv/base_link to camera_init to become available, tf error: Invalid frame ID "camera_init" passed to canTransform argument target_frame - frame does not exist
[planner_server-2] [INFO] [1788234518.675423575] [global_costmap.global_costmap]: Timed out waiting for transform from wamv/wamv/base_link to camera_init to become available, tf error: Invalid frame ID "camera_init" passed to canTransform argument target_frame - frame does not exist
[planner_server-2] [INFO] [1788234519.175407306] [global_costmap.global_costmap]: Timed out waiting for transform from wamv/wamv/base_link to camera_init to become available, tf error: Invalid frame ID "camera_init" passed to canTransform argument target_frame - frame does not exist
[planner_server-2] [INFO] [1788234519.675400913] [global_costmap.global_costmap]: Timed out waiting for transform from wamv/wamv/base_link to camera_init to become available, tf error: Invalid frame ID "camera_init" passed to canTransform argument target_frame - frame does not exist
[planner_server-2] [INFO] [1788234520.176099027] [global_costmap.global_costmap]: start
[planner_server-2] [INFO] [1788234521.201158108] [planner_server]: Activating plugin GridBased of type SmacPlannerHybrid
[planner_server-2] [INFO] [1788234521.245290550] [planner_server]: Creating bond (planner_server) to lifecycle manager.
[lifecycle_manager-10] [INFO] [1788234521.388724755] [lifecycle_manager_navigation]: Server planner_server connected with bond.
[lifecycle_manager-10] [INFO] [1788234521.389047351] [lifecycle_manager_navigation]: [34m[1mActivating behavior_server[0m[0m
[behavior_server-4] [INFO] [1788234521.391800498] [behavior_server]: Activating
[behavior_server-4] [INFO] [1788234521.391939874] [behavior_server]: Activating spin
[behavior_server-4] [INFO] [1788234521.391984960] [behavior_server]: Activating drive_on_heading
[behavior_server-4] [INFO] [1788234521.392080273] [behavior_server]: Activating wait
[behavior_server-4] [INFO] [1788234521.392144258] [behavior_server]: Creating bond (behavior_server) to lifecycle manager.
[lifecycle_manager-10] [INFO] [1788234521.525403285] [lifecycle_manager_navigation]: Server behavior_server connected with bond.
[lifecycle_manager-10] [INFO] [1788234521.525669007] [lifecycle_manager_navigation]: [34m[1mActivating bt_navigator[0m[0m
[bt_navigator-5] [INFO] [1788234521.528046423] [bt_navigator]: Activating
[bt_navigator-5] [INFO] [1788234522.256964141] [bt_navigator]: Creating bond (bt_navigator) to lifecycle manager.
[lifecycle_manager-10] [INFO] [1788234522.391147699] [lifecycle_manager_navigation]: Server bt_navigator connected with bond.
[lifecycle_manager-10] [INFO] [1788234522.391457587] [lifecycle_manager_navigation]: [34m[1mActivating waypoint_follower[0m[0m
[waypoint_follower-6] [INFO] [1788234522.394069603] [waypoint_follower]: Activating
[waypoint_follower-6] [INFO] [1788234522.394316756] [waypoint_follower]: Creating bond (waypoint_follower) to lifecycle manager.
[lifecycle_manager-10] [INFO] [1788234522.539418500] [lifecycle_manager_navigation]: Server waypoint_follower connected with bond.
[lifecycle_manager-10] [INFO] [1788234522.539789328] [lifecycle_manager_navigation]: [34m[1mActivating velocity_smoother[0m[0m
[velocity_smoother-7] [INFO] [1788234522.541916342] [velocity_smoother]: Activating
[velocity_smoother-7] [INFO] [1788234522.542273271] [velocity_smoother]: Creating bond (velocity_smoother) to lifecycle manager.
[lifecycle_manager-10] [INFO] [1788234522.683103175] [lifecycle_manager_navigation]: Server velocity_smoother connected with bond.
[lifecycle_manager-10] [INFO] [1788234522.683429140] [lifecycle_manager_navigation]: [34m[1mActivating smoother_server[0m[0m
[smoother_server-3] [INFO] [1788234522.685694123] [smoother_server]: Activating
[smoother_server-3] [INFO] [1788234522.685865172] [smoother_server]: Creating bond (smoother_server) to lifecycle manager.
[lifecycle_manager-10] [INFO] [1788234522.825387408] [lifecycle_manager_navigation]: Server smoother_server connected with bond.
[lifecycle_manager-10] [INFO] [1788234522.825670290] [lifecycle_manager_navigation]: [34m[1mManaged nodes are active[0m[0m
[lifecycle_manager-10] [INFO] [1788234522.825724893] [lifecycle_manager_navigation]: [34m[1mCreating bond timer...[0m[0m
[bt_navigator-5] [INFO] [1788235184.839165405] [bt_navigator]: Begin navigating from current location (-0.58, 0.67) to (11.00, 2.50)
[planner_server-2] [ERROR] [1788235184.840472394] [computeCircumscribedCost]: The inflation radius (2.000000) is smaller than the circumscribed radius (3.502028) If this is an SE2-collision checking plugin, it cannot use costmap potential field to speed up collision checking by only checking the full footprint when robot is within possibly-inscribed radius of an obstacle. This may significantly slow down planning times!
[planner_server-2] [ERROR] [1788235184.841638515] [planner_server]: Inflation layer either not found or inflation is not set sufficiently for optimized non-circular collision checking capabilities. It is HIGHLY recommended to set the inflation radius to be at MINIMUM half of the robot's largest cross-section. See github.com/ros-planning/navigation2/tree/main/nav2_smac_planner#potential-fields for full instructions. This will substantially impact run-time performance.
[click_to_goal-9] [INFO] [1788235184.841547027] [click_to_goal]: validated goal sent to NavigateToPose
[click_to_goal-9] [INFO] [1788235184.842077986] [click_to_goal]: external goal accepted (11.00, 2.50)
[bt_navigator-5] [INFO] [1788235184.849812208] [bt_navigator]: Received goal preemption request
[bt_navigator-5] [INFO] [1788235184.850062181] [bt_navigator]: Begin navigating from current location (-0.58, 0.67) to (11.00, 2.50)
[controller_server-1] [INFO] [1788235184.860268507] [controller_server]: Received a goal, begin computing control effort.
[controller_server-1] [WARN] [1788235184.860310460] [controller_server]: No goal checker was specified in parameter 'current_goal_checker'. Server will use only plugin loaded general_goal_checker . This warning will appear once.
[controller_server-1] [WARN] [1788235184.860321139] [controller_server]: No progress checker was specified in parameter 'current_progress_checker'. Server will use only plugin loaded progress_checker . This warning will appear once.
[planner_server-2] [ERROR] [1788235188.870219655] [computeCircumscribedCost]: The inflation radius (2.000000) is smaller than the circumscribed radius (3.502028) If this is an SE2-collision checking plugin, it cannot use costmap potential field to speed up collision checking by only checking the full footprint when robot is within possibly-inscribed radius of an obstacle. This may significantly slow down planning times!
[planner_server-2] [ERROR] [1788235188.870281033] [planner_server]: Inflation layer either not found or inflation is not set sufficiently for optimized non-circular collision checking capabilities. It is HIGHLY recommended to set the inflation radius to be at MINIMUM half of the robot's largest cross-section. See github.com/ros-planning/navigation2/tree/main/nav2_smac_planner#potential-fields for full instructions. This will substantially impact run-time performance.
[controller_server-1] [INFO] [1788235188.960418979] [controller_server]: Passing new path to controller.
[planner_server-2] [ERROR] [1788235192.900405850] [computeCircumscribedCost]: The inflation radius (2.000000) is smaller than the circumscribed radius (3.502028) If this is an SE2-collision checking plugin, it cannot use costmap potential field to speed up collision checking by only checking the full footprint when robot is within possibly-inscribed radius of an obstacle. This may significantly slow down planning times!
[planner_server-2] [ERROR] [1788235192.900477729] [planner_server]: Inflation layer either not found or inflation is not set sufficiently for optimized non-circular collision checking capabilities. It is HIGHLY recommended to set the inflation radius to be at MINIMUM half of the robot's largest cross-section. See github.com/ros-planning/navigation2/tree/main/nav2_smac_planner#potential-fields for full instructions. This will substantially impact run-time performance.
[controller_server-1] [INFO] [1788235192.960479729] [controller_server]: Passing new path to controller.
[planner_server-2] [ERROR] [1788235196.929877566] [computeCircumscribedCost]: The inflation radius (2.000000) is smaller than the circumscribed radius (3.502028) If this is an SE2-collision checking plugin, it cannot use costmap potential field to speed up collision checking by only checking the full footprint when robot is within possibly-inscribed radius of an obstacle. This may significantly slow down planning times!
[planner_server-2] [ERROR] [1788235196.929947551] [planner_server]: Inflation layer either not found or inflation is not set sufficiently for optimized non-circular collision checking capabilities. It is HIGHLY recommended to set the inflation radius to be at MINIMUM half of the robot's largest cross-section. See github.com/ros-planning/navigation2/tree/main/nav2_smac_planner#potential-fields for full instructions. This will substantially impact run-time performance.
[controller_server-1] [INFO] [1788235196.960412251] [controller_server]: Passing new path to controller.
[planner_server-2] [ERROR] [1788235200.960038663] [computeCircumscribedCost]: The inflation radius (2.000000) is smaller than the circumscribed radius (3.502028) If this is an SE2-collision checking plugin, it cannot use costmap potential field to speed up collision checking by only checking the full footprint when robot is within possibly-inscribed radius of an obstacle. This may significantly slow down planning times!
[planner_server-2] [ERROR] [1788235200.960188618] [planner_server]: Inflation layer either not found or inflation is not set sufficiently for optimized non-circular collision checking capabilities. It is HIGHLY recommended to set the inflation radius to be at MINIMUM half of the robot's largest cross-section. See github.com/ros-planning/navigation2/tree/main/nav2_smac_planner#potential-fields for full instructions. This will substantially impact run-time performance.
[controller_server-1] [INFO] [1788235201.060443695] [controller_server]: Passing new path to controller.
[planner_server-2] [ERROR] [1788235204.970064139] [computeCircumscribedCost]: The inflation radius (2.000000) is smaller than the circumscribed radius (3.502028) If this is an SE2-collision checking plugin, it cannot use costmap potential field to speed up collision checking by only checking the full footprint when robot is within possibly-inscribed radius of an obstacle. This may significantly slow down planning times!
[planner_server-2] [ERROR] [1788235204.970133559] [planner_server]: Inflation layer either not found or inflation is not set sufficiently for optimized non-circular collision checking capabilities. It is HIGHLY recommended to set the inflation radius to be at MINIMUM half of the robot's largest cross-section. See github.com/ros-planning/navigation2/tree/main/nav2_smac_planner#potential-fields for full instructions. This will substantially impact run-time performance.
[controller_server-1] [INFO] [1788235205.060432238] [controller_server]: Passing new path to controller.
[planner_server-2] [ERROR] [1788235209.000005855] [computeCircumscribedCost]: The inflation radius (2.000000) is smaller than the circumscribed radius (3.502028) If this is an SE2-collision checking plugin, it cannot use costmap potential field to speed up collision checking by only checking the full footprint when robot is within possibly-inscribed radius of an obstacle. This may significantly slow down planning times!
[planner_server-2] [ERROR] [1788235209.000073340] [planner_server]: Inflation layer either not found or inflation is not set sufficiently for optimized non-circular collision checking capabilities. It is HIGHLY recommended to set the inflation radius to be at MINIMUM half of the robot's largest cross-section. See github.com/ros-planning/navigation2/tree/main/nav2_smac_planner#potential-fields for full instructions. This will substantially impact run-time performance.
[controller_server-1] [INFO] [1788235209.060422642] [controller_server]: Passing new path to controller.
[planner_server-2] [ERROR] [1788235213.029785508] [computeCircumscribedCost]: The inflation radius (2.000000) is smaller than the circumscribed radius (3.502028) If this is an SE2-collision checking plugin, it cannot use costmap potential field to speed up collision checking by only checking the full footprint when robot is within possibly-inscribed radius of an obstacle. This may significantly slow down planning times!
[planner_server-2] [ERROR] [1788235213.029842848] [planner_server]: Inflation layer either not found or inflation is not set sufficiently for optimized non-circular collision checking capabilities. It is HIGHLY recommended to set the inflation radius to be at MINIMUM half of the robot's largest cross-section. See github.com/ros-planning/navigation2/tree/main/nav2_smac_planner#potential-fields for full instructions. This will substantially impact run-time performance.
[controller_server-1] [INFO] [1788235213.060412721] [controller_server]: Passing new path to controller.
[controller_server-1] [ERROR] [1788235215.160894060] [controller_server]: Failed to make progress
[controller_server-1] [WARN] [1788235215.161055780] [controller_server]: [follow_path] [ActionServer] Aborting handle.
[controller_server-1] [INFO] [1788235215.179717508] [local_costmap.local_costmap]: Received request to clear entirely the local_costmap
[controller_server-1] [INFO] [1788235215.180204234] [controller_server]: Received a goal, begin computing control effort.
[planner_server-2] [ERROR] [1788235217.049980007] [computeCircumscribedCost]: The inflation radius (2.000000) is smaller than the circumscribed radius (3.502028) If this is an SE2-collision checking plugin, it cannot use costmap potential field to speed up collision checking by only checking the full footprint when robot is within possibly-inscribed radius of an obstacle. This may significantly slow down planning times!
[planner_server-2] [ERROR] [1788235217.050064091] [planner_server]: Inflation layer either not found or inflation is not set sufficiently for optimized non-circular collision checking capabilities. It is HIGHLY recommended to set the inflation radius to be at MINIMUM half of the robot's largest cross-section. See github.com/ros-planning/navigation2/tree/main/nav2_smac_planner#potential-fields for full instructions. This will substantially impact run-time performance.
[controller_server-1] [INFO] [1788235217.080317214] [controller_server]: Passing new path to controller.
[planner_server-2] [ERROR] [1788235221.070277522] [computeCircumscribedCost]: The inflation radius (2.000000) is smaller than the circumscribed radius (3.502028) If this is an SE2-collision checking plugin, it cannot use costmap potential field to speed up collision checking by only checking the full footprint when robot is within possibly-inscribed radius of an obstacle. This may significantly slow down planning times!
[planner_server-2] [ERROR] [1788235221.070345246] [planner_server]: Inflation layer either not found or inflation is not set sufficiently for optimized non-circular collision checking capabilities. It is HIGHLY recommended to set the inflation radius to be at MINIMUM half of the robot's largest cross-section. See github.com/ros-planning/navigation2/tree/main/nav2_smac_planner#potential-fields for full instructions. This will substantially impact run-time performance.
[controller_server-1] [INFO] [1788235221.180322149] [controller_server]: Passing new path to controller.
[controller_server-1] [ERROR] [1788235224.380375575] [controller_server]: Failed to make progress
[controller_server-1] [WARN] [1788235224.380506062] [controller_server]: [follow_path] [ActionServer] Aborting handle.
[controller_server-1] [INFO] [1788235224.399656067] [local_costmap.local_costmap]: Received request to clear entirely the local_costmap
[planner_server-2] [INFO] [1788235224.399958620] [global_costmap.global_costmap]: Received request to clear entirely the global_costmap
[behavior_server-4] [INFO] [1788235224.400921654] [behavior_server]: Running wait
[behavior_server-4] [INFO] [1788235226.701062497] [behavior_server]: wait completed successfully
[planner_server-2] [ERROR] [1788235226.720039089] [computeCircumscribedCost]: The inflation radius (2.000000) is smaller than the circumscribed radius (3.502028) If this is an SE2-collision checking plugin, it cannot use costmap potential field to speed up collision checking by only checking the full footprint when robot is within possibly-inscribed radius of an obstacle. This may significantly slow down planning times!
[planner_server-2] [ERROR] [1788235226.720149419] [planner_server]: Inflation layer either not found or inflation is not set sufficiently for optimized non-circular collision checking capabilities. It is HIGHLY recommended to set the inflation radius to be at MINIMUM half of the robot's largest cross-section. See github.com/ros-planning/navigation2/tree/main/nav2_smac_planner#potential-fields for full instructions. This will substantially impact run-time performance.
[controller_server-1] [INFO] [1788235226.740053771] [controller_server]: Received a goal, begin computing control effort.
[planner_server-2] [ERROR] [1788235230.749821160] [computeCircumscribedCost]: The inflation radius (2.000000) is smaller than the circumscribed radius (3.502028) If this is an SE2-collision checking plugin, it cannot use costmap potential field to speed up collision checking by only checking the full footprint when robot is within possibly-inscribed radius of an obstacle. This may significantly slow down planning times!
[planner_server-2] [ERROR] [1788235230.749891104] [planner_server]: Inflation layer either not found or inflation is not set sufficiently for optimized non-circular collision checking capabilities. It is HIGHLY recommended to set the inflation radius to be at MINIMUM half of the robot's largest cross-section. See github.com/ros-planning/navigation2/tree/main/nav2_smac_planner#potential-fields for full instructions. This will substantially impact run-time performance.
[controller_server-1] [INFO] [1788235230.840192469] [controller_server]: Passing new path to controller.
[planner_server-2] [ERROR] [1788235234.779717452] [computeCircumscribedCost]: The inflation radius (2.000000) is smaller than the circumscribed radius (3.502028) If this is an SE2-collision checking plugin, it cannot use costmap potential field to speed up collision checking by only checking the full footprint when robot is within possibly-inscribed radius of an obstacle. This may significantly slow down planning times!
[planner_server-2] [ERROR] [1788235234.779789223] [planner_server]: Inflation layer either not found or inflation is not set sufficiently for optimized non-circular collision checking capabilities. It is HIGHLY recommended to set the inflation radius to be at MINIMUM half of the robot's largest cross-section. See github.com/ros-planning/navigation2/tree/main/nav2_smac_planner#potential-fields for full instructions. This will substantially impact run-time performance.
[controller_server-1] [INFO] [1788235234.840200099] [controller_server]: Passing new path to controller.
[controller_server-1] [ERROR] [1788235235.940243926] [controller_server]: Failed to make progress
[controller_server-1] [WARN] [1788235235.940379688] [controller_server]: [follow_path] [ActionServer] Aborting handle.
[controller_server-1] [INFO] [1788235235.959783950] [local_costmap.local_costmap]: Received request to clear entirely the local_costmap
[controller_server-1] [INFO] [1788235235.960199604] [controller_server]: Received a goal, begin computing control effort.
[planner_server-2] [ERROR] [1788235238.810113029] [computeCircumscribedCost]: The inflation radius (2.000000) is smaller than the circumscribed radius (3.502028) If this is an SE2-collision checking plugin, it cannot use costmap potential field to speed up collision checking by only checking the full footprint when robot is within possibly-inscribed radius of an obstacle. This may significantly slow down planning times!
[planner_server-2] [ERROR] [1788235238.810205664] [planner_server]: Inflation layer either not found or inflation is not set sufficiently for optimized non-circular collision checking capabilities. It is HIGHLY recommended to set the inflation radius to be at MINIMUM half of the robot's largest cross-section. See github.com/ros-planning/navigation2/tree/main/nav2_smac_planner#potential-fields for full instructions. This will substantially impact run-time performance.
[planner_server-2] [WARN] [1788235238.810546522] [planner_server]: GridBased plugin failed to plan from (1.12, 0.61) to (11.00, 2.50): "Start occupied"
[planner_server-2] [WARN] [1788235238.810575901] [planner_server]: [compute_path_to_pose] [ActionServer] Aborting handle.
[bt_navigator-5] [ERROR] [1788235238.850296869] [bt_navigator_navigate_to_pose_rclcpp_node]: Failed to get result for follow_path in node halt!
[bt_navigator-5] [WARN] [1788235238.850520790] [bt_navigator]: [navigate_to_pose] [ActionServer] Aborting handle.
[bt_navigator-5] [ERROR] [1788235238.850695811] [bt_navigator]: Goal failed
[click_to_goal-9] [INFO] [1788235238.851929800] [click_to_goal]: NavigateToPose finished: ABORTED (status=6)
[controller_server-1] [INFO] [1788235238.860340303] [controller_server]: Cancellation was successful. Stopping the robot.
[controller_server-1] [INFO] [1788235238.860427139] [controller_server]: [follow_path] [ActionServer] Client requested to cancel the goal. Cancelling.
